ffmpeg version 9.0.1-full_build-www.gyan.dev Copyright (c) 2000-2026 the FFmpeg developers
  built with gcc 16.1.0 (Rev2, Built by MSYS2 project)
  configuration: --enable-gpl --enable-version3 --enable-static --disable-w32threads --disable-autodetect --enable-cairo --enable-fontconfig --enable-iconv --enable-gnutls --enable-lcms2 --enable-libxml2 --enable-gmp --enable-bzlib --enable-lzma --enable-libsnappy --enable-zlib --enable-librist --enable-libsrt --enable-libssh --enable-libzmq --enable-avisynth --enable-libbluray --enable-libcaca --enable-libdvdnav --enable-libdvdread --enable-sdl2 --enable-libaribb24 --enable-libaribcaption --enable-libdav1d --enable-libdavs2 --enable-libopenjpeg --enable-libquirc --enable-libuavs3d --enable-libxevd --enable-libzvbi --enable-liboapv --enable-libqrencode --enable-librav1e --enable-libsvtav1 --enable-libvvenc --enable-libwebp --enable-libx264 --enable-libx265 --enable-libxavs2 --enable-libxeve --enable-libxvid --enable-libaom --enable-libjxl --enable-libsvtjpegxs --enable-libvpx --enable-mediafoundation --enable-libass --enable-frei0r --enable-libfreetype --enable-libfribidi --enable-libharfbuzz --enable-liblensfun --enable-libvidstab --enable-libvmaf --enable-libzimg --enable-amf --enable-cuda-llvm --enable-cuvid --enable-dxva2 --enable-d3d11va --enable-d3d12va --enable-ffnvcodec --enable-libvpl --enable-nvdec --enable-nvenc --enable-vaapi --enable-vulkan --enable-libplacebo --enable-opencl --enable-libcdio --enable-openal --enable-libgme --enable-libmodplug --enable-libopenmpt --enable-libopencore-amrwb --enable-libmp3lame --enable-libshine --enable-libtheora --enable-libtwolame --enable-libvo-amrwbenc --enable-libcodec2 --enable-libilbc --enable-libgsm --enable-liblc3 --enable-libopencore-amrnb --enable-libopus --enable-libspeex --enable-libvorbis --enable-ladspa --enable-libbs2b --enable-libflite --enable-libmysofa --enable-librubberband --enable-libsoxr --enable-chromaprint --enable-whisper
  libavutil      61.  1.101 / 61.  1.101
  libavcodec     63.  1.101 / 63.  1.101
  libavformat    63.  1.101 / 63.  1.101
  libavdevice    63.  1.101 / 63.  1.101
  libavfilter    12.  1.101 / 12.  1.101
  libswscale     10.  1.101 / 10.  1.101
  libswresample   7.  1.101 /  7.  1.101
Input #0, mov,mp4,m4a,3gp,3g2,mj2, from 'output/complete-tour-r01/raw2fps/CH02_2fps.mp4':
  Metadata:
    major_brand     : isom
    minor_version   : 512
    compatible_brands: isomiso2avc1mp41
    encoder         : Lavf61.7.100
    comment         : Made with Remotion 4.0.527
  Duration: 00:01:36.00, start: 0.000000, bitrate: 835 kb/s
  Stream #0:0[0x1](und): Video: h264 (High) (avc1 / 0x31637661), yuvj420p(pc, bt470bg/unknown/unknown, progressive), 1920x1080 [SAR 1:1 DAR 16:9], 834 kb/s, 2 fps, 2 tbr, 90k tbn (default)
    Metadata:
      handler_name    : VideoHandler
    Side data:
      ICC Profile: (456 bytes)
Stream mapping:
  Stream #0:0 -> #0:0 (h264 (native) -> h264 (libx264))
Press [q] to stop, [?] for help
[swscaler @ 000001f70923ba40] deprecated pixel format used, make sure you did set range correctly
[libx264 @ 000001f702480300] using SAR=1/1
[libx264 @ 000001f702480300] using cpu capabilities: MMX2 SSE2Fast SSSE3 SSE4.2 AVX FMA3 BMI2 AVX2
[libx264 @ 000001f702480300] profile High, level 4.0, 4:2:0, 8-bit
[libx264 @ 000001f702480300] 264 - core 165 r3223 0480cb0 - H.264/MPEG-4 AVC codec - Copyleft 2003-2025 - http://www.videolan.org/x264.html - options: cabac=1 ref=1 deblock=1:0:0 analyse=0x3:0x113 me=hex subme=2 psy=1 psy_rd=1.00:0.00 mixed_ref=0 me_range=16 chroma_me=1 trellis=0 8x8dct=1 cqm=0 deadzone=21,11 fast_pskip=1 chroma_qp_offset=0 threads=24 lookahead_threads=8 sliced_threads=0 nr=0 decimate=1 interlaced=0 bluray_compat=0 constrained_intra=0 bframes=3 b_pyramid=2 b_adapt=1 b_bias=0 direct=1 weightb=1 open_gop=0 weightp=1 keyint=250 keyint_min=25 scenecut=40 intra_refresh=0 rc_lookahead=10 rc=crf mbtree=1 crf=18.0 qcomp=0.60 qpmin=0 qpmax=69 qpstep=4 ip_ratio=1.40 aq=1:1.00
Output #0, mp4, to 'output/complete-tour-r01/chapters/CH02.mp4':
  Metadata:
    major_brand     : isom
    minor_version   : 512
    compatible_brands: isomiso2avc1mp41
    comment         : Made with Remotion 4.0.527
    encoder         : Lavf63.1.101
  Stream #0:0(und): Video: h264 (avc1 / 0x31637661), yuv420p(tv, bt470bg/unknown/unknown, progressive), 1920x1080 [SAR 1:1 DAR 16:9], q=2-31, 30 fps, 15360 tbn (default)
    Metadata:
      encoder         : Lavc63.1.101 libx264
      handler_name    : VideoHandler
    Side data:
      ICC Profile: (456 bytes)
      CPB properties: bitrate max/min/avg: 0/0/0 buffer size: 0 vbv_delay: N/A
frame=  162 fps=0.0 q=24.0 size=       0KiB time=00:00:05.33 bitrate=   0.1kbits/s speed=10.2x elapsed=0:00:00.52    
frame=  431 fps=415 q=24.0 size=     512KiB time=00:00:14.30 bitrate= 293.3kbits/s speed=13.8x elapsed=0:00:01.03    
frame=  695 fps=447 q=24.0 size=    2304KiB time=00:00:23.10 bitrate= 817.1kbits/s speed=14.9x elapsed=0:00:01.55    
frame=  955 fps=461 q=24.0 size=    2560KiB time=00:00:31.73 bitrate= 660.9kbits/s speed=15.3x elapsed=0:00:02.07    
frame= 1231 fps=476 q=24.0 size=    2816KiB time=00:00:40.96 bitrate= 563.1kbits/s speed=15.8x elapsed=0:00:02.58    
frame= 1454 fps=467 q=24.0 size=    3328KiB time=00:00:48.40 bitrate= 563.3kbits/s speed=15.6x elapsed=0:00:03.11    
frame= 1552 fps=429 q=24.0 size=    3840KiB time=00:00:51.66 bitrate= 608.9kbits/s speed=14.3x elapsed=0:00:03.61    
frame= 1669 fps=403 q=24.0 size=    4608KiB time=00:00:55.56 bitrate= 679.3kbits/s speed=13.4x elapsed=0:00:04.13    
frame= 1790 fps=384 q=24.0 size=    4608KiB time=00:00:59.60 bitrate= 633.4kbits/s speed=12.8x elapsed=0:00:04.66    
frame= 1902 fps=368 q=24.0 size=    4864KiB time=00:01:03.33 bitrate= 629.2kbits/s speed=12.2x elapsed=0:00:05.17    
frame= 2011 fps=353 q=24.0 size=    5120KiB time=00:01:06.96 bitrate= 626.3kbits/s speed=11.8x elapsed=0:00:05.69    
frame= 2118 fps=342 q=24.0 size=    5888KiB time=00:01:10.53 bitrate= 683.9kbits/s speed=11.4x elapsed=0:00:06.19    
frame= 2224 fps=331 q=24.0 size=    6144KiB time=00:01:14.06 bitrate= 679.6kbits/s speed=  11x elapsed=0:00:06.71    
frame= 2331 fps=322 q=24.0 size=    6400KiB time=00:01:17.63 bitrate= 675.3kbits/s speed=10.7x elapsed=0:00:07.24    
frame= 2441 fps=315 q=24.0 size=    6400KiB time=00:01:21.26 bitrate= 645.1kbits/s speed=10.5x elapsed=0:00:07.74    
frame= 2556 fps=309 q=24.0 size=    6400KiB time=00:01:25.13 bitrate= 615.8kbits/s speed=10.3x elapsed=0:00:08.27    
frame= 2663 fps=303 q=21.0 size=    6912KiB time=00:01:28.70 bitrate= 638.4kbits/s speed=10.1x elapsed=0:00:08.79    
frame= 2775 fps=298 q=24.0 size=    7424KiB time=00:01:32.43 bitrate= 658.0kbits/s speed=9.92x elapsed=0:00:09.31    
[mp4 @ 000001f7029c0040] Starting second pass: moving the moov atom to the beginning of the file
[out#0/mp4 @ 000001f700561dc0] video:7495KiB audio:0KiB subtitle:0KiB other streams:0KiB global headers:0KiB muxing overhead: 0.469471%
frame= 2880 fps=299 q=-1.0 Lsize=    7531KiB time=00:01:35.93 bitrate= 643.1kbits/s speed=9.95x elapsed=0:00:09.64    
[libx264 @ 000001f702480300] frame I:16    Avg QP: 6.30  size:110153
[libx264 @ 000001f702480300] frame P:725   Avg QP:14.53  size:  7872
[libx264 @ 000001f702480300] frame B:2139  Avg QP:13.65  size:    96
[libx264 @ 000001f702480300] consecutive B-frames:  0.9%  0.1%  0.1% 98.9%
[libx264 @ 000001f702480300] mb I  I16..4: 69.4%  7.2% 23.4%
[libx264 @ 000001f702480300] mb P  I16..4:  1.9%  0.4%  0.6%  P16..4:  1.6%  0.7%  0.6%  0.0%  0.0%    skip:94.2%
[libx264 @ 000001f702480300] mb B  I16..4:  0.0%  0.0%  0.0%  B16..8:  0.2%  0.0%  0.0%  direct: 0.1%  skip:99.7%  L0:46.6% L1:53.2% BI: 0.2%
[libx264 @ 000001f702480300] 8x8 transform intra:10.3% inter:29.3%
[libx264 @ 000001f702480300] coded y,uvDC,uvAC intra: 24.7% 26.2% 16.4% inter: 0.4% 0.4% 0.1%
[libx264 @ 000001f702480300] i16 v,h,dc,p: 81% 15%  4%  0%
[libx264 @ 000001f702480300] i8 v,h,dc,ddl,ddr,vr,hd,vl,hu: 20% 28% 35%  3%  2%  1%  2%  2%  7%
[libx264 @ 000001f702480300] i4 v,h,dc,ddl,ddr,vr,hd,vl,hu: 23% 23% 21%  4%  4%  4%  6%  3% 11%
[libx264 @ 000001f702480300] i8c dc,h,v,p: 71% 17%  9%  2%
[libx264 @ 000001f702480300] Weighted P-Frames: Y:0.0% UV:0.0%
[libx264 @ 000001f702480300] kb/s:639.55
