ffmpeg version 9.0.1-full_build-www.gyan.dev Copyright (c) 2000-2026 the FFmpeg developers
  built with gcc 16.1.0 (Rev2, Built by MSYS2 project)
  configuration: --enable-gpl --enable-version3 --enable-static --disable-w32threads --disable-autodetect --enable-cairo --enable-fontconfig --enable-iconv --enable-gnutls --enable-lcms2 --enable-libxml2 --enable-gmp --enable-bzlib --enable-lzma --enable-libsnappy --enable-zlib --enable-librist --enable-libsrt --enable-libssh --enable-libzmq --enable-avisynth --enable-libbluray --enable-libcaca --enable-libdvdnav --enable-libdvdread --enable-sdl2 --enable-libaribb24 --enable-libaribcaption --enable-libdav1d --enable-libdavs2 --enable-libopenjpeg --enable-libquirc --enable-libuavs3d --enable-libxevd --enable-libzvbi --enable-liboapv --enable-libqrencode --enable-librav1e --enable-libsvtav1 --enable-libvvenc --enable-libwebp --enable-libx264 --enable-libx265 --enable-libxavs2 --enable-libxeve --enable-libxvid --enable-libaom --enable-libjxl --enable-libsvtjpegxs --enable-libvpx --enable-mediafoundation --enable-libass --enable-frei0r --enable-libfreetype --enable-libfribidi --enable-libharfbuzz --enable-liblensfun --enable-libvidstab --enable-libvmaf --enable-libzimg --enable-amf --enable-cuda-llvm --enable-cuvid --enable-dxva2 --enable-d3d11va --enable-d3d12va --enable-ffnvcodec --enable-libvpl --enable-nvdec --enable-nvenc --enable-vaapi --enable-vulkan --enable-libplacebo --enable-opencl --enable-libcdio --enable-openal --enable-libgme --enable-libmodplug --enable-libopenmpt --enable-libopencore-amrwb --enable-libmp3lame --enable-libshine --enable-libtheora --enable-libtwolame --enable-libvo-amrwbenc --enable-libcodec2 --enable-libilbc --enable-libgsm --enable-liblc3 --enable-libopencore-amrnb --enable-libopus --enable-libspeex --enable-libvorbis --enable-ladspa --enable-libbs2b --enable-libflite --enable-libmysofa --enable-librubberband --enable-libsoxr --enable-chromaprint --enable-whisper
  libavutil      61.  1.101 / 61.  1.101
  libavcodec     63.  1.101 / 63.  1.101
  libavformat    63.  1.101 / 63.  1.101
  libavdevice    63.  1.101 / 63.  1.101
  libavfilter    12.  1.101 / 12.  1.101
  libswscale     10.  1.101 / 10.  1.101
  libswresample   7.  1.101 /  7.  1.101
Input #0, mov,mp4,m4a,3gp,3g2,mj2, from 'output/complete-tour-r01/raw2fps/CH03_2fps.mp4':
  Metadata:
    major_brand     : isom
    minor_version   : 512
    compatible_brands: isomiso2avc1mp41
    encoder         : Lavf61.7.100
    comment         : Made with Remotion 4.0.527
  Duration: 00:01:43.00, start: 0.000000, bitrate: 117 kb/s
  Stream #0:0[0x1](und): Video: h264 (High) (avc1 / 0x31637661), yuvj420p(pc, bt470bg/unknown/unknown, progressive), 1920x1080 [SAR 1:1 DAR 16:9], 116 kb/s, 2 fps, 2 tbr, 90k tbn (default)
    Metadata:
      handler_name    : VideoHandler
    Side data:
      ICC Profile: (456 bytes)
Stream mapping:
  Stream #0:0 -> #0:0 (h264 (native) -> h264 (libx264))
Press [q] to stop, [?] for help
[swscaler @ 00000183128b6540] deprecated pixel format used, make sure you did set range correctly
[libx264 @ 0000018309c7f080] using SAR=1/1
[libx264 @ 0000018309c7f080] using cpu capabilities: MMX2 SSE2Fast SSSE3 SSE4.2 AVX FMA3 BMI2 AVX2
[libx264 @ 0000018309c7f080] profile High, level 4.0, 4:2:0, 8-bit
[libx264 @ 0000018309c7f080] 264 - core 165 r3223 0480cb0 - H.264/MPEG-4 AVC codec - Copyleft 2003-2025 - http://www.videolan.org/x264.html - options: cabac=1 ref=1 deblock=1:0:0 analyse=0x3:0x113 me=hex subme=2 psy=1 psy_rd=1.00:0.00 mixed_ref=0 me_range=16 chroma_me=1 trellis=0 8x8dct=1 cqm=0 deadzone=21,11 fast_pskip=1 chroma_qp_offset=0 threads=24 lookahead_threads=8 sliced_threads=0 nr=0 decimate=1 interlaced=0 bluray_compat=0 constrained_intra=0 bframes=3 b_pyramid=2 b_adapt=1 b_bias=0 direct=1 weightb=1 open_gop=0 weightp=1 keyint=250 keyint_min=25 scenecut=40 intra_refresh=0 rc_lookahead=10 rc=crf mbtree=1 crf=18.0 qcomp=0.60 qpmin=0 qpmax=69 qpstep=4 ip_ratio=1.40 aq=1:1.00
Output #0, mp4, to 'output/complete-tour-r01/chapters/CH03.mp4':
  Metadata:
    major_brand     : isom
    minor_version   : 512
    compatible_brands: isomiso2avc1mp41
    comment         : Made with Remotion 4.0.527
    encoder         : Lavf63.1.101
  Stream #0:0(und): Video: h264 (avc1 / 0x31637661), yuv420p(tv, bt470bg/unknown/unknown, progressive), 1920x1080 [SAR 1:1 DAR 16:9], q=2-31, 30 fps, 15360 tbn (default)
    Metadata:
      encoder         : Lavc63.1.101 libx264
      handler_name    : VideoHandler
    Side data:
      ICC Profile: (456 bytes)
      CPB properties: bitrate max/min/avg: 0/0/0 buffer size: 0 vbv_delay: N/A
frame=  210 fps=0.0 q=24.0 size=       0KiB time=00:00:06.90 bitrate=   0.1kbits/s speed=13.3x elapsed=0:00:00.51    
frame=  519 fps=502 q=24.0 size=     512KiB time=00:00:17.23 bitrate= 243.4kbits/s speed=16.7x elapsed=0:00:01.03    
frame=  850 fps=552 q=24.0 size=     768KiB time=00:00:28.26 bitrate= 222.6kbits/s speed=18.4x elapsed=0:00:01.54    
frame= 1190 fps=576 q=24.0 size=    1024KiB time=00:00:39.60 bitrate= 211.8kbits/s speed=19.2x elapsed=0:00:02.06    
frame= 1522 fps=592 q=24.0 size=    1280KiB time=00:00:50.66 bitrate= 207.0kbits/s speed=19.7x elapsed=0:00:02.56    
frame= 1798 fps=581 q=24.0 size=    1536KiB time=00:00:59.86 bitrate= 210.2kbits/s speed=19.3x elapsed=0:00:03.09    
frame= 1907 fps=530 q=24.0 size=    1536KiB time=00:01:03.50 bitrate= 198.2kbits/s speed=17.6x elapsed=0:00:03.60    
frame= 2024 fps=491 q=24.0 size=    1536KiB time=00:01:07.40 bitrate= 186.7kbits/s speed=16.3x elapsed=0:00:04.12    
frame= 2137 fps=461 q=24.0 size=    2048KiB time=00:01:11.16 bitrate= 235.8kbits/s speed=15.4x elapsed=0:00:04.63    
frame= 2258 fps=438 q=24.0 size=    2048KiB time=00:01:15.20 bitrate= 223.1kbits/s speed=14.6x elapsed=0:00:05.15    
frame= 2375 fps=418 q=24.0 size=    2048KiB time=00:01:19.10 bitrate= 212.1kbits/s speed=13.9x elapsed=0:00:05.67    
frame= 2495 fps=403 q=24.0 size=    2048KiB time=00:01:23.10 bitrate= 201.9kbits/s speed=13.4x elapsed=0:00:06.19    
frame= 2610 fps=388 q=24.0 size=    2304KiB time=00:01:26.93 bitrate= 217.1kbits/s speed=12.9x elapsed=0:00:06.72    
frame= 2724 fps=377 q=24.0 size=    2304KiB time=00:01:30.73 bitrate= 208.0kbits/s speed=12.6x elapsed=0:00:07.22    
frame= 2844 fps=367 q=24.0 size=    2560KiB time=00:01:34.73 bitrate= 221.4kbits/s speed=12.2x elapsed=0:00:07.74    
frame= 2966 fps=359 q=24.0 size=    2560KiB time=00:01:38.80 bitrate= 212.3kbits/s speed=11.9x elapsed=0:00:08.26    
[mp4 @ 0000018309c6f9c0] Starting second pass: moving the moov atom to the beginning of the file
[out#0/mp4 @ 0000018309beefc0] video:2953KiB audio:0KiB subtitle:0KiB other streams:0KiB global headers:0KiB muxing overhead: 1.271631%
frame= 3090 fps=356 q=-1.0 Lsize=    2991KiB time=00:01:42.93 bitrate= 238.0kbits/s speed=11.9x elapsed=0:00:08.66    
[libx264 @ 0000018309c7f080] frame I:15    Avg QP: 8.80  size:158901
[libx264 @ 0000018309c7f080] frame P:779   Avg QP:15.64  size:   559
[libx264 @ 0000018309c7f080] frame B:2296  Avg QP:15.41  size:    89
[libx264 @ 0000018309c7f080] consecutive B-frames:  0.9%  0.0%  0.2% 98.9%
[libx264 @ 0000018309c7f080] mb I  I16..4: 49.7% 11.8% 38.5%
[libx264 @ 0000018309c7f080] mb P  I16..4:  0.1%  0.1%  0.0%  P16..4:  0.6%  0.1%  0.0%  0.0%  0.0%    skip:99.0%
[libx264 @ 0000018309c7f080] mb B  I16..4:  0.0%  0.0%  0.0%  B16..8:  0.1%  0.0%  0.0%  direct: 0.0%  skip:99.8%  L0:44.2% L1:55.6% BI: 0.2%
[libx264 @ 0000018309c7f080] 8x8 transform intra:15.4% inter:60.9%
[libx264 @ 0000018309c7f080] coded y,uvDC,uvAC intra: 37.5% 38.7% 26.2% inter: 0.1% 0.1% 0.0%
[libx264 @ 0000018309c7f080] i16 v,h,dc,p: 71% 23%  5%  0%
[libx264 @ 0000018309c7f080] i8 v,h,dc,ddl,ddr,vr,hd,vl,hu: 35% 27% 27%  1%  1%  1%  1%  1%  6%
[libx264 @ 0000018309c7f080] i4 v,h,dc,ddl,ddr,vr,hd,vl,hu: 26% 37% 13%  2%  3%  2%  4%  2% 10%
[libx264 @ 0000018309c7f080] i8c dc,h,v,p: 56% 27% 13%  3%
[libx264 @ 0000018309c7f080] Weighted P-Frames: Y:0.0% UV:0.0%
[libx264 @ 0000018309c7f080] kb/s:234.84
