ffmpeg version 9.0.1-full_build-www.gyan.dev Copyright (c) 2000-2026 the FFmpeg developers
  built with gcc 16.1.0 (Rev2, Built by MSYS2 project)
  configuration: --enable-gpl --enable-version3 --enable-static --disable-w32threads --disable-autodetect --enable-cairo --enable-fontconfig --enable-iconv --enable-gnutls --enable-lcms2 --enable-libxml2 --enable-gmp --enable-bzlib --enable-lzma --enable-libsnappy --enable-zlib --enable-librist --enable-libsrt --enable-libssh --enable-libzmq --enable-avisynth --enable-libbluray --enable-libcaca --enable-libdvdnav --enable-libdvdread --enable-sdl2 --enable-libaribb24 --enable-libaribcaption --enable-libdav1d --enable-libdavs2 --enable-libopenjpeg --enable-libquirc --enable-libuavs3d --enable-libxevd --enable-libzvbi --enable-liboapv --enable-libqrencode --enable-librav1e --enable-libsvtav1 --enable-libvvenc --enable-libwebp --enable-libx264 --enable-libx265 --enable-libxavs2 --enable-libxeve --enable-libxvid --enable-libaom --enable-libjxl --enable-libsvtjpegxs --enable-libvpx --enable-mediafoundation --enable-libass --enable-frei0r --enable-libfreetype --enable-libfribidi --enable-libharfbuzz --enable-liblensfun --enable-libvidstab --enable-libvmaf --enable-libzimg --enable-amf --enable-cuda-llvm --enable-cuvid --enable-dxva2 --enable-d3d11va --enable-d3d12va --enable-ffnvcodec --enable-libvpl --enable-nvdec --enable-nvenc --enable-vaapi --enable-vulkan --enable-libplacebo --enable-opencl --enable-libcdio --enable-openal --enable-libgme --enable-libmodplug --enable-libopenmpt --enable-libopencore-amrwb --enable-libmp3lame --enable-libshine --enable-libtheora --enable-libtwolame --enable-libvo-amrwbenc --enable-libcodec2 --enable-libilbc --enable-libgsm --enable-liblc3 --enable-libopencore-amrnb --enable-libopus --enable-libspeex --enable-libvorbis --enable-ladspa --enable-libbs2b --enable-libflite --enable-libmysofa --enable-librubberband --enable-libsoxr --enable-chromaprint --enable-whisper
  libavutil      61.  1.101 / 61.  1.101
  libavcodec     63.  1.101 / 63.  1.101
  libavformat    63.  1.101 / 63.  1.101
  libavdevice    63.  1.101 / 63.  1.101
  libavfilter    12.  1.101 / 12.  1.101
  libswscale     10.  1.101 / 10.  1.101
  libswresample   7.  1.101 /  7.  1.101
Input #0, mov,mp4,m4a,3gp,3g2,mj2, from 'output/complete-tour-r01/raw2fps/CH04_2fps.mp4':
  Metadata:
    major_brand     : isom
    minor_version   : 512
    compatible_brands: isomiso2avc1mp41
    encoder         : Lavf61.7.100
    comment         : Made with Remotion 4.0.527
  Duration: 00:01:30.00, start: 0.000000, bitrate: 807 kb/s
  Stream #0:0[0x1](und): Video: h264 (High) (avc1 / 0x31637661), yuvj420p(pc, bt470bg/unknown/unknown, progressive), 1920x1080 [SAR 1:1 DAR 16:9], 806 kb/s, 2 fps, 2 tbr, 90k tbn (default)
    Metadata:
      handler_name    : VideoHandler
    Side data:
      ICC Profile: (456 bytes)
Stream mapping:
  Stream #0:0 -> #0:0 (h264 (native) -> h264 (libx264))
Press [q] to stop, [?] for help
[swscaler @ 0000017234d44fc0] deprecated pixel format used, make sure you did set range correctly
[libx264 @ 000001722c20b400] using SAR=1/1
[libx264 @ 000001722c20b400] using cpu capabilities: MMX2 SSE2Fast SSSE3 SSE4.2 AVX FMA3 BMI2 AVX2
[libx264 @ 000001722c20b400] profile High, level 4.0, 4:2:0, 8-bit
[libx264 @ 000001722c20b400] 264 - core 165 r3223 0480cb0 - H.264/MPEG-4 AVC codec - Copyleft 2003-2025 - http://www.videolan.org/x264.html - options: cabac=1 ref=1 deblock=1:0:0 analyse=0x3:0x113 me=hex subme=2 psy=1 psy_rd=1.00:0.00 mixed_ref=0 me_range=16 chroma_me=1 trellis=0 8x8dct=1 cqm=0 deadzone=21,11 fast_pskip=1 chroma_qp_offset=0 threads=24 lookahead_threads=8 sliced_threads=0 nr=0 decimate=1 interlaced=0 bluray_compat=0 constrained_intra=0 bframes=3 b_pyramid=2 b_adapt=1 b_bias=0 direct=1 weightb=1 open_gop=0 weightp=1 keyint=250 keyint_min=25 scenecut=40 intra_refresh=0 rc_lookahead=10 rc=crf mbtree=1 crf=18.0 qcomp=0.60 qpmin=0 qpmax=69 qpstep=4 ip_ratio=1.40 aq=1:1.00
Output #0, mp4, to 'output/complete-tour-r01/chapters/CH04.mp4':
  Metadata:
    major_brand     : isom
    minor_version   : 512
    compatible_brands: isomiso2avc1mp41
    comment         : Made with Remotion 4.0.527
    encoder         : Lavf63.1.101
  Stream #0:0(und): Video: h264 (avc1 / 0x31637661), yuv420p(tv, bt470bg/unknown/unknown, progressive), 1920x1080 [SAR 1:1 DAR 16:9], q=2-31, 30 fps, 15360 tbn (default)
    Metadata:
      encoder         : Lavc63.1.101 libx264
      handler_name    : VideoHandler
    Side data:
      ICC Profile: (456 bytes)
      CPB properties: bitrate max/min/avg: 0/0/0 buffer size: 0 vbv_delay: N/A
frame=  143 fps=0.0 q=24.0 size=       0KiB time=00:00:04.70 bitrate=   0.1kbits/s speed=8.91x elapsed=0:00:00.52    
frame=  333 fps=319 q=24.0 size=     256KiB time=00:00:11.03 bitrate= 190.1kbits/s speed=10.6x elapsed=0:00:01.04    
frame=  543 fps=346 q=24.0 size=     512KiB time=00:00:18.03 bitrate= 232.6kbits/s speed=11.5x elapsed=0:00:01.56    
frame=  733 fps=351 q=24.0 size=    1024KiB time=00:00:24.36 bitrate= 344.3kbits/s speed=11.7x elapsed=0:00:02.09    
frame=  902 fps=348 q=24.0 size=    2048KiB time=00:00:30.00 bitrate= 559.3kbits/s speed=11.6x elapsed=0:00:02.59    
frame= 1099 fps=353 q=24.0 size=    2304KiB time=00:00:36.56 bitrate= 516.2kbits/s speed=11.7x elapsed=0:00:03.11    
frame= 1274 fps=351 q=24.0 size=    3072KiB time=00:00:42.40 bitrate= 593.5kbits/s speed=11.7x elapsed=0:00:03.63    
frame= 1445 fps=349 q=24.0 size=    3840KiB time=00:00:48.06 bitrate= 654.5kbits/s speed=11.6x elapsed=0:00:04.14    
frame= 1652 fps=354 q=24.0 size=    4096KiB time=00:00:55.00 bitrate= 610.1kbits/s speed=11.8x elapsed=0:00:04.66    
frame= 1828 fps=354 q=24.0 size=    4864KiB time=00:01:00.86 bitrate= 654.6kbits/s speed=11.8x elapsed=0:00:05.17    
frame= 2002 fps=352 q=24.0 size=    5888KiB time=00:01:06.66 bitrate= 723.5kbits/s speed=11.7x elapsed=0:00:05.69    
frame= 2213 fps=356 q=24.0 size=    5888KiB time=00:01:13.70 bitrate= 654.5kbits/s speed=11.9x elapsed=0:00:06.21    
frame= 2418 fps=360 q=24.0 size=    6144KiB time=00:01:20.53 bitrate= 625.0kbits/s speed=  12x elapsed=0:00:06.72    
frame= 2616 fps=361 q=24.0 size=    6400KiB time=00:01:27.13 bitrate= 601.7kbits/s speed=  12x elapsed=0:00:07.24    
[mp4 @ 000001722c205780] Starting second pass: moving the moov atom to the beginning of the file
[out#0/mp4 @ 000001722c18f4c0] video:6602KiB audio:0KiB subtitle:0KiB other streams:0KiB global headers:0KiB muxing overhead: 0.500624%
frame= 2700 fps=365 q=-1.0 Lsize=    6635KiB time=00:01:29.93 bitrate= 604.4kbits/s speed=12.2x elapsed=0:00:07.39    
[libx264 @ 000001722c20b400] frame I:11    Avg QP: 8.13  size:143477
[libx264 @ 000001722c20b400] frame P:680   Avg QP:13.53  size:  7323
[libx264 @ 000001722c20b400] frame B:2009  Avg QP:12.94  size:   100
[libx264 @ 000001722c20b400] consecutive B-frames:  0.8%  0.0%  0.1% 99.1%
[libx264 @ 000001722c20b400] mb I  I16..4: 56.1% 10.3% 33.7%
[libx264 @ 000001722c20b400] mb P  I16..4:  2.1%  0.7%  0.6%  P16..4:  2.3%  1.0%  0.7%  0.0%  0.0%    skip:92.6%
[libx264 @ 000001722c20b400] mb B  I16..4:  0.0%  0.0%  0.0%  B16..8:  0.2%  0.0%  0.0%  direct: 0.1%  skip:99.7%  L0:42.4% L1:57.3% BI: 0.3%
[libx264 @ 000001722c20b400] 8x8 transform intra:16.9% inter:30.2%
[libx264 @ 000001722c20b400] coded y,uvDC,uvAC intra: 27.9% 32.8% 18.7% inter: 0.4% 0.6% 0.2%
[libx264 @ 000001722c20b400] i16 v,h,dc,p: 76% 19%  5%  0%
[libx264 @ 000001722c20b400] i8 v,h,dc,ddl,ddr,vr,hd,vl,hu: 23% 26% 33%  3%  4%  2%  3%  3%  3%
[libx264 @ 000001722c20b400] i4 v,h,dc,ddl,ddr,vr,hd,vl,hu: 25% 29% 20%  4%  4%  3%  5%  3%  8%
[libx264 @ 000001722c20b400] i8c dc,h,v,p: 60% 23% 14%  3%
[libx264 @ 000001722c20b400] Weighted P-Frames: Y:0.0% UV:0.0%
[libx264 @ 000001722c20b400] kb/s:600.88
