ffmpeg version 9.0.1-full_build-www.gyan.dev Copyright (c) 2000-2026 the FFmpeg developers
  built with gcc 16.1.0 (Rev2, Built by MSYS2 project)
  configuration: --enable-gpl --enable-version3 --enable-static --disable-w32threads --disable-autodetect --enable-cairo --enable-fontconfig --enable-iconv --enable-gnutls --enable-lcms2 --enable-libxml2 --enable-gmp --enable-bzlib --enable-lzma --enable-libsnappy --enable-zlib --enable-librist --enable-libsrt --enable-libssh --enable-libzmq --enable-avisynth --enable-libbluray --enable-libcaca --enable-libdvdnav --enable-libdvdread --enable-sdl2 --enable-libaribb24 --enable-libaribcaption --enable-libdav1d --enable-libdavs2 --enable-libopenjpeg --enable-libquirc --enable-libuavs3d --enable-libxevd --enable-libzvbi --enable-liboapv --enable-libqrencode --enable-librav1e --enable-libsvtav1 --enable-libvvenc --enable-libwebp --enable-libx264 --enable-libx265 --enable-libxavs2 --enable-libxeve --enable-libxvid --enable-libaom --enable-libjxl --enable-libsvtjpegxs --enable-libvpx --enable-mediafoundation --enable-libass --enable-frei0r --enable-libfreetype --enable-libfribidi --enable-libharfbuzz --enable-liblensfun --enable-libvidstab --enable-libvmaf --enable-libzimg --enable-amf --enable-cuda-llvm --enable-cuvid --enable-dxva2 --enable-d3d11va --enable-d3d12va --enable-ffnvcodec --enable-libvpl --enable-nvdec --enable-nvenc --enable-vaapi --enable-vulkan --enable-libplacebo --enable-opencl --enable-libcdio --enable-openal --enable-libgme --enable-libmodplug --enable-libopenmpt --enable-libopencore-amrwb --enable-libmp3lame --enable-libshine --enable-libtheora --enable-libtwolame --enable-libvo-amrwbenc --enable-libcodec2 --enable-libilbc --enable-libgsm --enable-liblc3 --enable-libopencore-amrnb --enable-libopus --enable-libspeex --enable-libvorbis --enable-ladspa --enable-libbs2b --enable-libflite --enable-libmysofa --enable-librubberband --enable-libsoxr --enable-chromaprint --enable-whisper
  libavutil      61.  1.101 / 61.  1.101
  libavcodec     63.  1.101 / 63.  1.101
  libavformat    63.  1.101 / 63.  1.101
  libavdevice    63.  1.101 / 63.  1.101
  libavfilter    12.  1.101 / 12.  1.101
  libswscale     10.  1.101 / 10.  1.101
  libswresample   7.  1.101 /  7.  1.101
Input #0, mov,mp4,m4a,3gp,3g2,mj2, from 'output/complete-tour-r01/raw2fps/CH05_2fps.mp4':
  Metadata:
    major_brand     : isom
    minor_version   : 512
    compatible_brands: isomiso2avc1mp41
    encoder         : Lavf61.7.100
    comment         : Made with Remotion 4.0.527
  Duration: 00:01:38.00, start: 0.000000, bitrate: 1049 kb/s
  Stream #0:0[0x1](und): Video: h264 (High) (avc1 / 0x31637661), yuvj420p(pc, bt470bg/unknown/unknown, progressive), 1920x1080 [SAR 1:1 DAR 16:9], 1049 kb/s, 2 fps, 2 tbr, 90k tbn (default)
    Metadata:
      handler_name    : VideoHandler
    Side data:
      ICC Profile: (456 bytes)
Stream mapping:
  Stream #0:0 -> #0:0 (h264 (native) -> h264 (libx264))
Press [q] to stop, [?] for help
[swscaler @ 0000025c56882e80] deprecated pixel format used, make sure you did set range correctly
[libx264 @ 0000025c4dc2ff00] using SAR=1/1
[libx264 @ 0000025c4dc2ff00] using cpu capabilities: MMX2 SSE2Fast SSSE3 SSE4.2 AVX FMA3 BMI2 AVX2
[libx264 @ 0000025c4dc2ff00] profile High, level 4.0, 4:2:0, 8-bit
[libx264 @ 0000025c4dc2ff00] 264 - core 165 r3223 0480cb0 - H.264/MPEG-4 AVC codec - Copyleft 2003-2025 - http://www.videolan.org/x264.html - options: cabac=1 ref=1 deblock=1:0:0 analyse=0x3:0x113 me=hex subme=2 psy=1 psy_rd=1.00:0.00 mixed_ref=0 me_range=16 chroma_me=1 trellis=0 8x8dct=1 cqm=0 deadzone=21,11 fast_pskip=1 chroma_qp_offset=0 threads=24 lookahead_threads=8 sliced_threads=0 nr=0 decimate=1 interlaced=0 bluray_compat=0 constrained_intra=0 bframes=3 b_pyramid=2 b_adapt=1 b_bias=0 direct=1 weightb=1 open_gop=0 weightp=1 keyint=250 keyint_min=25 scenecut=40 intra_refresh=0 rc_lookahead=10 rc=crf mbtree=1 crf=18.0 qcomp=0.60 qpmin=0 qpmax=69 qpstep=4 ip_ratio=1.40 aq=1:1.00
Output #0, mp4, to 'output/complete-tour-r01/chapters/CH05.mp4':
  Metadata:
    major_brand     : isom
    minor_version   : 512
    compatible_brands: isomiso2avc1mp41
    comment         : Made with Remotion 4.0.527
    encoder         : Lavf63.1.101
  Stream #0:0(und): Video: h264 (avc1 / 0x31637661), yuv420p(tv, bt470bg/unknown/unknown, progressive), 1920x1080 [SAR 1:1 DAR 16:9], q=2-31, 30 fps, 15360 tbn (default)
    Metadata:
      encoder         : Lavc63.1.101 libx264
      handler_name    : VideoHandler
    Side data:
      ICC Profile: (456 bytes)
      CPB properties: bitrate max/min/avg: 0/0/0 buffer size: 0 vbv_delay: N/A
frame=  129 fps=0.0 q=24.0 size=       0KiB time=00:00:04.23 bitrate=   0.1kbits/s speed=8.31x elapsed=0:00:00.50    
frame=  327 fps=317 q=24.0 size=     256KiB time=00:00:10.83 bitrate= 193.6kbits/s speed=10.5x elapsed=0:00:01.03    
frame=  519 fps=335 q=24.0 size=     512KiB time=00:00:17.23 bitrate= 243.4kbits/s speed=11.1x elapsed=0:00:01.55    
frame=  687 fps=334 q=24.0 size=    1280KiB time=00:00:22.83 bitrate= 459.2kbits/s speed=11.1x elapsed=0:00:02.05    
frame=  848 fps=329 q=24.0 size=    2304KiB time=00:00:28.20 bitrate= 669.3kbits/s speed=10.9x elapsed=0:00:02.58    
frame= 1029 fps=332 q=24.0 size=    2560KiB time=00:00:34.23 bitrate= 612.6kbits/s speed=  11x elapsed=0:00:03.09    
frame= 1199 fps=333 q=24.0 size=    3072KiB time=00:00:39.90 bitrate= 630.7kbits/s speed=11.1x elapsed=0:00:03.60    
frame= 1379 fps=334 q=24.0 size=    4352KiB time=00:00:45.90 bitrate= 776.7kbits/s speed=11.1x elapsed=0:00:04.12    
frame= 1579 fps=340 q=24.0 size=    4608KiB time=00:00:52.56 bitrate= 718.1kbits/s speed=11.3x elapsed=0:00:04.64    
frame= 1743 fps=339 q=24.0 size=    5888KiB time=00:00:58.03 bitrate= 831.2kbits/s speed=11.3x elapsed=0:00:05.14    
frame= 1939 fps=342 q=24.0 size=    6400KiB time=00:01:04.56 bitrate= 812.0kbits/s speed=11.4x elapsed=0:00:05.66    
frame= 2141 fps=346 q=24.0 size=    6912KiB time=00:01:11.30 bitrate= 794.2kbits/s speed=11.5x elapsed=0:00:06.19    
frame= 2320 fps=346 q=24.0 size=    7680KiB time=00:01:17.26 bitrate= 814.3kbits/s speed=11.5x elapsed=0:00:06.69    
frame= 2513 fps=348 q=24.0 size=    7680KiB time=00:01:23.70 bitrate= 751.7kbits/s speed=11.6x elapsed=0:00:07.22    
frame= 2700 fps=349 q=24.0 size=    8704KiB time=00:01:29.93 bitrate= 792.8kbits/s speed=11.6x elapsed=0:00:07.73    
frame= 2891 fps=351 q=24.0 size=    9216KiB time=00:01:36.30 bitrate= 784.0kbits/s speed=11.7x elapsed=0:00:08.24    
[mp4 @ 0000025c4dc209c0] Starting second pass: moving the moov atom to the beginning of the file
[out#0/mp4 @ 0000025c4dba0480] video:9376KiB audio:0KiB subtitle:0KiB other streams:0KiB global headers:0KiB muxing overhead: 0.383229%
frame= 2940 fps=353 q=-1.0 Lsize=    9412KiB time=00:01:37.93 bitrate= 787.3kbits/s speed=11.8x elapsed=0:00:08.31    
[libx264 @ 0000025c4dc2ff00] frame I:14    Avg QP: 8.04  size:150135
[libx264 @ 0000025c4dc2ff00] frame P:741   Avg QP:14.08  size:  9776
[libx264 @ 0000025c4dc2ff00] frame B:2185  Avg QP:15.26  size:   116
[libx264 @ 0000025c4dc2ff00] consecutive B-frames:  0.8%  0.3%  0.0% 98.9%
[libx264 @ 0000025c4dc2ff00] mb I  I16..4: 55.8% 10.6% 33.6%
[libx264 @ 0000025c4dc2ff00] mb P  I16..4:  2.1%  0.7%  0.9%  P16..4:  2.8%  1.3%  0.8%  0.0%  0.0%    skip:91.4%
[libx264 @ 0000025c4dc2ff00] mb B  I16..4:  0.0%  0.0%  0.0%  B16..8:  0.3%  0.0%  0.0%  direct: 0.1%  skip:99.5%  L0:46.1% L1:53.5% BI: 0.4%
[libx264 @ 0000025c4dc2ff00] 8x8 transform intra:16.1% inter:28.9%
[libx264 @ 0000025c4dc2ff00] coded y,uvDC,uvAC intra: 31.9% 37.0% 22.4% inter: 0.5% 0.7% 0.2%
[libx264 @ 0000025c4dc2ff00] i16 v,h,dc,p: 74% 21%  5%  0%
[libx264 @ 0000025c4dc2ff00] i8 v,h,dc,ddl,ddr,vr,hd,vl,hu: 24% 27% 32%  3%  3%  2%  2%  3%  4%
[libx264 @ 0000025c4dc2ff00] i4 v,h,dc,ddl,ddr,vr,hd,vl,hu: 26% 30% 18%  3%  4%  3%  5%  3%  9%
[libx264 @ 0000025c4dc2ff00] i8c dc,h,v,p: 59% 24% 14%  3%
[libx264 @ 0000025c4dc2ff00] Weighted P-Frames: Y:0.0% UV:0.0%
[libx264 @ 0000025c4dc2ff00] kb/s:783.68
