ffmpeg version 9.0.1-full_build-www.gyan.dev Copyright (c) 2000-2026 the FFmpeg developers
  built with gcc 16.1.0 (Rev2, Built by MSYS2 project)
  configuration: --enable-gpl --enable-version3 --enable-static --disable-w32threads --disable-autodetect --enable-cairo --enable-fontconfig --enable-iconv --enable-gnutls --enable-lcms2 --enable-libxml2 --enable-gmp --enable-bzlib --enable-lzma --enable-libsnappy --enable-zlib --enable-librist --enable-libsrt --enable-libssh --enable-libzmq --enable-avisynth --enable-libbluray --enable-libcaca --enable-libdvdnav --enable-libdvdread --enable-sdl2 --enable-libaribb24 --enable-libaribcaption --enable-libdav1d --enable-libdavs2 --enable-libopenjpeg --enable-libquirc --enable-libuavs3d --enable-libxevd --enable-libzvbi --enable-liboapv --enable-libqrencode --enable-librav1e --enable-libsvtav1 --enable-libvvenc --enable-libwebp --enable-libx264 --enable-libx265 --enable-libxavs2 --enable-libxeve --enable-libxvid --enable-libaom --enable-libjxl --enable-libsvtjpegxs --enable-libvpx --enable-mediafoundation --enable-libass --enable-frei0r --enable-libfreetype --enable-libfribidi --enable-libharfbuzz --enable-liblensfun --enable-libvidstab --enable-libvmaf --enable-libzimg --enable-amf --enable-cuda-llvm --enable-cuvid --enable-dxva2 --enable-d3d11va --enable-d3d12va --enable-ffnvcodec --enable-libvpl --enable-nvdec --enable-nvenc --enable-vaapi --enable-vulkan --enable-libplacebo --enable-opencl --enable-libcdio --enable-openal --enable-libgme --enable-libmodplug --enable-libopenmpt --enable-libopencore-amrwb --enable-libmp3lame --enable-libshine --enable-libtheora --enable-libtwolame --enable-libvo-amrwbenc --enable-libcodec2 --enable-libilbc --enable-libgsm --enable-liblc3 --enable-libopencore-amrnb --enable-libopus --enable-libspeex --enable-libvorbis --enable-ladspa --enable-libbs2b --enable-libflite --enable-libmysofa --enable-librubberband --enable-libsoxr --enable-chromaprint --enable-whisper
  libavutil      61.  1.101 / 61.  1.101
  libavcodec     63.  1.101 / 63.  1.101
  libavformat    63.  1.101 / 63.  1.101
  libavdevice    63.  1.101 / 63.  1.101
  libavfilter    12.  1.101 / 12.  1.101
  libswscale     10.  1.101 / 10.  1.101
  libswresample   7.  1.101 /  7.  1.101
Input #0, mov,mp4,m4a,3gp,3g2,mj2, from 'output/complete-tour-r01/raw2fps/CH07_2fps.mp4':
  Metadata:
    major_brand     : isom
    minor_version   : 512
    compatible_brands: isomiso2avc1mp41
    encoder         : Lavf61.7.100
    comment         : Made with Remotion 4.0.527
  Duration: 00:03:18.00, start: 0.000000, bitrate: 663 kb/s
  Stream #0:0[0x1](und): Video: h264 (High) (avc1 / 0x31637661), yuvj420p(pc, bt470bg/unknown/unknown, progressive), 1920x1080 [SAR 1:1 DAR 16:9], 663 kb/s, 2 fps, 2 tbr, 90k tbn (default)
    Metadata:
      handler_name    : VideoHandler
    Side data:
      ICC Profile: (456 bytes)
Stream mapping:
  Stream #0:0 -> #0:0 (h264 (native) -> h264 (libx264))
Press [q] to stop, [?] for help
[swscaler @ 00000289f08bf700] deprecated pixel format used, make sure you did set range correctly
[libx264 @ 00000289e7e1e840] using SAR=1/1
[libx264 @ 00000289e7e1e840] using cpu capabilities: MMX2 SSE2Fast SSSE3 SSE4.2 AVX FMA3 BMI2 AVX2
[libx264 @ 00000289e7e1e840] profile High, level 4.0, 4:2:0, 8-bit
[libx264 @ 00000289e7e1e840] 264 - core 165 r3223 0480cb0 - H.264/MPEG-4 AVC codec - Copyleft 2003-2025 - http://www.videolan.org/x264.html - options: cabac=1 ref=1 deblock=1:0:0 analyse=0x3:0x113 me=hex subme=2 psy=1 psy_rd=1.00:0.00 mixed_ref=0 me_range=16 chroma_me=1 trellis=0 8x8dct=1 cqm=0 deadzone=21,11 fast_pskip=1 chroma_qp_offset=0 threads=24 lookahead_threads=8 sliced_threads=0 nr=0 decimate=1 interlaced=0 bluray_compat=0 constrained_intra=0 bframes=3 b_pyramid=2 b_adapt=1 b_bias=0 direct=1 weightb=1 open_gop=0 weightp=1 keyint=250 keyint_min=25 scenecut=40 intra_refresh=0 rc_lookahead=10 rc=crf mbtree=1 crf=18.0 qcomp=0.60 qpmin=0 qpmax=69 qpstep=4 ip_ratio=1.40 aq=1:1.00
Output #0, mp4, to 'output/complete-tour-r01/chapters/CH07.mp4':
  Metadata:
    major_brand     : isom
    minor_version   : 512
    compatible_brands: isomiso2avc1mp41
    comment         : Made with Remotion 4.0.527
    encoder         : Lavf63.1.101
  Stream #0:0(und): Video: h264 (avc1 / 0x31637661), yuv420p(tv, bt470bg/unknown/unknown, progressive), 1920x1080 [SAR 1:1 DAR 16:9], q=2-31, 30 fps, 15360 tbn (default)
    Metadata:
      encoder         : Lavc63.1.101 libx264
      handler_name    : VideoHandler
    Side data:
      ICC Profile: (456 bytes)
      CPB properties: bitrate max/min/avg: 0/0/0 buffer size: 0 vbv_delay: N/A
frame=  140 fps=0.0 q=24.0 size=       0KiB time=00:00:04.60 bitrate=   0.1kbits/s speed=8.94x elapsed=0:00:00.51    
frame=  341 fps=330 q=24.0 size=     256KiB time=00:00:11.30 bitrate= 185.6kbits/s speed=10.9x elapsed=0:00:01.03    
frame=  525 fps=341 q=24.0 size=     256KiB time=00:00:17.43 bitrate= 120.3kbits/s speed=11.3x elapsed=0:00:01.53    
frame=  720 fps=350 q=24.0 size=     256KiB time=00:00:23.93 bitrate=  87.6kbits/s speed=11.6x elapsed=0:00:02.05    
frame=  932 fps=362 q=24.0 size=     512KiB time=00:00:31.00 bitrate= 135.3kbits/s speed=  12x elapsed=0:00:02.57    
frame= 1130 fps=365 q=24.0 size=     768KiB time=00:00:37.60 bitrate= 167.3kbits/s speed=12.1x elapsed=0:00:03.09    
frame= 1325 fps=366 q=24.0 size=    1280KiB time=00:00:44.10 bitrate= 237.8kbits/s speed=12.2x elapsed=0:00:03.62    
frame= 1520 fps=367 q=24.0 size=    1792KiB time=00:00:50.60 bitrate= 290.1kbits/s speed=12.2x elapsed=0:00:04.14    
frame= 1727 fps=371 q=24.0 size=    1792KiB time=00:00:57.50 bitrate= 255.3kbits/s speed=12.4x elapsed=0:00:04.64    
frame= 1916 fps=371 q=24.0 size=    2048KiB time=00:01:03.80 bitrate= 263.0kbits/s speed=12.3x elapsed=0:00:05.16    
frame= 2091 fps=368 q=24.0 size=    2560KiB time=00:01:09.63 bitrate= 301.2kbits/s speed=12.3x elapsed=0:00:05.67    
frame= 2277 fps=367 q=24.0 size=    3328KiB time=00:01:15.83 bitrate= 359.5kbits/s speed=12.2x elapsed=0:00:06.19    
frame= 2472 fps=368 q=24.0 size=    3840KiB time=00:01:22.33 bitrate= 382.1kbits/s speed=12.3x elapsed=0:00:06.72    
frame= 2677 fps=370 q=24.0 size=    4096KiB time=00:01:29.16 bitrate= 376.3kbits/s speed=12.3x elapsed=0:00:07.22    
frame= 2891 fps=373 q=24.0 size=    4352KiB time=00:01:36.30 bitrate= 370.2kbits/s speed=12.4x elapsed=0:00:07.75    
frame= 3092 fps=374 q=24.0 size=    4352KiB time=00:01:43.00 bitrate= 346.1kbits/s speed=12.5x elapsed=0:00:08.25    
frame= 3286 fps=374 q=24.0 size=    4864KiB time=00:01:49.46 bitrate= 364.0kbits/s speed=12.5x elapsed=0:00:08.78    
frame= 3456 fps=372 q=24.0 size=    5376KiB time=00:01:55.10 bitrate= 382.6kbits/s speed=12.4x elapsed=0:00:09.30    
frame= 3621 fps=369 q=24.0 size=    6144KiB time=00:02:00.63 bitrate= 417.2kbits/s speed=12.3x elapsed=0:00:09.82    
frame= 3799 fps=367 q=24.0 size=    6912KiB time=00:02:06.56 bitrate= 447.4kbits/s speed=12.2x elapsed=0:00:10.34    
frame= 3971 fps=366 q=24.0 size=    7936KiB time=00:02:12.30 bitrate= 491.4kbits/s speed=12.2x elapsed=0:00:10.86    
frame= 4177 fps=367 q=24.0 size=    8192KiB time=00:02:19.16 bitrate= 482.2kbits/s speed=12.2x elapsed=0:00:11.36    
frame= 4386 fps=369 q=24.0 size=    8448KiB time=00:02:26.13 bitrate= 473.6kbits/s speed=12.3x elapsed=0:00:11.88    
frame= 4582 fps=369 q=24.0 size=    8704KiB time=00:02:32.66 bitrate= 467.1kbits/s speed=12.3x elapsed=0:00:12.40    
frame= 4763 fps=368 q=24.0 size=    9472KiB time=00:02:38.70 bitrate= 488.9kbits/s speed=12.3x elapsed=0:00:12.92    
frame= 4932 fps=367 q=24.0 size=   10240KiB time=00:02:44.33 bitrate= 510.5kbits/s speed=12.2x elapsed=0:00:13.45    
frame= 5107 fps=365 q=24.0 size=   10752KiB time=00:02:50.13 bitrate= 517.7kbits/s speed=12.2x elapsed=0:00:13.97    
frame= 5305 fps=366 q=24.0 size=   10752KiB time=00:02:56.76 bitrate= 498.3kbits/s speed=12.2x elapsed=0:00:14.47    
frame= 5488 fps=366 q=24.0 size=   11264KiB time=00:03:02.86 bitrate= 504.6kbits/s speed=12.2x elapsed=0:00:14.99    
frame= 5668 fps=365 q=24.0 size=   12288KiB time=00:03:08.86 bitrate= 533.0kbits/s speed=12.2x elapsed=0:00:15.51    
frame= 5872 fps=366 q=24.0 size=   12544KiB time=00:03:15.66 bitrate= 525.2kbits/s speed=12.2x elapsed=0:00:16.02    
[mp4 @ 00000289e7de18c0] Starting second pass: moving the moov atom to the beginning of the file
[out#0/mp4 @ 00000289e7d4e2c0] video:12769KiB audio:0KiB subtitle:0KiB other streams:0KiB global headers:0KiB muxing overhead: 0.556636%
frame= 5940 fps=368 q=-1.0 Lsize=   12840KiB time=00:03:17.93 bitrate= 531.4kbits/s speed=12.3x elapsed=0:00:16.12    
[libx264 @ 00000289e7e1e840] frame I:27    Avg QP: 7.64  size:115593
[libx264 @ 00000289e7e1e840] frame P:1496  Avg QP:14.11  size:  6342
[libx264 @ 00000289e7e1e840] frame B:4417  Avg QP:15.05  size:   105
[libx264 @ 00000289e7e1e840] consecutive B-frames:  0.8%  0.0%  0.2% 99.0%
[libx264 @ 00000289e7e1e840] mb I  I16..4: 55.2% 16.9% 27.9%
[libx264 @ 00000289e7e1e840] mb P  I16..4:  2.2%  0.9%  0.6%  P16..4:  2.1%  1.0%  0.6%  0.0%  0.0%    skip:92.5%
[libx264 @ 00000289e7e1e840] mb B  I16..4:  0.0%  0.0%  0.0%  B16..8:  0.3%  0.0%  0.0%  direct: 0.1%  skip:99.6%  L0:44.9% L1:54.6% BI: 0.5%
[libx264 @ 00000289e7e1e840] 8x8 transform intra:21.7% inter:30.0%
[libx264 @ 00000289e7e1e840] coded y,uvDC,uvAC intra: 29.5% 25.5% 12.1% inter: 0.4% 0.4% 0.1%
[libx264 @ 00000289e7e1e840] i16 v,h,dc,p: 76% 18%  5%  1%
[libx264 @ 00000289e7e1e840] i8 v,h,dc,ddl,ddr,vr,hd,vl,hu: 34% 30% 29%  1%  1%  1%  1%  1%  3%
[libx264 @ 00000289e7e1e840] i4 v,h,dc,ddl,ddr,vr,hd,vl,hu: 30% 35% 16%  2%  2%  2%  4%  2%  7%
[libx264 @ 00000289e7e1e840] i8c dc,h,v,p: 61% 22% 15%  2%
[libx264 @ 00000289e7e1e840] Weighted P-Frames: Y:0.0% UV:0.0%
[libx264 @ 00000289e7e1e840] kb/s:528.26
