ffmpeg version 9.0.1-full_build-www.gyan.dev Copyright (c) 2000-2026 the FFmpeg developers
  built with gcc 16.1.0 (Rev2, Built by MSYS2 project)
  configuration: --enable-gpl --enable-version3 --enable-static --disable-w32threads --disable-autodetect --enable-cairo --enable-fontconfig --enable-iconv --enable-gnutls --enable-lcms2 --enable-libxml2 --enable-gmp --enable-bzlib --enable-lzma --enable-libsnappy --enable-zlib --enable-librist --enable-libsrt --enable-libssh --enable-libzmq --enable-avisynth --enable-libbluray --enable-libcaca --enable-libdvdnav --enable-libdvdread --enable-sdl2 --enable-libaribb24 --enable-libaribcaption --enable-libdav1d --enable-libdavs2 --enable-libopenjpeg --enable-libquirc --enable-libuavs3d --enable-libxevd --enable-libzvbi --enable-liboapv --enable-libqrencode --enable-librav1e --enable-libsvtav1 --enable-libvvenc --enable-libwebp --enable-libx264 --enable-libx265 --enable-libxavs2 --enable-libxeve --enable-libxvid --enable-libaom --enable-libjxl --enable-libsvtjpegxs --enable-libvpx --enable-mediafoundation --enable-libass --enable-frei0r --enable-libfreetype --enable-libfribidi --enable-libharfbuzz --enable-liblensfun --enable-libvidstab --enable-libvmaf --enable-libzimg --enable-amf --enable-cuda-llvm --enable-cuvid --enable-dxva2 --enable-d3d11va --enable-d3d12va --enable-ffnvcodec --enable-libvpl --enable-nvdec --enable-nvenc --enable-vaapi --enable-vulkan --enable-libplacebo --enable-opencl --enable-libcdio --enable-openal --enable-libgme --enable-libmodplug --enable-libopenmpt --enable-libopencore-amrwb --enable-libmp3lame --enable-libshine --enable-libtheora --enable-libtwolame --enable-libvo-amrwbenc --enable-libcodec2 --enable-libilbc --enable-libgsm --enable-liblc3 --enable-libopencore-amrnb --enable-libopus --enable-libspeex --enable-libvorbis --enable-ladspa --enable-libbs2b --enable-libflite --enable-libmysofa --enable-librubberband --enable-libsoxr --enable-chromaprint --enable-whisper
  libavutil      61.  1.101 / 61.  1.101
  libavcodec     63.  1.101 / 63.  1.101
  libavformat    63.  1.101 / 63.  1.101
  libavdevice    63.  1.101 / 63.  1.101
  libavfilter    12.  1.101 / 12.  1.101
  libswscale     10.  1.101 / 10.  1.101
  libswresample   7.  1.101 /  7.  1.101
Input #0, mov,mp4,m4a,3gp,3g2,mj2, from 'output/complete-tour-r01/raw2fps/CH08_2fps.mp4':
  Metadata:
    major_brand     : isom
    minor_version   : 512
    compatible_brands: isomiso2avc1mp41
    encoder         : Lavf61.7.100
    comment         : Made with Remotion 4.0.527
  Duration: 00:04:20.00, start: 0.000000, bitrate: 852 kb/s
  Stream #0:0[0x1](und): Video: h264 (High) (avc1 / 0x31637661), yuvj420p(pc, bt470bg/unknown/unknown, progressive), 1920x1080 [SAR 1:1 DAR 16:9], 852 kb/s, 2 fps, 2 tbr, 90k tbn (default)
    Metadata:
      handler_name    : VideoHandler
    Side data:
      ICC Profile: (456 bytes)
Stream mapping:
  Stream #0:0 -> #0:0 (h264 (native) -> h264 (libx264))
Press [q] to stop, [?] for help
[swscaler @ 0000020b94003000] deprecated pixel format used, make sure you did set range correctly
[libx264 @ 0000020b8ca8e340] using SAR=1/1
[libx264 @ 0000020b8ca8e340] using cpu capabilities: MMX2 SSE2Fast SSSE3 SSE4.2 AVX FMA3 BMI2 AVX2
[libx264 @ 0000020b8ca8e340] profile High, level 4.0, 4:2:0, 8-bit
[libx264 @ 0000020b8ca8e340] 264 - core 165 r3223 0480cb0 - H.264/MPEG-4 AVC codec - Copyleft 2003-2025 - http://www.videolan.org/x264.html - options: cabac=1 ref=1 deblock=1:0:0 analyse=0x3:0x113 me=hex subme=2 psy=1 psy_rd=1.00:0.00 mixed_ref=0 me_range=16 chroma_me=1 trellis=0 8x8dct=1 cqm=0 deadzone=21,11 fast_pskip=1 chroma_qp_offset=0 threads=24 lookahead_threads=8 sliced_threads=0 nr=0 decimate=1 interlaced=0 bluray_compat=0 constrained_intra=0 bframes=3 b_pyramid=2 b_adapt=1 b_bias=0 direct=1 weightb=1 open_gop=0 weightp=1 keyint=250 keyint_min=25 scenecut=40 intra_refresh=0 rc_lookahead=10 rc=crf mbtree=1 crf=18.0 qcomp=0.60 qpmin=0 qpmax=69 qpstep=4 ip_ratio=1.40 aq=1:1.00
Output #0, mp4, to 'output/complete-tour-r01/chapters/CH08.mp4':
  Metadata:
    major_brand     : isom
    minor_version   : 512
    compatible_brands: isomiso2avc1mp41
    comment         : Made with Remotion 4.0.527
    encoder         : Lavf63.1.101
  Stream #0:0(und): Video: h264 (avc1 / 0x31637661), yuv420p(tv, bt470bg/unknown/unknown, progressive), 1920x1080 [SAR 1:1 DAR 16:9], q=2-31, 30 fps, 15360 tbn (default)
    Metadata:
      encoder         : Lavc63.1.101 libx264
      handler_name    : VideoHandler
    Side data:
      ICC Profile: (456 bytes)
      CPB properties: bitrate max/min/avg: 0/0/0 buffer size: 0 vbv_delay: N/A
frame=  118 fps=0.0 q=24.0 size=       0KiB time=00:00:03.86 bitrate=   0.1kbits/s speed=7.52x elapsed=0:00:00.51    
frame=  310 fps=303 q=24.0 size=     256KiB time=00:00:10.26 bitrate= 204.3kbits/s speed=  10x elapsed=0:00:01.02    
frame=  509 fps=330 q=24.0 size=     512KiB time=00:00:16.90 bitrate= 248.2kbits/s speed=10.9x elapsed=0:00:01.54    
frame=  707 fps=345 q=24.0 size=     512KiB time=00:00:23.50 bitrate= 178.5kbits/s speed=11.5x elapsed=0:00:02.05    
frame=  914 fps=355 q=24.0 size=     768KiB time=00:00:30.40 bitrate= 207.0kbits/s speed=11.8x elapsed=0:00:02.57    
frame= 1087 fps=352 q=24.0 size=    1792KiB time=00:00:36.16 bitrate= 405.9kbits/s speed=11.7x elapsed=0:00:03.09    
frame= 1267 fps=352 q=24.0 size=    2560KiB time=00:00:42.16 bitrate= 497.4kbits/s speed=11.7x elapsed=0:00:03.59    
frame= 1444 fps=351 q=24.0 size=    3584KiB time=00:00:48.06 bitrate= 610.8kbits/s speed=11.7x elapsed=0:00:04.11    
frame= 1633 fps=352 q=24.0 size=    3840KiB time=00:00:54.36 bitrate= 578.6kbits/s speed=11.7x elapsed=0:00:04.64    
frame= 1821 fps=354 q=24.0 size=    4096KiB time=00:01:00.63 bitrate= 553.4kbits/s speed=11.8x elapsed=0:00:05.14    
frame= 2027 fps=358 q=24.0 size=    4608KiB time=00:01:07.50 bitrate= 559.2kbits/s speed=11.9x elapsed=0:00:05.66    
frame= 2205 fps=356 q=24.0 size=    5376KiB time=00:01:13.43 bitrate= 599.7kbits/s speed=11.9x elapsed=0:00:06.18    
frame= 2389 fps=357 q=24.0 size=    6400KiB time=00:01:19.56 bitrate= 658.9kbits/s speed=11.9x elapsed=0:00:06.69    
frame= 2575 fps=357 q=24.0 size=    7168KiB time=00:01:25.76 bitrate= 684.7kbits/s speed=11.9x elapsed=0:00:07.21    
frame= 2777 fps=360 q=24.0 size=    7424KiB time=00:01:32.50 bitrate= 657.5kbits/s speed=  12x elapsed=0:00:07.72    
frame= 2966 fps=360 q=24.0 size=    7424KiB time=00:01:38.80 bitrate= 615.6kbits/s speed=  12x elapsed=0:00:08.24    
frame= 3143 fps=358 q=24.0 size=    8192KiB time=00:01:44.70 bitrate= 641.0kbits/s speed=11.9x elapsed=0:00:08.76    
frame= 3320 fps=357 q=24.0 size=    8960KiB time=00:01:50.60 bitrate= 663.7kbits/s speed=11.9x elapsed=0:00:09.28    
frame= 3500 fps=357 q=24.0 size=    9728KiB time=00:01:56.60 bitrate= 683.5kbits/s speed=11.9x elapsed=0:00:09.80    
frame= 3705 fps=359 q=24.0 size=    9984KiB time=00:02:03.43 bitrate= 662.6kbits/s speed=  12x elapsed=0:00:10.32    
frame= 3899 fps=360 q=24.0 size=   10240KiB time=00:02:09.90 bitrate= 645.8kbits/s speed=  12x elapsed=0:00:10.83    
frame= 4065 fps=358 q=24.0 size=   11520KiB time=00:02:15.43 bitrate= 696.8kbits/s speed=11.9x elapsed=0:00:11.35    
frame= 4238 fps=357 q=24.0 size=   12800KiB time=00:02:21.20 bitrate= 742.6kbits/s speed=11.9x elapsed=0:00:11.87    
frame= 4407 fps=356 q=24.0 size=   13056KiB time=00:02:26.83 bitrate= 728.4kbits/s speed=11.9x elapsed=0:00:12.38    
frame= 4611 fps=357 q=24.0 size=   13312KiB time=00:02:33.63 bitrate= 709.8kbits/s speed=11.9x elapsed=0:00:12.90    
frame= 4801 fps=358 q=24.0 size=   13824KiB time=00:02:39.96 bitrate= 707.9kbits/s speed=11.9x elapsed=0:00:13.42    
frame= 4973 fps=357 q=24.0 size=   14848KiB time=00:02:45.70 bitrate= 734.1kbits/s speed=11.9x elapsed=0:00:13.92    
frame= 5173 fps=358 q=24.0 size=   15616KiB time=00:02:52.36 bitrate= 742.2kbits/s speed=11.9x elapsed=0:00:14.44    
frame= 5377 fps=360 q=24.0 size=   15616KiB time=00:02:59.16 bitrate= 714.0kbits/s speed=  12x elapsed=0:00:14.95    
frame= 5568 fps=360 q=24.0 size=   16128KiB time=00:03:05.53 bitrate= 712.1kbits/s speed=  12x elapsed=0:00:15.47    
frame= 5743 fps=359 q=24.0 size=   16896KiB time=00:03:11.36 bitrate= 723.3kbits/s speed=  12x elapsed=0:00:15.99    
frame= 5908 fps=358 q=24.0 size=   17664KiB time=00:03:16.86 bitrate= 735.0kbits/s speed=11.9x elapsed=0:00:16.50    
frame= 6111 fps=359 q=24.0 size=   17920KiB time=00:03:23.63 bitrate= 720.9kbits/s speed=  12x elapsed=0:00:17.02    
frame= 6332 fps=361 q=24.0 size=   18176KiB time=00:03:31.00 bitrate= 705.7kbits/s speed=  12x elapsed=0:00:17.54    
frame= 6548 fps=363 q=24.0 size=   18432KiB time=00:03:38.20 bitrate= 692.0kbits/s speed=12.1x elapsed=0:00:18.05    
frame= 6756 fps=364 q=24.0 size=   18432KiB time=00:03:45.13 bitrate= 670.7kbits/s speed=12.1x elapsed=0:00:18.57    
frame= 6974 fps=366 q=24.0 size=   18688KiB time=00:03:52.40 bitrate= 658.7kbits/s speed=12.2x elapsed=0:00:19.07    
frame= 7191 fps=367 q=24.0 size=   18944KiB time=00:03:59.63 bitrate= 647.6kbits/s speed=12.2x elapsed=0:00:19.59    
frame= 7402 fps=368 q=24.0 size=   18944KiB time=00:04:06.66 bitrate= 629.1kbits/s speed=12.3x elapsed=0:00:20.12    
frame= 7592 fps=368 q=24.0 size=   19200KiB time=00:04:12.96 bitrate= 621.8kbits/s speed=12.3x elapsed=0:00:20.63    
[mp4 @ 0000020b8ca8dd80] Starting second pass: moving the moov atom to the beginning of the file
[out#0/mp4 @ 0000020b8ca0e140] video:19520KiB audio:0KiB subtitle:0KiB other streams:0KiB global headers:0KiB muxing overhead: 0.476236%
frame= 7800 fps=370 q=-1.0 Lsize=   19613KiB time=00:04:19.93 bitrate= 618.1kbits/s speed=12.3x elapsed=0:00:21.08    
[libx264 @ 0000020b8ca8e340] frame I:32    Avg QP: 8.47  size:151596
[libx264 @ 0000020b8ca8e340] frame P:1965  Avg QP:13.66  size:  7403
[libx264 @ 0000020b8ca8e340] frame B:5803  Avg QP:12.06  size:   102
[libx264 @ 0000020b8ca8e340] consecutive B-frames:  0.8%  0.0%  0.0% 99.2%
[libx264 @ 0000020b8ca8e340] mb I  I16..4: 50.5% 13.2% 36.3%
[libx264 @ 0000020b8ca8e340] mb P  I16..4:  1.3%  0.5%  0.4%  P16..4:  2.8%  1.4%  0.8%  0.0%  0.0%    skip:92.8%
[libx264 @ 0000020b8ca8e340] mb B  I16..4:  0.0%  0.0%  0.0%  B16..8:  0.3%  0.0%  0.0%  direct: 0.1%  skip:99.6%  L0:44.6% L1:54.8% BI: 0.6%
[libx264 @ 0000020b8ca8e340] 8x8 transform intra:19.6% inter:29.6%
[libx264 @ 0000020b8ca8e340] coded y,uvDC,uvAC intra: 32.9% 32.6% 18.8% inter: 0.6% 0.6% 0.1%
[libx264 @ 0000020b8ca8e340] i16 v,h,dc,p: 77% 16%  6%  1%
[libx264 @ 0000020b8ca8e340] i8 v,h,dc,ddl,ddr,vr,hd,vl,hu: 33% 25% 33%  2%  1%  1%  1%  1%  4%
[libx264 @ 0000020b8ca8e340] i4 v,h,dc,ddl,ddr,vr,hd,vl,hu: 30% 31% 16%  2%  2%  2%  4%  2% 10%
[libx264 @ 0000020b8ca8e340] i8c dc,h,v,p: 60% 22% 15%  3%
[libx264 @ 0000020b8ca8e340] Weighted P-Frames: Y:0.0% UV:0.0%
[libx264 @ 0000020b8ca8e340] kb/s:615.01
