ffmpeg version 9.0.1-full_build-www.gyan.dev Copyright (c) 2000-2026 the FFmpeg developers
  built with gcc 16.1.0 (Rev2, Built by MSYS2 project)
  configuration: --enable-gpl --enable-version3 --enable-static --disable-w32threads --disable-autodetect --enable-cairo --enable-fontconfig --enable-iconv --enable-gnutls --enable-lcms2 --enable-libxml2 --enable-gmp --enable-bzlib --enable-lzma --enable-libsnappy --enable-zlib --enable-librist --enable-libsrt --enable-libssh --enable-libzmq --enable-avisynth --enable-libbluray --enable-libcaca --enable-libdvdnav --enable-libdvdread --enable-sdl2 --enable-libaribb24 --enable-libaribcaption --enable-libdav1d --enable-libdavs2 --enable-libopenjpeg --enable-libquirc --enable-libuavs3d --enable-libxevd --enable-libzvbi --enable-liboapv --enable-libqrencode --enable-librav1e --enable-libsvtav1 --enable-libvvenc --enable-libwebp --enable-libx264 --enable-libx265 --enable-libxavs2 --enable-libxeve --enable-libxvid --enable-libaom --enable-libjxl --enable-libsvtjpegxs --enable-libvpx --enable-mediafoundation --enable-libass --enable-frei0r --enable-libfreetype --enable-libfribidi --enable-libharfbuzz --enable-liblensfun --enable-libvidstab --enable-libvmaf --enable-libzimg --enable-amf --enable-cuda-llvm --enable-cuvid --enable-dxva2 --enable-d3d11va --enable-d3d12va --enable-ffnvcodec --enable-libvpl --enable-nvdec --enable-nvenc --enable-vaapi --enable-vulkan --enable-libplacebo --enable-opencl --enable-libcdio --enable-openal --enable-libgme --enable-libmodplug --enable-libopenmpt --enable-libopencore-amrwb --enable-libmp3lame --enable-libshine --enable-libtheora --enable-libtwolame --enable-libvo-amrwbenc --enable-libcodec2 --enable-libilbc --enable-libgsm --enable-liblc3 --enable-libopencore-amrnb --enable-libopus --enable-libspeex --enable-libvorbis --enable-ladspa --enable-libbs2b --enable-libflite --enable-libmysofa --enable-librubberband --enable-libsoxr --enable-chromaprint --enable-whisper
  libavutil      61.  1.101 / 61.  1.101
  libavcodec     63.  1.101 / 63.  1.101
  libavformat    63.  1.101 / 63.  1.101
  libavdevice    63.  1.101 / 63.  1.101
  libavfilter    12.  1.101 / 12.  1.101
  libswscale     10.  1.101 / 10.  1.101
  libswresample   7.  1.101 /  7.  1.101
Input #0, mov,mp4,m4a,3gp,3g2,mj2, from 'output/complete-tour-r01/raw2fps/CH09_2fps.mp4':
  Metadata:
    major_brand     : isom
    minor_version   : 512
    compatible_brands: isomiso2avc1mp41
    encoder         : Lavf61.7.100
    comment         : Made with Remotion 4.0.527
  Duration: 00:02:16.00, start: 0.000000, bitrate: 605 kb/s
  Stream #0:0[0x1](und): Video: h264 (High) (avc1 / 0x31637661), yuvj420p(pc, bt470bg/unknown/unknown, progressive), 1920x1080 [SAR 1:1 DAR 16:9], 604 kb/s, 2 fps, 2 tbr, 90k tbn (default)
    Metadata:
      handler_name    : VideoHandler
    Side data:
      ICC Profile: (456 bytes)
Stream mapping:
  Stream #0:0 -> #0:0 (h264 (native) -> h264 (libx264))
Press [q] to stop, [?] for help
[swscaler @ 00000294d3dffe40] deprecated pixel format used, make sure you did set range correctly
[libx264 @ 00000294cd4821c0] using SAR=1/1
[libx264 @ 00000294cd4821c0] using cpu capabilities: MMX2 SSE2Fast SSSE3 SSE4.2 AVX FMA3 BMI2 AVX2
[libx264 @ 00000294cd4821c0] profile High, level 4.0, 4:2:0, 8-bit
[libx264 @ 00000294cd4821c0] 264 - core 165 r3223 0480cb0 - H.264/MPEG-4 AVC codec - Copyleft 2003-2025 - http://www.videolan.org/x264.html - options: cabac=1 ref=1 deblock=1:0:0 analyse=0x3:0x113 me=hex subme=2 psy=1 psy_rd=1.00:0.00 mixed_ref=0 me_range=16 chroma_me=1 trellis=0 8x8dct=1 cqm=0 deadzone=21,11 fast_pskip=1 chroma_qp_offset=0 threads=24 lookahead_threads=8 sliced_threads=0 nr=0 decimate=1 interlaced=0 bluray_compat=0 constrained_intra=0 bframes=3 b_pyramid=2 b_adapt=1 b_bias=0 direct=1 weightb=1 open_gop=0 weightp=1 keyint=250 keyint_min=25 scenecut=40 intra_refresh=0 rc_lookahead=10 rc=crf mbtree=1 crf=18.0 qcomp=0.60 qpmin=0 qpmax=69 qpstep=4 ip_ratio=1.40 aq=1:1.00
Output #0, mp4, to 'output/complete-tour-r01/chapters/CH09.mp4':
  Metadata:
    major_brand     : isom
    minor_version   : 512
    compatible_brands: isomiso2avc1mp41
    comment         : Made with Remotion 4.0.527
    encoder         : Lavf63.1.101
  Stream #0:0(und): Video: h264 (avc1 / 0x31637661), yuv420p(tv, bt470bg/unknown/unknown, progressive), 1920x1080 [SAR 1:1 DAR 16:9], q=2-31, 30 fps, 15360 tbn (default)
    Metadata:
      encoder         : Lavc63.1.101 libx264
      handler_name    : VideoHandler
    Side data:
      ICC Profile: (456 bytes)
      CPB properties: bitrate max/min/avg: 0/0/0 buffer size: 0 vbv_delay: N/A
frame=  135 fps=0.0 q=24.0 size=       0KiB time=00:00:04.43 bitrate=   0.1kbits/s speed=8.69x elapsed=0:00:00.51    
frame=  335 fps=324 q=24.0 size=     256KiB time=00:00:11.10 bitrate= 189.0kbits/s speed=10.7x elapsed=0:00:01.03    
frame=  522 fps=337 q=24.0 size=     256KiB time=00:00:17.33 bitrate= 121.0kbits/s speed=11.2x elapsed=0:00:01.55    
frame=  713 fps=347 q=24.0 size=     512KiB time=00:00:23.70 bitrate= 177.0kbits/s speed=11.5x elapsed=0:00:02.05    
frame=  919 fps=357 q=24.0 size=     512KiB time=00:00:30.56 bitrate= 137.2kbits/s speed=11.9x elapsed=0:00:02.57    
frame= 1101 fps=357 q=24.0 size=    1024KiB time=00:00:36.63 bitrate= 229.0kbits/s speed=11.9x elapsed=0:00:03.08    
frame= 1283 fps=356 q=24.0 size=    1792KiB time=00:00:42.70 bitrate= 343.8kbits/s speed=11.8x elapsed=0:00:03.60    
frame= 1470 fps=356 q=24.0 size=    2304KiB time=00:00:48.93 bitrate= 385.7kbits/s speed=11.9x elapsed=0:00:04.12    
frame= 1676 fps=361 q=24.0 size=    2560KiB time=00:00:55.80 bitrate= 375.8kbits/s speed=  12x elapsed=0:00:04.64    
frame= 1829 fps=355 q=24.0 size=    3840KiB time=00:01:00.86 bitrate= 516.8kbits/s speed=11.8x elapsed=0:00:05.14    
frame= 1994 fps=352 q=24.0 size=    4864KiB time=00:01:06.40 bitrate= 600.1kbits/s speed=11.7x elapsed=0:00:05.66    
frame= 2150 fps=347 q=24.0 size=    5376KiB time=00:01:11.60 bitrate= 615.1kbits/s speed=11.6x elapsed=0:00:06.18    
frame= 2331 fps=348 q=24.0 size=    5376KiB time=00:01:17.63 bitrate= 567.3kbits/s speed=11.6x elapsed=0:00:06.69    
frame= 2529 fps=350 q=24.0 size=    5376KiB time=00:01:24.23 bitrate= 522.8kbits/s speed=11.7x elapsed=0:00:07.21    
frame= 2726 fps=352 q=24.0 size=    5632KiB time=00:01:30.80 bitrate= 508.1kbits/s speed=11.7x elapsed=0:00:07.73    
frame= 2926 fps=355 q=24.0 size=    5888KiB time=00:01:37.46 bitrate= 494.9kbits/s speed=11.8x elapsed=0:00:08.24    
frame= 3118 fps=356 q=24.0 size=    6656KiB time=00:01:43.86 bitrate= 525.0kbits/s speed=11.8x elapsed=0:00:08.76    
frame= 3303 fps=356 q=24.0 size=    7168KiB time=00:01:50.03 bitrate= 533.7kbits/s speed=11.9x elapsed=0:00:09.28    
frame= 3497 fps=357 q=24.0 size=    7168KiB time=00:01:56.50 bitrate= 504.0kbits/s speed=11.9x elapsed=0:00:09.78    
frame= 3696 fps=358 q=24.0 size=    7424KiB time=00:02:03.13 bitrate= 493.9kbits/s speed=11.9x elapsed=0:00:10.31    
frame= 3892 fps=360 q=24.0 size=    7936KiB time=00:02:09.66 bitrate= 501.4kbits/s speed=  12x elapsed=0:00:10.81    
[mp4 @ 00000294cb396f00] Starting second pass: moving the moov atom to the beginning of the file
[out#0/mp4 @ 00000294cb322200] video:8100KiB audio:0KiB subtitle:0KiB other streams:0KiB global headers:0KiB muxing overhead: 0.607810%
frame= 4080 fps=364 q=-1.0 Lsize=    8150KiB time=00:02:15.93 bitrate= 491.1kbits/s speed=12.1x elapsed=0:00:11.21    
[libx264 @ 00000294cd4821c0] frame I:18    Avg QP: 7.46  size:123286
[libx264 @ 00000294cd4821c0] frame P:1028  Avg QP:13.21  size:  5629
[libx264 @ 00000294cd4821c0] frame B:3034  Avg QP:12.37  size:    95
[libx264 @ 00000294cd4821c0] consecutive B-frames:  0.8%  0.0%  0.1% 99.0%
[libx264 @ 00000294cd4821c0] mb I  I16..4: 60.1% 11.1% 28.9%
[libx264 @ 00000294cd4821c0] mb P  I16..4:  1.3%  0.4%  0.5%  P16..4:  1.8%  0.8%  0.5%  0.0%  0.0%    skip:94.7%
[libx264 @ 00000294cd4821c0] mb B  I16..4:  0.0%  0.0%  0.0%  B16..8:  0.2%  0.0%  0.0%  direct: 0.1%  skip:99.7%  L0:45.2% L1:54.3% BI: 0.5%
[libx264 @ 00000294cd4821c0] 8x8 transform intra:16.0% inter:31.7%
[libx264 @ 00000294cd4821c0] coded y,uvDC,uvAC intra: 30.2% 29.7% 17.0% inter: 0.3% 0.3% 0.1%
[libx264 @ 00000294cd4821c0] i16 v,h,dc,p: 77% 18%  4%  0%
[libx264 @ 00000294cd4821c0] i8 v,h,dc,ddl,ddr,vr,hd,vl,hu: 34% 28% 29%  2%  1%  1%  1%  1%  3%
[libx264 @ 00000294cd4821c0] i4 v,h,dc,ddl,ddr,vr,hd,vl,hu: 30% 31% 15%  3%  2%  3%  4%  3%  9%
[libx264 @ 00000294cd4821c0] i8c dc,h,v,p: 61% 22% 15%  2%
[libx264 @ 00000294cd4821c0] Weighted P-Frames: Y:0.0% UV:0.0%
[libx264 @ 00000294cd4821c0] kb/s:487.89
