ffmpeg version 9.0.1-full_build-www.gyan.dev Copyright (c) 2000-2026 the FFmpeg developers
  built with gcc 16.1.0 (Rev2, Built by MSYS2 project)
  configuration: --enable-gpl --enable-version3 --enable-static --disable-w32threads --disable-autodetect --enable-cairo --enable-fontconfig --enable-iconv --enable-gnutls --enable-lcms2 --enable-libxml2 --enable-gmp --enable-bzlib --enable-lzma --enable-libsnappy --enable-zlib --enable-librist --enable-libsrt --enable-libssh --enable-libzmq --enable-avisynth --enable-libbluray --enable-libcaca --enable-libdvdnav --enable-libdvdread --enable-sdl2 --enable-libaribb24 --enable-libaribcaption --enable-libdav1d --enable-libdavs2 --enable-libopenjpeg --enable-libquirc --enable-libuavs3d --enable-libxevd --enable-libzvbi --enable-liboapv --enable-libqrencode --enable-librav1e --enable-libsvtav1 --enable-libvvenc --enable-libwebp --enable-libx264 --enable-libx265 --enable-libxavs2 --enable-libxeve --enable-libxvid --enable-libaom --enable-libjxl --enable-libsvtjpegxs --enable-libvpx --enable-mediafoundation --enable-libass --enable-frei0r --enable-libfreetype --enable-libfribidi --enable-libharfbuzz --enable-liblensfun --enable-libvidstab --enable-libvmaf --enable-libzimg --enable-amf --enable-cuda-llvm --enable-cuvid --enable-dxva2 --enable-d3d11va --enable-d3d12va --enable-ffnvcodec --enable-libvpl --enable-nvdec --enable-nvenc --enable-vaapi --enable-vulkan --enable-libplacebo --enable-opencl --enable-libcdio --enable-openal --enable-libgme --enable-libmodplug --enable-libopenmpt --enable-libopencore-amrwb --enable-libmp3lame --enable-libshine --enable-libtheora --enable-libtwolame --enable-libvo-amrwbenc --enable-libcodec2 --enable-libilbc --enable-libgsm --enable-liblc3 --enable-libopencore-amrnb --enable-libopus --enable-libspeex --enable-libvorbis --enable-ladspa --enable-libbs2b --enable-libflite --enable-libmysofa --enable-librubberband --enable-libsoxr --enable-chromaprint --enable-whisper
  libavutil      61.  1.101 / 61.  1.101
  libavcodec     63.  1.101 / 63.  1.101
  libavformat    63.  1.101 / 63.  1.101
  libavdevice    63.  1.101 / 63.  1.101
  libavfilter    12.  1.101 / 12.  1.101
  libswscale     10.  1.101 / 10.  1.101
  libswresample   7.  1.101 /  7.  1.101
Input #0, mov,mp4,m4a,3gp,3g2,mj2, from 'output/complete-tour-r01/raw2fps/CH10_2fps.mp4':
  Metadata:
    major_brand     : isom
    minor_version   : 512
    compatible_brands: isomiso2avc1mp41
    encoder         : Lavf61.7.100
    comment         : Made with Remotion 4.0.527
  Duration: 00:01:36.00, start: 0.000000, bitrate: 853 kb/s
  Stream #0:0[0x1](und): Video: h264 (High) (avc1 / 0x31637661), yuvj420p(pc, bt470bg/unknown/unknown, progressive), 1920x1080 [SAR 1:1 DAR 16:9], 852 kb/s, 2 fps, 2 tbr, 90k tbn (default)
    Metadata:
      handler_name    : VideoHandler
    Side data:
      ICC Profile: (456 bytes)
Stream mapping:
  Stream #0:0 -> #0:0 (h264 (native) -> h264 (libx264))
Press [q] to stop, [?] for help
[swscaler @ 000002073713d140] deprecated pixel format used, make sure you did set range correctly
[libx264 @ 000002072e7a0940] using SAR=1/1
[libx264 @ 000002072e7a0940] using cpu capabilities: MMX2 SSE2Fast SSSE3 SSE4.2 AVX FMA3 BMI2 AVX2
[libx264 @ 000002072e7a0940] profile High, level 4.0, 4:2:0, 8-bit
[libx264 @ 000002072e7a0940] 264 - core 165 r3223 0480cb0 - H.264/MPEG-4 AVC codec - Copyleft 2003-2025 - http://www.videolan.org/x264.html - options: cabac=1 ref=1 deblock=1:0:0 analyse=0x3:0x113 me=hex subme=2 psy=1 psy_rd=1.00:0.00 mixed_ref=0 me_range=16 chroma_me=1 trellis=0 8x8dct=1 cqm=0 deadzone=21,11 fast_pskip=1 chroma_qp_offset=0 threads=24 lookahead_threads=8 sliced_threads=0 nr=0 decimate=1 interlaced=0 bluray_compat=0 constrained_intra=0 bframes=3 b_pyramid=2 b_adapt=1 b_bias=0 direct=1 weightb=1 open_gop=0 weightp=1 keyint=250 keyint_min=25 scenecut=40 intra_refresh=0 rc_lookahead=10 rc=crf mbtree=1 crf=18.0 qcomp=0.60 qpmin=0 qpmax=69 qpstep=4 ip_ratio=1.40 aq=1:1.00
Output #0, mp4, to 'output/complete-tour-r01/chapters/CH10.mp4':
  Metadata:
    major_brand     : isom
    minor_version   : 512
    compatible_brands: isomiso2avc1mp41
    comment         : Made with Remotion 4.0.527
    encoder         : Lavf63.1.101
  Stream #0:0(und): Video: h264 (avc1 / 0x31637661), yuv420p(tv, bt470bg/unknown/unknown, progressive), 1920x1080 [SAR 1:1 DAR 16:9], q=2-31, 30 fps, 15360 tbn (default)
    Metadata:
      encoder         : Lavc63.1.101 libx264
      handler_name    : VideoHandler
    Side data:
      ICC Profile: (456 bytes)
      CPB properties: bitrate max/min/avg: 0/0/0 buffer size: 0 vbv_delay: N/A
frame=  142 fps=0.0 q=24.0 size=       0KiB time=00:00:04.66 bitrate=   0.1kbits/s speed=9.09x elapsed=0:00:00.51    
frame=  335 fps=328 q=24.0 size=       0KiB time=00:00:11.10 bitrate=   0.0kbits/s speed=10.9x elapsed=0:00:01.02    
frame=  533 fps=345 q=24.0 size=     256KiB time=00:00:17.70 bitrate= 118.5kbits/s speed=11.5x elapsed=0:00:01.54    
frame=  720 fps=349 q=24.0 size=     768KiB time=00:00:23.93 bitrate= 262.9kbits/s speed=11.6x elapsed=0:00:02.06    
frame=  911 fps=355 q=24.0 size=    1024KiB time=00:00:30.30 bitrate= 276.9kbits/s speed=11.8x elapsed=0:00:02.56    
frame= 1103 fps=357 q=24.0 size=    1280KiB time=00:00:36.70 bitrate= 285.7kbits/s speed=11.9x elapsed=0:00:03.08    
frame= 1293 fps=358 q=24.0 size=    1280KiB time=00:00:43.03 bitrate= 243.7kbits/s speed=11.9x elapsed=0:00:03.60    
frame= 1477 fps=359 q=24.0 size=    2048KiB time=00:00:49.16 bitrate= 341.2kbits/s speed=11.9x elapsed=0:00:04.11    
frame= 1642 fps=354 q=24.0 size=    3328KiB time=00:00:54.66 bitrate= 498.7kbits/s speed=11.8x elapsed=0:00:04.63    
frame= 1836 fps=356 q=24.0 size=    3840KiB time=00:01:01.13 bitrate= 514.6kbits/s speed=11.9x elapsed=0:00:05.15    
frame= 2030 fps=359 q=24.0 size=    4352KiB time=00:01:07.60 bitrate= 527.4kbits/s speed=11.9x elapsed=0:00:05.66    
frame= 2208 fps=357 q=21.0 size=    5120KiB time=00:01:13.53 bitrate= 570.4kbits/s speed=11.9x elapsed=0:00:06.18    
frame= 2393 fps=357 q=24.0 size=    6144KiB time=00:01:19.70 bitrate= 631.5kbits/s speed=11.9x elapsed=0:00:06.70    
frame= 2562 fps=355 q=24.0 size=    6912KiB time=00:01:25.33 bitrate= 663.6kbits/s speed=11.8x elapsed=0:00:07.21    
frame= 2745 fps=355 q=24.0 size=    7168KiB time=00:01:31.43 bitrate= 642.2kbits/s speed=11.8x elapsed=0:00:07.73    
[mp4 @ 000002072e76f000] Starting second pass: moving the moov atom to the beginning of the file
[out#0/mp4 @ 000002072e6ef940] video:7268KiB audio:0KiB subtitle:0KiB other streams:0KiB global headers:0KiB muxing overhead: 0.483968%
frame= 2880 fps=360 q=-1.0 Lsize=    7303KiB time=00:01:35.93 bitrate= 623.6kbits/s speed=  12x elapsed=0:00:08.00    
[libx264 @ 000002072e7a0940] frame I:14    Avg QP: 7.25  size:115227
[libx264 @ 000002072e7a0940] frame P:726   Avg QP:14.16  size:  7707
[libx264 @ 000002072e7a0940] frame B:2140  Avg QP:13.77  size:   109
[libx264 @ 000002072e7a0940] consecutive B-frames:  0.9%  0.0%  0.2% 98.9%
[libx264 @ 000002072e7a0940] mb I  I16..4: 60.7% 11.3% 28.0%
[libx264 @ 000002072e7a0940] mb P  I16..4:  1.7%  0.6%  0.6%  P16..4:  2.8%  1.3%  0.7%  0.0%  0.0%    skip:92.2%
[libx264 @ 000002072e7a0940] mb B  I16..4:  0.0%  0.0%  0.0%  B16..8:  0.3%  0.0%  0.0%  direct: 0.1%  skip:99.6%  L0:42.7% L1:57.0% BI: 0.3%
[libx264 @ 000002072e7a0940] 8x8 transform intra:17.6% inter:32.2%
[libx264 @ 000002072e7a0940] coded y,uvDC,uvAC intra: 30.0% 31.5% 18.2% inter: 0.5% 0.6% 0.1%
[libx264 @ 000002072e7a0940] i16 v,h,dc,p: 78% 17%  5%  0%
[libx264 @ 000002072e7a0940] i8 v,h,dc,ddl,ddr,vr,hd,vl,hu: 26% 30% 33%  2%  1%  1%  3%  0%  5%
[libx264 @ 000002072e7a0940] i4 v,h,dc,ddl,ddr,vr,hd,vl,hu: 25% 33% 16%  3%  2%  2%  4%  2% 12%
[libx264 @ 000002072e7a0940] i8c dc,h,v,p: 63% 24% 10%  3%
[libx264 @ 000002072e7a0940] Weighted P-Frames: Y:0.0% UV:0.0%
[libx264 @ 000002072e7a0940] kb/s:620.11
