ffmpeg version 9.0.1-full_build-www.gyan.dev Copyright (c) 2000-2026 the FFmpeg developers
  built with gcc 16.1.0 (Rev2, Built by MSYS2 project)
  configuration: --enable-gpl --enable-version3 --enable-static --disable-w32threads --disable-autodetect --enable-cairo --enable-fontconfig --enable-iconv --enable-gnutls --enable-lcms2 --enable-libxml2 --enable-gmp --enable-bzlib --enable-lzma --enable-libsnappy --enable-zlib --enable-librist --enable-libsrt --enable-libssh --enable-libzmq --enable-avisynth --enable-libbluray --enable-libcaca --enable-libdvdnav --enable-libdvdread --enable-sdl2 --enable-libaribb24 --enable-libaribcaption --enable-libdav1d --enable-libdavs2 --enable-libopenjpeg --enable-libquirc --enable-libuavs3d --enable-libxevd --enable-libzvbi --enable-liboapv --enable-libqrencode --enable-librav1e --enable-libsvtav1 --enable-libvvenc --enable-libwebp --enable-libx264 --enable-libx265 --enable-libxavs2 --enable-libxeve --enable-libxvid --enable-libaom --enable-libjxl --enable-libsvtjpegxs --enable-libvpx --enable-mediafoundation --enable-libass --enable-frei0r --enable-libfreetype --enable-libfribidi --enable-libharfbuzz --enable-liblensfun --enable-libvidstab --enable-libvmaf --enable-libzimg --enable-amf --enable-cuda-llvm --enable-cuvid --enable-dxva2 --enable-d3d11va --enable-d3d12va --enable-ffnvcodec --enable-libvpl --enable-nvdec --enable-nvenc --enable-vaapi --enable-vulkan --enable-libplacebo --enable-opencl --enable-libcdio --enable-openal --enable-libgme --enable-libmodplug --enable-libopenmpt --enable-libopencore-amrwb --enable-libmp3lame --enable-libshine --enable-libtheora --enable-libtwolame --enable-libvo-amrwbenc --enable-libcodec2 --enable-libilbc --enable-libgsm --enable-liblc3 --enable-libopencore-amrnb --enable-libopus --enable-libspeex --enable-libvorbis --enable-ladspa --enable-libbs2b --enable-libflite --enable-libmysofa --enable-librubberband --enable-libsoxr --enable-chromaprint --enable-whisper
  libavutil      61.  1.101 / 61.  1.101
  libavcodec     63.  1.101 / 63.  1.101
  libavformat    63.  1.101 / 63.  1.101
  libavdevice    63.  1.101 / 63.  1.101
  libavfilter    12.  1.101 / 12.  1.101
  libswscale     10.  1.101 / 10.  1.101
  libswresample   7.  1.101 /  7.  1.101
Input #0, mov,mp4,m4a,3gp,3g2,mj2, from 'output/complete-tour-r01/raw2fps/CH11_2fps.mp4':
  Metadata:
    major_brand     : isom
    minor_version   : 512
    compatible_brands: isomiso2avc1mp41
    encoder         : Lavf61.7.100
    comment         : Made with Remotion 4.0.527
  Duration: 00:01:28.00, start: 0.000000, bitrate: 656 kb/s
  Stream #0:0[0x1](und): Video: h264 (High) (avc1 / 0x31637661), yuvj420p(pc, bt470bg/unknown/unknown, progressive), 1920x1080 [SAR 1:1 DAR 16:9], 655 kb/s, 2 fps, 2 tbr, 90k tbn (default)
    Metadata:
      handler_name    : VideoHandler
    Side data:
      ICC Profile: (456 bytes)
Stream mapping:
  Stream #0:0 -> #0:0 (h264 (native) -> h264 (libx264))
Press [q] to stop, [?] for help
[swscaler @ 000002210dc20dc0] deprecated pixel format used, make sure you did set range correctly
[libx264 @ 00000221051eee40] using SAR=1/1
[libx264 @ 00000221051eee40] using cpu capabilities: MMX2 SSE2Fast SSSE3 SSE4.2 AVX FMA3 BMI2 AVX2
[libx264 @ 00000221051eee40] profile High, level 4.0, 4:2:0, 8-bit
[libx264 @ 00000221051eee40] 264 - core 165 r3223 0480cb0 - H.264/MPEG-4 AVC codec - Copyleft 2003-2025 - http://www.videolan.org/x264.html - options: cabac=1 ref=1 deblock=1:0:0 analyse=0x3:0x113 me=hex subme=2 psy=1 psy_rd=1.00:0.00 mixed_ref=0 me_range=16 chroma_me=1 trellis=0 8x8dct=1 cqm=0 deadzone=21,11 fast_pskip=1 chroma_qp_offset=0 threads=24 lookahead_threads=8 sliced_threads=0 nr=0 decimate=1 interlaced=0 bluray_compat=0 constrained_intra=0 bframes=3 b_pyramid=2 b_adapt=1 b_bias=0 direct=1 weightb=1 open_gop=0 weightp=1 keyint=250 keyint_min=25 scenecut=40 intra_refresh=0 rc_lookahead=10 rc=crf mbtree=1 crf=18.0 qcomp=0.60 qpmin=0 qpmax=69 qpstep=4 ip_ratio=1.40 aq=1:1.00
Output #0, mp4, to 'output/complete-tour-r01/chapters/CH11.mp4':
  Metadata:
    major_brand     : isom
    minor_version   : 512
    compatible_brands: isomiso2avc1mp41
    comment         : Made with Remotion 4.0.527
    encoder         : Lavf63.1.101
  Stream #0:0(und): Video: h264 (avc1 / 0x31637661), yuv420p(tv, bt470bg/unknown/unknown, progressive), 1920x1080 [SAR 1:1 DAR 16:9], q=2-31, 30 fps, 15360 tbn (default)
    Metadata:
      encoder         : Lavc63.1.101 libx264
      handler_name    : VideoHandler
    Side data:
      ICC Profile: (456 bytes)
      CPB properties: bitrate max/min/avg: 0/0/0 buffer size: 0 vbv_delay: N/A
frame=  117 fps=0.0 q=24.0 size=       0KiB time=00:00:03.83 bitrate=   0.1kbits/s speed= 7.6x elapsed=0:00:00.50    
frame=  298 fps=290 q=24.0 size=     256KiB time=00:00:09.86 bitrate= 212.6kbits/s speed= 9.6x elapsed=0:00:01.02    
frame=  472 fps=308 q=24.0 size=     256KiB time=00:00:15.66 bitrate= 133.9kbits/s speed=10.2x elapsed=0:00:01.53    
frame=  656 fps=319 q=24.0 size=    1024KiB time=00:00:21.80 bitrate= 384.8kbits/s speed=10.6x elapsed=0:00:02.05    
frame=  828 fps=322 q=24.0 size=    1792KiB time=00:00:27.53 bitrate= 533.2kbits/s speed=10.7x elapsed=0:00:02.57    
frame= 1018 fps=330 q=24.0 size=    2048KiB time=00:00:33.86 bitrate= 495.4kbits/s speed=  11x elapsed=0:00:03.08    
frame= 1217 fps=338 q=24.0 size=    2304KiB time=00:00:40.50 bitrate= 466.0kbits/s speed=11.2x elapsed=0:00:03.60    
frame= 1399 fps=340 q=24.0 size=    3072KiB time=00:00:46.56 bitrate= 540.4kbits/s speed=11.3x elapsed=0:00:04.11    
frame= 1585 fps=342 q=24.0 size=    3584KiB time=00:00:52.76 bitrate= 556.4kbits/s speed=11.4x elapsed=0:00:04.63    
frame= 1757 fps=341 q=24.0 size=    4096KiB time=00:00:58.50 bitrate= 573.6kbits/s speed=11.3x elapsed=0:00:05.15    
frame= 1915 fps=338 q=24.0 size=    5120KiB time=00:01:03.73 bitrate= 658.1kbits/s speed=11.3x elapsed=0:00:05.65    
frame= 2115 fps=342 q=24.0 size=    5120KiB time=00:01:10.43 bitrate= 595.5kbits/s speed=11.4x elapsed=0:00:06.17    
frame= 2315 fps=346 q=24.0 size=    5376KiB time=00:01:17.10 bitrate= 571.2kbits/s speed=11.5x elapsed=0:00:06.69    
frame= 2528 fps=350 q=24.0 size=    5632KiB time=00:01:24.20 bitrate= 548.0kbits/s speed=11.7x elapsed=0:00:07.21    
[mp4 @ 00000221051ed280] Starting second pass: moving the moov atom to the beginning of the file
[out#0/mp4 @ 0000022105170bc0] video:5970KiB audio:0KiB subtitle:0KiB other streams:0KiB global headers:0KiB muxing overhead: 0.542093%
frame= 2640 fps=355 q=-1.0 Lsize=    6002KiB time=00:01:27.93 bitrate= 559.1kbits/s speed=11.8x elapsed=0:00:07.44    
[libx264 @ 00000221051eee40] frame I:16    Avg QP: 7.38  size:127403
[libx264 @ 00000221051eee40] frame P:664   Avg QP:13.86  size:  5824
[libx264 @ 00000221051eee40] frame B:1960  Avg QP:15.77  size:   105
[libx264 @ 00000221051eee40] consecutive B-frames:  1.0%  0.0%  0.2% 98.8%
[libx264 @ 00000221051eee40] mb I  I16..4: 59.7% 11.0% 29.4%
[libx264 @ 00000221051eee40] mb P  I16..4:  2.5%  0.7%  0.8%  P16..4:  1.6%  0.6%  0.3%  0.0%  0.0%    skip:93.5%
[libx264 @ 00000221051eee40] mb B  I16..4:  0.0%  0.0%  0.0%  B16..8:  0.2%  0.0%  0.0%  direct: 0.1%  skip:99.7%  L0:39.8% L1:60.0% BI: 0.2%
[libx264 @ 00000221051eee40] 8x8 transform intra:15.2% inter:36.7%
[libx264 @ 00000221051eee40] coded y,uvDC,uvAC intra: 28.0% 28.9% 16.9% inter: 0.3% 0.4% 0.1%
[libx264 @ 00000221051eee40] i16 v,h,dc,p: 80% 16%  4%  0%
[libx264 @ 00000221051eee40] i8 v,h,dc,ddl,ddr,vr,hd,vl,hu: 27% 30% 30%  2%  2%  1%  2%  2%  4%
[libx264 @ 00000221051eee40] i4 v,h,dc,ddl,ddr,vr,hd,vl,hu: 28% 31% 17%  3%  3%  3%  4%  3%  8%
[libx264 @ 00000221051eee40] i8c dc,h,v,p: 64% 21% 12%  3%
[libx264 @ 00000221051eee40] Weighted P-Frames: Y:0.2% UV:0.2%
[libx264 @ 00000221051eee40] kb/s:555.65
