00:01.781  blend            | Read blend: "C:\Users\sekip\Desktop\POVU-Kenya-FMCG-Campus-repo\3d\revisions\REV005\POVU_KENYA_FMCG_CAMPUS_REV005_INTERIOR_COMPLETION_MASTER.blend"
00:08.562  render           | Saved: 'C:\Users\sekip\Desktop\POVU-Kenya-FMCG-Campus-repo\output\rev005-interior-remediation-v05\qa\administration_hq_r_d_qc_A_WIDE.png'
00:12.703  render           | Saved: 'C:\Users\sekip\Desktop\POVU-Kenya-FMCG-Campus-repo\output\rev005-interior-remediation-v05\qa\administration_hq_r_d_qc_B_FUNCTIONAL.png'
00:16.859  render           | Saved: 'C:\Users\sekip\Desktop\POVU-Kenya-FMCG-Campus-repo\output\rev005-interior-remediation-v05\qa\administration_hq_r_d_qc_C_PROCESS_OR_DETAIL.png'
00:23.781  render           | Saved: 'C:\Users\sekip\Desktop\POVU-Kenya-FMCG-Campus-repo\output\rev005-interior-remediation-v05\qa\bottle_blow_molding_A_WIDE.png'
00:28.031  render           | Saved: 'C:\Users\sekip\Desktop\POVU-Kenya-FMCG-Campus-repo\output\rev005-interior-remediation-v05\qa\bottle_blow_molding_B_FUNCTIONAL.png'
00:32.219  render           | Saved: 'C:\Users\sekip\Desktop\POVU-Kenya-FMCG-Campus-repo\output\rev005-interior-remediation-v05\qa\bottle_blow_molding_C_PROCESS_OR_DETAIL.png'
00:39.016  render           | Saved: 'C:\Users\sekip\Desktop\POVU-Kenya-FMCG-Campus-repo\output\rev005-interior-remediation-v05\qa\caps_and_trigger_assembly_A_WIDE.png'
00:43.391  render           | Saved: 'C:\Users\sekip\Desktop\POVU-Kenya-FMCG-Campus-repo\output\rev005-interior-remediation-v05\qa\caps_and_trigger_assembly_B_FUNCTIONAL.png'
00:47.625  render           | Saved: 'C:\Users\sekip\Desktop\POVU-Kenya-FMCG-Campus-repo\output\rev005-interior-remediation-v05\qa\caps_and_trigger_assembly_C_PROCESS_OR_DETAIL.png'
00:54.266  render           | Saved: 'C:\Users\sekip\Desktop\POVU-Kenya-FMCG-Campus-repo\output\rev005-interior-remediation-v05\qa\chemical_compound_controlled_receiving_A_WIDE.png'
00:58.359  render           | Saved: 'C:\Users\sekip\Desktop\POVU-Kenya-FMCG-Campus-repo\output\rev005-interior-remediation-v05\qa\chemical_compound_controlled_receiving_B_FUNCTIONAL.png'
01:02.531  render           | Saved: 'C:\Users\sekip\Desktop\POVU-Kenya-FMCG-Campus-repo\output\rev005-interior-remediation-v05\qa\chemical_compound_controlled_receiving_C_PROCESS_OR_DETAIL.png'
01:09.187  render           | Saved: 'C:\Users\sekip\Desktop\POVU-Kenya-FMCG-Campus-repo\output\rev005-interior-remediation-v05\qa\daycare_cr_che_A_WIDE.png'
01:13.281  render           | Saved: 'C:\Users\sekip\Desktop\POVU-Kenya-FMCG-Campus-repo\output\rev005-interior-remediation-v05\qa\daycare_cr_che_B_FUNCTIONAL.png'
01:20.109  render           | Saved: 'C:\Users\sekip\Desktop\POVU-Kenya-FMCG-Campus-repo\output\rev005-interior-remediation-v05\qa\etp_water_treatment_A_WIDE.png'
01:24.312  render           | Saved: 'C:\Users\sekip\Desktop\POVU-Kenya-FMCG-Campus-repo\output\rev005-interior-remediation-v05\qa\etp_water_treatment_B_FUNCTIONAL.png'
01:28.562  render           | Saved: 'C:\Users\sekip\Desktop\POVU-Kenya-FMCG-Campus-repo\output\rev005-interior-remediation-v05\qa\etp_water_treatment_C_PROCESS_OR_DETAIL.png'
01:35.094  render           | Saved: 'C:\Users\sekip\Desktop\POVU-Kenya-FMCG-Campus-repo\output\rev005-interior-remediation-v05\qa\electrical_lv_mv_room_A_WIDE.png'
01:39.078  render           | Saved: 'C:\Users\sekip\Desktop\POVU-Kenya-FMCG-Campus-repo\output\rev005-interior-remediation-v05\qa\electrical_lv_mv_room_B_FUNCTIONAL.png'
01:45.766  render           | Saved: 'C:\Users\sekip\Desktop\POVU-Kenya-FMCG-Campus-repo\output\rev005-interior-remediation-v05\qa\employee_changing_shower_locker_support_A_WIDE.png'
01:49.969  render           | Saved: 'C:\Users\sekip\Desktop\POVU-Kenya-FMCG-Campus-repo\output\rev005-interior-remediation-v05\qa\employee_changing_shower_locker_support_B_FUNCTIONAL.png'
01:57.359  render           | Saved: 'C:\Users\sekip\Desktop\POVU-Kenya-FMCG-Campus-repo\output\rev005-interior-remediation-v05\qa\finished_goods_warehouse_dispatch_A_WIDE.png'
02:01.812  render           | Saved: 'C:\Users\sekip\Desktop\POVU-Kenya-FMCG-Campus-repo\output\rev005-interior-remediation-v05\qa\finished_goods_warehouse_dispatch_B_FUNCTIONAL.png'
02:06.203  render           | Saved: 'C:\Users\sekip\Desktop\POVU-Kenya-FMCG-Campus-repo\output\rev005-interior-remediation-v05\qa\finished_goods_warehouse_dispatch_C_PROCESS_OR_DETAIL.png'
02:12.766  render           | Saved: 'C:\Users\sekip\Desktop\POVU-Kenya-FMCG-Campus-repo\output\rev005-interior-remediation-v05\qa\fire_pump_house_A_WIDE.png'
02:16.922  render           | Saved: 'C:\Users\sekip\Desktop\POVU-Kenya-FMCG-Campus-repo\output\rev005-interior-remediation-v05\qa\fire_pump_house_B_FUNCTIONAL.png'
02:21.016  render           | Saved: 'C:\Users\sekip\Desktop\POVU-Kenya-FMCG-Campus-repo\output\rev005-interior-remediation-v05\qa\fire_pump_house_C_PROCESS_OR_DETAIL.png'
02:27.922  render           | Saved: 'C:\Users\sekip\Desktop\POVU-Kenya-FMCG-Campus-repo\output\rev005-interior-remediation-v05\qa\glass_deck_central_command_training_caf_gallery_A_WIDE.png'
02:32.141  render           | Saved: 'C:\Users\sekip\Desktop\POVU-Kenya-FMCG-Campus-repo\output\rev005-interior-remediation-v05\qa\glass_deck_central_command_training_caf_gallery_B_FUNCTIONAL.png'
02:36.406  render           | Saved: 'C:\Users\sekip\Desktop\POVU-Kenya-FMCG-Campus-repo\output\rev005-interior-remediation-v05\qa\glass_deck_central_command_training_caf_gallery_C_PROCESS_OR_DETAIL.png'
02:43.094  render           | Saved: 'C:\Users\sekip\Desktop\POVU-Kenya-FMCG-Campus-repo\output\rev005-interior-remediation-v05\qa\liquid_filling_packaging_A_WIDE.png'
02:47.328  render           | Saved: 'C:\Users\sekip\Desktop\POVU-Kenya-FMCG-Campus-repo\output\rev005-interior-remediation-v05\qa\liquid_filling_packaging_B_FUNCTIONAL.png'
02:51.484  render           | Saved: 'C:\Users\sekip\Desktop\POVU-Kenya-FMCG-Campus-repo\output\rev005-interior-remediation-v05\qa\liquid_filling_packaging_C_PROCESS_OR_DETAIL.png'
02:57.984  render           | Saved: 'C:\Users\sekip\Desktop\POVU-Kenya-FMCG-Campus-repo\output\rev005-interior-remediation-v05\qa\micro_ingredient_weigh_dispense_A_WIDE.png'
03:02.031  render           | Saved: 'C:\Users\sekip\Desktop\POVU-Kenya-FMCG-Campus-repo\output\rev005-interior-remediation-v05\qa\micro_ingredient_weigh_dispense_B_FUNCTIONAL.png'
03:06.219  render           | Saved: 'C:\Users\sekip\Desktop\POVU-Kenya-FMCG-Campus-repo\output\rev005-interior-remediation-v05\qa\micro_ingredient_weigh_dispense_C_PROCESS_OR_DETAIL.png'
03:12.766  render           | Saved: 'C:\Users\sekip\Desktop\POVU-Kenya-FMCG-Campus-repo\output\rev005-interior-remediation-v05\qa\occupational_health_first_aid_A_WIDE.png'
03:16.828  render           | Saved: 'C:\Users\sekip\Desktop\POVU-Kenya-FMCG-Campus-repo\output\rev005-interior-remediation-v05\qa\occupational_health_first_aid_B_FUNCTIONAL.png'
03:20.844  render           | Saved: 'C:\Users\sekip\Desktop\POVU-Kenya-FMCG-Campus-repo\output\rev005-interior-remediation-v05\qa\occupational_health_first_aid_C_PROCESS_OR_DETAIL.png'
03:27.703  render           | Saved: 'C:\Users\sekip\Desktop\POVU-Kenya-FMCG-Campus-repo\output\rev005-interior-remediation-v05\qa\packaging_warehouse_A_WIDE.png'
03:31.875  render           | Saved: 'C:\Users\sekip\Desktop\POVU-Kenya-FMCG-Campus-repo\output\rev005-interior-remediation-v05\qa\packaging_warehouse_B_FUNCTIONAL.png'
03:36.156  render           | Saved: 'C:\Users\sekip\Desktop\POVU-Kenya-FMCG-Campus-repo\output\rev005-interior-remediation-v05\qa\packaging_warehouse_C_PROCESS_OR_DETAIL.png'
03:42.750  render           | Saved: 'C:\Users\sekip\Desktop\POVU-Kenya-FMCG-Campus-repo\output\rev005-interior-remediation-v05\qa\powder_handling_packing_A_WIDE.png'
03:46.750  render           | Saved: 'C:\Users\sekip\Desktop\POVU-Kenya-FMCG-Campus-repo\output\rev005-interior-remediation-v05\qa\powder_handling_packing_B_FUNCTIONAL.png'
03:50.828  render           | Saved: 'C:\Users\sekip\Desktop\POVU-Kenya-FMCG-Campus-repo\output\rev005-interior-remediation-v05\qa\powder_handling_packing_C_PROCESS_OR_DETAIL.png'
03:57.406  render           | Saved: 'C:\Users\sekip\Desktop\POVU-Kenya-FMCG-Campus-repo\output\rev005-interior-remediation-v05\qa\production_hall_wet_processing_process_core_A_WIDE.png'
04:01.484  render           | Saved: 'C:\Users\sekip\Desktop\POVU-Kenya-FMCG-Campus-repo\output\rev005-interior-remediation-v05\qa\production_hall_wet_processing_process_core_B_FUNCTIONAL.png'
04:05.578  render           | Saved: 'C:\Users\sekip\Desktop\POVU-Kenya-FMCG-Campus-repo\output\rev005-interior-remediation-v05\qa\production_hall_wet_processing_process_core_C_PROCESS_OR_DETAIL.png'
04:13.000  render           | Saved: 'C:\Users\sekip\Desktop\POVU-Kenya-FMCG-Campus-repo\output\rev005-interior-remediation-v05\qa\raw_material_warehouse_receiving_A_WIDE.png'
04:17.562  render           | Saved: 'C:\Users\sekip\Desktop\POVU-Kenya-FMCG-Campus-repo\output\rev005-interior-remediation-v05\qa\raw_material_warehouse_receiving_B_FUNCTIONAL.png'
04:22.141  render           | Saved: 'C:\Users\sekip\Desktop\POVU-Kenya-FMCG-Campus-repo\output\rev005-interior-remediation-v05\qa\raw_material_warehouse_receiving_C_PROCESS_OR_DETAIL.png'
04:29.016  render           | Saved: 'C:\Users\sekip\Desktop\POVU-Kenya-FMCG-Campus-repo\output\rev005-interior-remediation-v05\qa\restaurant_povu_caf_kitchen_A_WIDE.png'
04:33.297  render           | Saved: 'C:\Users\sekip\Desktop\POVU-Kenya-FMCG-Campus-repo\output\rev005-interior-remediation-v05\qa\restaurant_povu_caf_kitchen_B_FUNCTIONAL.png'
04:37.484  render           | Saved: 'C:\Users\sekip\Desktop\POVU-Kenya-FMCG-Campus-repo\output\rev005-interior-remediation-v05\qa\restaurant_povu_caf_kitchen_C_PROCESS_OR_DETAIL.png'
04:44.000  render           | Saved: 'C:\Users\sekip\Desktop\POVU-Kenya-FMCG-Campus-repo\output\rev005-interior-remediation-v05\qa\security_reception_visitor_arrival_A_WIDE.png'
04:48.094  render           | Saved: 'C:\Users\sekip\Desktop\POVU-Kenya-FMCG-Campus-repo\output\rev005-interior-remediation-v05\qa\security_reception_visitor_arrival_B_FUNCTIONAL.png'
04:52.250  render           | Saved: 'C:\Users\sekip\Desktop\POVU-Kenya-FMCG-Campus-repo\output\rev005-interior-remediation-v05\qa\security_reception_visitor_arrival_C_PROCESS_OR_DETAIL.png'
04:58.984  render           | Saved: 'C:\Users\sekip\Desktop\POVU-Kenya-FMCG-Campus-repo\output\rev005-interior-remediation-v05\qa\security_gatehouse_A_WIDE.png'
05:03.016  render           | Saved: 'C:\Users\sekip\Desktop\POVU-Kenya-FMCG-Campus-repo\output\rev005-interior-remediation-v05\qa\security_gatehouse_B_FUNCTIONAL.png'
05:07.141  render           | Saved: 'C:\Users\sekip\Desktop\POVU-Kenya-FMCG-Campus-repo\output\rev005-interior-remediation-v05\qa\security_gatehouse_C_PROCESS_OR_DETAIL.png'
05:13.734  render           | Saved: 'C:\Users\sekip\Desktop\POVU-Kenya-FMCG-Campus-repo\output\rev005-interior-remediation-v05\qa\toothpaste_production_A_WIDE.png'
05:17.937  render           | Saved: 'C:\Users\sekip\Desktop\POVU-Kenya-FMCG-Campus-repo\output\rev005-interior-remediation-v05\qa\toothpaste_production_B_FUNCTIONAL.png'
05:22.250  render           | Saved: 'C:\Users\sekip\Desktop\POVU-Kenya-FMCG-Campus-repo\output\rev005-interior-remediation-v05\qa\toothpaste_production_C_PROCESS_OR_DETAIL.png'
05:29.000  render           | Saved: 'C:\Users\sekip\Desktop\POVU-Kenya-FMCG-Campus-repo\output\rev005-interior-remediation-v05\qa\training_academy_A_WIDE.png'
05:33.094  render           | Saved: 'C:\Users\sekip\Desktop\POVU-Kenya-FMCG-Campus-repo\output\rev005-interior-remediation-v05\qa\training_academy_B_FUNCTIONAL.png'
05:37.109  render           | Saved: 'C:\Users\sekip\Desktop\POVU-Kenya-FMCG-Campus-repo\output\rev005-interior-remediation-v05\qa\training_academy_C_PROCESS_OR_DETAIL.png'
05:43.625  render           | Saved: 'C:\Users\sekip\Desktop\POVU-Kenya-FMCG-Campus-repo\output\rev005-interior-remediation-v05\qa\utilities_engineering_A_WIDE.png'
05:47.687  render           | Saved: 'C:\Users\sekip\Desktop\POVU-Kenya-FMCG-Campus-repo\output\rev005-interior-remediation-v05\qa\utilities_engineering_B_FUNCTIONAL.png'
05:51.750  render           | Saved: 'C:\Users\sekip\Desktop\POVU-Kenya-FMCG-Campus-repo\output\rev005-interior-remediation-v05\qa\utilities_engineering_C_PROCESS_OR_DETAIL.png'
05:58.203  render           | Saved: 'C:\Users\sekip\Desktop\POVU-Kenya-FMCG-Campus-repo\output\rev005-interior-remediation-v05\qa\wellness_recreation_A_WIDE.png'
06:02.234  render           | Saved: 'C:\Users\sekip\Desktop\POVU-Kenya-FMCG-Campus-repo\output\rev005-interior-remediation-v05\qa\wellness_recreation_B_FUNCTIONAL.png'
06:06.250  render           | Saved: 'C:\Users\sekip\Desktop\POVU-Kenya-FMCG-Campus-repo\output\rev005-interior-remediation-v05\qa\wellness_recreation_C_PROCESS_OR_DETAIL.png'
06:12.922  render           | Saved: 'C:\Users\sekip\Desktop\POVU-Kenya-FMCG-Campus-repo\output\rev005-interior-remediation-v05\qa\wet_wipes_production_A_WIDE.png'
06:17.031  render           | Saved: 'C:\Users\sekip\Desktop\POVU-Kenya-FMCG-Campus-repo\output\rev005-interior-remediation-v05\qa\wet_wipes_production_B_FUNCTIONAL.png'
06:21.234  render           | Saved: 'C:\Users\sekip\Desktop\POVU-Kenya-FMCG-Campus-repo\output\rev005-interior-remediation-v05\qa\wet_wipes_production_C_PROCESS_OR_DETAIL.png'
BlenderMCP addon registered
{
  "status": "READY_FOR_GPT_REVIEW",
  "renders": 75,
  "groups": 26,
  "passes": 75
}
BlenderMCP addon unregistered
Blender 5.2.2 LTS (hash d13f752e3b9c built 2026-09-15 01:37:04)

Blender quit
