00:01.547  blend            | Read blend: "C:\Users\sekip\Desktop\POVU-Kenya-FMCG-Campus-repo\3d\revisions\REV005\POVU_KENYA_FMCG_CAMPUS_REV005_INTERIOR_COMPLETION_MASTER.blend"
00:05.719  render           | Saved: 'C:\Users\sekip\Desktop\POVU-Kenya-FMCG-Campus-repo\output\rev005-interior-remediation-v04\qa\administration_hq_r_d_qc_A_WIDE.png'
00:08.484  render           | Saved: 'C:\Users\sekip\Desktop\POVU-Kenya-FMCG-Campus-repo\output\rev005-interior-remediation-v04\qa\administration_hq_r_d_qc_B_FUNCTIONAL.png'
00:11.047  render           | Saved: 'C:\Users\sekip\Desktop\POVU-Kenya-FMCG-Campus-repo\output\rev005-interior-remediation-v04\qa\administration_hq_r_d_qc_C_PROCESS_OR_DETAIL.png'
00:15.250  render           | Saved: 'C:\Users\sekip\Desktop\POVU-Kenya-FMCG-Campus-repo\output\rev005-interior-remediation-v04\qa\bottle_blow_molding_A_WIDE.png'
00:18.078  render           | Saved: 'C:\Users\sekip\Desktop\POVU-Kenya-FMCG-Campus-repo\output\rev005-interior-remediation-v04\qa\bottle_blow_molding_B_FUNCTIONAL.png'
00:20.938  render           | Saved: 'C:\Users\sekip\Desktop\POVU-Kenya-FMCG-Campus-repo\output\rev005-interior-remediation-v04\qa\bottle_blow_molding_C_PROCESS_OR_DETAIL.png'
00:25.016  render           | Saved: 'C:\Users\sekip\Desktop\POVU-Kenya-FMCG-Campus-repo\output\rev005-interior-remediation-v04\qa\caps_and_trigger_assembly_A_WIDE.png'
00:27.797  render           | Saved: 'C:\Users\sekip\Desktop\POVU-Kenya-FMCG-Campus-repo\output\rev005-interior-remediation-v04\qa\caps_and_trigger_assembly_B_FUNCTIONAL.png'
00:32.125  render           | Saved: 'C:\Users\sekip\Desktop\POVU-Kenya-FMCG-Campus-repo\output\rev005-interior-remediation-v04\qa\chemical_compound_controlled_receiving_A_WIDE.png'
00:34.781  render           | Saved: 'C:\Users\sekip\Desktop\POVU-Kenya-FMCG-Campus-repo\output\rev005-interior-remediation-v04\qa\chemical_compound_controlled_receiving_B_FUNCTIONAL.png'
00:38.969  render           | Saved: 'C:\Users\sekip\Desktop\POVU-Kenya-FMCG-Campus-repo\output\rev005-interior-remediation-v04\qa\daycare_cr_che_A_WIDE.png'
00:41.672  render           | Saved: 'C:\Users\sekip\Desktop\POVU-Kenya-FMCG-Campus-repo\output\rev005-interior-remediation-v04\qa\daycare_cr_che_B_FUNCTIONAL.png'
00:45.781  render           | Saved: 'C:\Users\sekip\Desktop\POVU-Kenya-FMCG-Campus-repo\output\rev005-interior-remediation-v04\qa\etp_water_treatment_A_WIDE.png'
00:48.469  render           | Saved: 'C:\Users\sekip\Desktop\POVU-Kenya-FMCG-Campus-repo\output\rev005-interior-remediation-v04\qa\etp_water_treatment_B_FUNCTIONAL.png'
00:51.078  render           | Saved: 'C:\Users\sekip\Desktop\POVU-Kenya-FMCG-Campus-repo\output\rev005-interior-remediation-v04\qa\etp_water_treatment_C_PROCESS_OR_DETAIL.png'
00:55.172  render           | Saved: 'C:\Users\sekip\Desktop\POVU-Kenya-FMCG-Campus-repo\output\rev005-interior-remediation-v04\qa\electrical_lv_mv_room_A_WIDE.png'
00:57.953  render           | Saved: 'C:\Users\sekip\Desktop\POVU-Kenya-FMCG-Campus-repo\output\rev005-interior-remediation-v04\qa\electrical_lv_mv_room_B_FUNCTIONAL.png'
01:02.094  render           | Saved: 'C:\Users\sekip\Desktop\POVU-Kenya-FMCG-Campus-repo\output\rev005-interior-remediation-v04\qa\employee_changing_shower_locker_support_A_WIDE.png'
01:04.750  render           | Saved: 'C:\Users\sekip\Desktop\POVU-Kenya-FMCG-Campus-repo\output\rev005-interior-remediation-v04\qa\employee_changing_shower_locker_support_B_FUNCTIONAL.png'
01:09.094  render           | Saved: 'C:\Users\sekip\Desktop\POVU-Kenya-FMCG-Campus-repo\output\rev005-interior-remediation-v04\qa\finished_goods_warehouse_dispatch_A_WIDE.png'
01:11.891  render           | Saved: 'C:\Users\sekip\Desktop\POVU-Kenya-FMCG-Campus-repo\output\rev005-interior-remediation-v04\qa\finished_goods_warehouse_dispatch_B_FUNCTIONAL.png'
01:14.672  render           | Saved: 'C:\Users\sekip\Desktop\POVU-Kenya-FMCG-Campus-repo\output\rev005-interior-remediation-v04\qa\finished_goods_warehouse_dispatch_C_PROCESS_OR_DETAIL.png'
01:19.016  render           | Saved: 'C:\Users\sekip\Desktop\POVU-Kenya-FMCG-Campus-repo\output\rev005-interior-remediation-v04\qa\fire_pump_house_A_WIDE.png'
01:21.797  render           | Saved: 'C:\Users\sekip\Desktop\POVU-Kenya-FMCG-Campus-repo\output\rev005-interior-remediation-v04\qa\fire_pump_house_B_FUNCTIONAL.png'
01:24.484  render           | Saved: 'C:\Users\sekip\Desktop\POVU-Kenya-FMCG-Campus-repo\output\rev005-interior-remediation-v04\qa\fire_pump_house_C_PROCESS_OR_DETAIL.png'
01:28.734  render           | Saved: 'C:\Users\sekip\Desktop\POVU-Kenya-FMCG-Campus-repo\output\rev005-interior-remediation-v04\qa\glass_deck_central_command_training_caf_gallery_A_WIDE.png'
01:31.422  render           | Saved: 'C:\Users\sekip\Desktop\POVU-Kenya-FMCG-Campus-repo\output\rev005-interior-remediation-v04\qa\glass_deck_central_command_training_caf_gallery_B_FUNCTIONAL.png'
01:34.328  render           | Saved: 'C:\Users\sekip\Desktop\POVU-Kenya-FMCG-Campus-repo\output\rev005-interior-remediation-v04\qa\glass_deck_central_command_training_caf_gallery_C_PROCESS_OR_DETAIL.png'
01:38.656  render           | Saved: 'C:\Users\sekip\Desktop\POVU-Kenya-FMCG-Campus-repo\output\rev005-interior-remediation-v04\qa\liquid_filling_packaging_A_WIDE.png'
01:41.469  render           | Saved: 'C:\Users\sekip\Desktop\POVU-Kenya-FMCG-Campus-repo\output\rev005-interior-remediation-v04\qa\liquid_filling_packaging_B_FUNCTIONAL.png'
01:44.328  render           | Saved: 'C:\Users\sekip\Desktop\POVU-Kenya-FMCG-Campus-repo\output\rev005-interior-remediation-v04\qa\liquid_filling_packaging_C_PROCESS_OR_DETAIL.png'
01:48.531  render           | Saved: 'C:\Users\sekip\Desktop\POVU-Kenya-FMCG-Campus-repo\output\rev005-interior-remediation-v04\qa\micro_ingredient_weigh_dispense_A_WIDE.png'
01:51.250  render           | Saved: 'C:\Users\sekip\Desktop\POVU-Kenya-FMCG-Campus-repo\output\rev005-interior-remediation-v04\qa\micro_ingredient_weigh_dispense_B_FUNCTIONAL.png'
01:55.328  render           | Saved: 'C:\Users\sekip\Desktop\POVU-Kenya-FMCG-Campus-repo\output\rev005-interior-remediation-v04\qa\occupational_health_first_aid_A_WIDE.png'
01:57.953  render           | Saved: 'C:\Users\sekip\Desktop\POVU-Kenya-FMCG-Campus-repo\output\rev005-interior-remediation-v04\qa\occupational_health_first_aid_B_FUNCTIONAL.png'
02:00.688  render           | Saved: 'C:\Users\sekip\Desktop\POVU-Kenya-FMCG-Campus-repo\output\rev005-interior-remediation-v04\qa\occupational_health_first_aid_C_PROCESS_OR_DETAIL.png'
02:05.000  render           | Saved: 'C:\Users\sekip\Desktop\POVU-Kenya-FMCG-Campus-repo\output\rev005-interior-remediation-v04\qa\packaging_warehouse_A_WIDE.png'
02:07.734  render           | Saved: 'C:\Users\sekip\Desktop\POVU-Kenya-FMCG-Campus-repo\output\rev005-interior-remediation-v04\qa\packaging_warehouse_B_FUNCTIONAL.png'
02:11.766  render           | Saved: 'C:\Users\sekip\Desktop\POVU-Kenya-FMCG-Campus-repo\output\rev005-interior-remediation-v04\qa\powder_handling_packing_A_WIDE.png'
02:14.281  render           | Saved: 'C:\Users\sekip\Desktop\POVU-Kenya-FMCG-Campus-repo\output\rev005-interior-remediation-v04\qa\powder_handling_packing_B_FUNCTIONAL.png'
02:18.609  render           | Saved: 'C:\Users\sekip\Desktop\POVU-Kenya-FMCG-Campus-repo\output\rev005-interior-remediation-v04\qa\production_hall_wet_processing_process_core_A_WIDE.png'
02:21.250  render           | Saved: 'C:\Users\sekip\Desktop\POVU-Kenya-FMCG-Campus-repo\output\rev005-interior-remediation-v04\qa\production_hall_wet_processing_process_core_B_FUNCTIONAL.png'
02:25.703  render           | Saved: 'C:\Users\sekip\Desktop\POVU-Kenya-FMCG-Campus-repo\output\rev005-interior-remediation-v04\qa\raw_material_warehouse_receiving_A_WIDE.png'
02:28.531  render           | Saved: 'C:\Users\sekip\Desktop\POVU-Kenya-FMCG-Campus-repo\output\rev005-interior-remediation-v04\qa\raw_material_warehouse_receiving_B_FUNCTIONAL.png'
02:31.313  render           | Saved: 'C:\Users\sekip\Desktop\POVU-Kenya-FMCG-Campus-repo\output\rev005-interior-remediation-v04\qa\raw_material_warehouse_receiving_C_PROCESS_OR_DETAIL.png'
02:35.516  render           | Saved: 'C:\Users\sekip\Desktop\POVU-Kenya-FMCG-Campus-repo\output\rev005-interior-remediation-v04\qa\restaurant_povu_caf_kitchen_A_WIDE.png'
02:38.281  render           | Saved: 'C:\Users\sekip\Desktop\POVU-Kenya-FMCG-Campus-repo\output\rev005-interior-remediation-v04\qa\restaurant_povu_caf_kitchen_B_FUNCTIONAL.png'
02:41.109  render           | Saved: 'C:\Users\sekip\Desktop\POVU-Kenya-FMCG-Campus-repo\output\rev005-interior-remediation-v04\qa\restaurant_povu_caf_kitchen_C_PROCESS_OR_DETAIL.png'
02:45.266  render           | Saved: 'C:\Users\sekip\Desktop\POVU-Kenya-FMCG-Campus-repo\output\rev005-interior-remediation-v04\qa\security_reception_visitor_arrival_A_WIDE.png'
02:47.953  render           | Saved: 'C:\Users\sekip\Desktop\POVU-Kenya-FMCG-Campus-repo\output\rev005-interior-remediation-v04\qa\security_reception_visitor_arrival_B_FUNCTIONAL.png'
02:52.156  render           | Saved: 'C:\Users\sekip\Desktop\POVU-Kenya-FMCG-Campus-repo\output\rev005-interior-remediation-v04\qa\security_gatehouse_A_WIDE.png'
02:54.766  render           | Saved: 'C:\Users\sekip\Desktop\POVU-Kenya-FMCG-Campus-repo\output\rev005-interior-remediation-v04\qa\security_gatehouse_B_FUNCTIONAL.png'
02:59.078  render           | Saved: 'C:\Users\sekip\Desktop\POVU-Kenya-FMCG-Campus-repo\output\rev005-interior-remediation-v04\qa\toothpaste_production_A_WIDE.png'
03:01.828  render           | Saved: 'C:\Users\sekip\Desktop\POVU-Kenya-FMCG-Campus-repo\output\rev005-interior-remediation-v04\qa\toothpaste_production_B_FUNCTIONAL.png'
03:04.672  render           | Saved: 'C:\Users\sekip\Desktop\POVU-Kenya-FMCG-Campus-repo\output\rev005-interior-remediation-v04\qa\toothpaste_production_C_PROCESS_OR_DETAIL.png'
03:08.750  render           | Saved: 'C:\Users\sekip\Desktop\POVU-Kenya-FMCG-Campus-repo\output\rev005-interior-remediation-v04\qa\training_academy_A_WIDE.png'
03:11.406  render           | Saved: 'C:\Users\sekip\Desktop\POVU-Kenya-FMCG-Campus-repo\output\rev005-interior-remediation-v04\qa\training_academy_B_FUNCTIONAL.png'
03:15.531  render           | Saved: 'C:\Users\sekip\Desktop\POVU-Kenya-FMCG-Campus-repo\output\rev005-interior-remediation-v04\qa\utilities_engineering_A_WIDE.png'
03:18.313  render           | Saved: 'C:\Users\sekip\Desktop\POVU-Kenya-FMCG-Campus-repo\output\rev005-interior-remediation-v04\qa\utilities_engineering_B_FUNCTIONAL.png'
03:21.219  render           | Saved: 'C:\Users\sekip\Desktop\POVU-Kenya-FMCG-Campus-repo\output\rev005-interior-remediation-v04\qa\utilities_engineering_C_PROCESS_OR_DETAIL.png'
03:25.297  render           | Saved: 'C:\Users\sekip\Desktop\POVU-Kenya-FMCG-Campus-repo\output\rev005-interior-remediation-v04\qa\wellness_recreation_A_WIDE.png'
03:27.891  render           | Saved: 'C:\Users\sekip\Desktop\POVU-Kenya-FMCG-Campus-repo\output\rev005-interior-remediation-v04\qa\wellness_recreation_B_FUNCTIONAL.png'
03:32.125  render           | Saved: 'C:\Users\sekip\Desktop\POVU-Kenya-FMCG-Campus-repo\output\rev005-interior-remediation-v04\qa\wet_wipes_production_A_WIDE.png'
03:34.859  render           | Saved: 'C:\Users\sekip\Desktop\POVU-Kenya-FMCG-Campus-repo\output\rev005-interior-remediation-v04\qa\wet_wipes_production_B_FUNCTIONAL.png'
03:37.672  render           | Saved: 'C:\Users\sekip\Desktop\POVU-Kenya-FMCG-Campus-repo\output\rev005-interior-remediation-v04\qa\wet_wipes_production_C_PROCESS_OR_DETAIL.png'
BlenderMCP addon registered
{
  "status": "READY_FOR_GPT_REVIEW",
  "renders": 65,
  "groups": 26,
  "passes": 65,
  "weak_groups": 13
}
BlenderMCP addon unregistered
Blender 5.2.2 LTS (hash d13f752e3b9c built 2026-09-15 01:37:04)

Blender quit
