00:01.734  blend            | Read blend: "C:\Users\sekip\Desktop\POVU-Kenya-FMCG-Campus-repo\3d\revisions\REV005\POVU_KENYA_FMCG_CAMPUS_REV005_INTERIOR_COMPLETION_MASTER.blend"
00:12.625  render           | Saved: 'C:\Users\sekip\Desktop\POVU-Kenya-FMCG-Campus-repo\output\rev005-interior-remediation-v06\qa\administration_hq_r_d_qc_A_WIDE.png'
00:20.469  render           | Saved: 'C:\Users\sekip\Desktop\POVU-Kenya-FMCG-Campus-repo\output\rev005-interior-remediation-v06\qa\administration_hq_r_d_qc_B_FUNCTIONAL.png'
00:28.547  render           | Saved: 'C:\Users\sekip\Desktop\POVU-Kenya-FMCG-Campus-repo\output\rev005-interior-remediation-v06\qa\administration_hq_r_d_qc_C_PROCESS_OR_DETAIL.png'
00:42.156  render           | Saved: 'C:\Users\sekip\Desktop\POVU-Kenya-FMCG-Campus-repo\output\rev005-interior-remediation-v06\qa\bottle_blow_molding_A_WIDE.png'
00:50.453  render           | Saved: 'C:\Users\sekip\Desktop\POVU-Kenya-FMCG-Campus-repo\output\rev005-interior-remediation-v06\qa\bottle_blow_molding_B_FUNCTIONAL.png'
00:58.437  render           | Saved: 'C:\Users\sekip\Desktop\POVU-Kenya-FMCG-Campus-repo\output\rev005-interior-remediation-v06\qa\bottle_blow_molding_C_PROCESS_OR_DETAIL.png'
01:12.172  render           | Saved: 'C:\Users\sekip\Desktop\POVU-Kenya-FMCG-Campus-repo\output\rev005-interior-remediation-v06\qa\caps_and_trigger_assembly_A_WIDE.png'
01:20.187  render           | Saved: 'C:\Users\sekip\Desktop\POVU-Kenya-FMCG-Campus-repo\output\rev005-interior-remediation-v06\qa\caps_and_trigger_assembly_B_FUNCTIONAL.png'
01:33.875  render           | Saved: 'C:\Users\sekip\Desktop\POVU-Kenya-FMCG-Campus-repo\output\rev005-interior-remediation-v06\qa\chemical_compound_controlled_receiving_A_WIDE.png'
01:41.609  render           | Saved: 'C:\Users\sekip\Desktop\POVU-Kenya-FMCG-Campus-repo\output\rev005-interior-remediation-v06\qa\chemical_compound_controlled_receiving_B_FUNCTIONAL.png'
01:49.562  render           | Saved: 'C:\Users\sekip\Desktop\POVU-Kenya-FMCG-Campus-repo\output\rev005-interior-remediation-v06\qa\chemical_compound_controlled_receiving_C_PROCESS_OR_DETAIL.png'
02:02.922  render           | Saved: 'C:\Users\sekip\Desktop\POVU-Kenya-FMCG-Campus-repo\output\rev005-interior-remediation-v06\qa\daycare_cr_che_A_WIDE.png'
02:10.640  render           | Saved: 'C:\Users\sekip\Desktop\POVU-Kenya-FMCG-Campus-repo\output\rev005-interior-remediation-v06\qa\daycare_cr_che_B_FUNCTIONAL.png'
02:23.937  render           | Saved: 'C:\Users\sekip\Desktop\POVU-Kenya-FMCG-Campus-repo\output\rev005-interior-remediation-v06\qa\etp_water_treatment_A_WIDE.png'
02:31.906  render           | Saved: 'C:\Users\sekip\Desktop\POVU-Kenya-FMCG-Campus-repo\output\rev005-interior-remediation-v06\qa\etp_water_treatment_B_FUNCTIONAL.png'
02:39.765  render           | Saved: 'C:\Users\sekip\Desktop\POVU-Kenya-FMCG-Campus-repo\output\rev005-interior-remediation-v06\qa\etp_water_treatment_C_PROCESS_OR_DETAIL.png'
02:53.297  render           | Saved: 'C:\Users\sekip\Desktop\POVU-Kenya-FMCG-Campus-repo\output\rev005-interior-remediation-v06\qa\electrical_lv_mv_room_A_WIDE.png'
03:00.828  render           | Saved: 'C:\Users\sekip\Desktop\POVU-Kenya-FMCG-Campus-repo\output\rev005-interior-remediation-v06\qa\electrical_lv_mv_room_B_FUNCTIONAL.png'
03:14.328  render           | Saved: 'C:\Users\sekip\Desktop\POVU-Kenya-FMCG-Campus-repo\output\rev005-interior-remediation-v06\qa\employee_changing_shower_locker_support_A_WIDE.png'
03:21.781  render           | Saved: 'C:\Users\sekip\Desktop\POVU-Kenya-FMCG-Campus-repo\output\rev005-interior-remediation-v06\qa\employee_changing_shower_locker_support_B_FUNCTIONAL.png'
03:36.500  render           | Saved: 'C:\Users\sekip\Desktop\POVU-Kenya-FMCG-Campus-repo\output\rev005-interior-remediation-v06\qa\finished_goods_warehouse_dispatch_A_WIDE.png'
03:45.000  render           | Saved: 'C:\Users\sekip\Desktop\POVU-Kenya-FMCG-Campus-repo\output\rev005-interior-remediation-v06\qa\finished_goods_warehouse_dispatch_B_FUNCTIONAL.png'
03:53.359  render           | Saved: 'C:\Users\sekip\Desktop\POVU-Kenya-FMCG-Campus-repo\output\rev005-interior-remediation-v06\qa\finished_goods_warehouse_dispatch_C_PROCESS_OR_DETAIL.png'
04:06.969  render           | Saved: 'C:\Users\sekip\Desktop\POVU-Kenya-FMCG-Campus-repo\output\rev005-interior-remediation-v06\qa\fire_pump_house_A_WIDE.png'
04:15.125  render           | Saved: 'C:\Users\sekip\Desktop\POVU-Kenya-FMCG-Campus-repo\output\rev005-interior-remediation-v06\qa\fire_pump_house_B_FUNCTIONAL.png'
04:28.906  render           | Saved: 'C:\Users\sekip\Desktop\POVU-Kenya-FMCG-Campus-repo\output\rev005-interior-remediation-v06\qa\glass_deck_central_command_training_caf_gallery_A_WIDE.png'
04:36.781  render           | Saved: 'C:\Users\sekip\Desktop\POVU-Kenya-FMCG-Campus-repo\output\rev005-interior-remediation-v06\qa\glass_deck_central_command_training_caf_gallery_B_FUNCTIONAL.png'
04:44.906  render           | Saved: 'C:\Users\sekip\Desktop\POVU-Kenya-FMCG-Campus-repo\output\rev005-interior-remediation-v06\qa\glass_deck_central_command_training_caf_gallery_C_PROCESS_OR_DETAIL.png'
04:58.781  render           | Saved: 'C:\Users\sekip\Desktop\POVU-Kenya-FMCG-Campus-repo\output\rev005-interior-remediation-v06\qa\liquid_filling_packaging_A_WIDE.png'
05:06.594  render           | Saved: 'C:\Users\sekip\Desktop\POVU-Kenya-FMCG-Campus-repo\output\rev005-interior-remediation-v06\qa\liquid_filling_packaging_B_FUNCTIONAL.png'
05:14.672  render           | Saved: 'C:\Users\sekip\Desktop\POVU-Kenya-FMCG-Campus-repo\output\rev005-interior-remediation-v06\qa\liquid_filling_packaging_C_PROCESS_OR_DETAIL.png'
05:28.250  render           | Saved: 'C:\Users\sekip\Desktop\POVU-Kenya-FMCG-Campus-repo\output\rev005-interior-remediation-v06\qa\micro_ingredient_weigh_dispense_A_WIDE.png'
05:35.906  render           | Saved: 'C:\Users\sekip\Desktop\POVU-Kenya-FMCG-Campus-repo\output\rev005-interior-remediation-v06\qa\micro_ingredient_weigh_dispense_B_FUNCTIONAL.png'
05:52.375  render           | Saved: 'C:\Users\sekip\Desktop\POVU-Kenya-FMCG-Campus-repo\output\rev005-interior-remediation-v06\qa\occupational_health_first_aid_A_WIDE.png'
06:00.172  render           | Saved: 'C:\Users\sekip\Desktop\POVU-Kenya-FMCG-Campus-repo\output\rev005-interior-remediation-v06\qa\occupational_health_first_aid_B_FUNCTIONAL.png'
06:07.890  render           | Saved: 'C:\Users\sekip\Desktop\POVU-Kenya-FMCG-Campus-repo\output\rev005-interior-remediation-v06\qa\occupational_health_first_aid_C_PROCESS_OR_DETAIL.png'
06:20.125  render           | Saved: 'C:\Users\sekip\Desktop\POVU-Kenya-FMCG-Campus-repo\output\rev005-interior-remediation-v06\qa\packaging_warehouse_A_WIDE.png'
06:26.844  render           | Saved: 'C:\Users\sekip\Desktop\POVU-Kenya-FMCG-Campus-repo\output\rev005-interior-remediation-v06\qa\packaging_warehouse_B_FUNCTIONAL.png'
06:31.219  render           | Saved: 'C:\Users\sekip\Desktop\POVU-Kenya-FMCG-Campus-repo\output\rev005-interior-remediation-v06\qa\packaging_warehouse_C_PROCESS_OR_DETAIL.png'
06:40.953  render           | Saved: 'C:\Users\sekip\Desktop\POVU-Kenya-FMCG-Campus-repo\output\rev005-interior-remediation-v06\qa\powder_handling_packing_A_WIDE.png'
06:49.203  render           | Saved: 'C:\Users\sekip\Desktop\POVU-Kenya-FMCG-Campus-repo\output\rev005-interior-remediation-v06\qa\powder_handling_packing_B_FUNCTIONAL.png'
06:56.828  render           | Saved: 'C:\Users\sekip\Desktop\POVU-Kenya-FMCG-Campus-repo\output\rev005-interior-remediation-v06\qa\powder_handling_packing_C_PROCESS_OR_DETAIL.png'
07:10.234  render           | Saved: 'C:\Users\sekip\Desktop\POVU-Kenya-FMCG-Campus-repo\output\rev005-interior-remediation-v06\qa\production_hall_wet_processing_process_core_A_WIDE.png'
07:17.969  render           | Saved: 'C:\Users\sekip\Desktop\POVU-Kenya-FMCG-Campus-repo\output\rev005-interior-remediation-v06\qa\production_hall_wet_processing_process_core_B_FUNCTIONAL.png'
07:25.812  render           | Saved: 'C:\Users\sekip\Desktop\POVU-Kenya-FMCG-Campus-repo\output\rev005-interior-remediation-v06\qa\production_hall_wet_processing_process_core_C_PROCESS_OR_DETAIL.png'
07:40.375  render           | Saved: 'C:\Users\sekip\Desktop\POVU-Kenya-FMCG-Campus-repo\output\rev005-interior-remediation-v06\qa\raw_material_warehouse_receiving_A_WIDE.png'
07:48.765  render           | Saved: 'C:\Users\sekip\Desktop\POVU-Kenya-FMCG-Campus-repo\output\rev005-interior-remediation-v06\qa\raw_material_warehouse_receiving_B_FUNCTIONAL.png'
07:57.109  render           | Saved: 'C:\Users\sekip\Desktop\POVU-Kenya-FMCG-Campus-repo\output\rev005-interior-remediation-v06\qa\raw_material_warehouse_receiving_C_PROCESS_OR_DETAIL.png'
08:10.734  render           | Saved: 'C:\Users\sekip\Desktop\POVU-Kenya-FMCG-Campus-repo\output\rev005-interior-remediation-v06\qa\restaurant_povu_caf_kitchen_A_WIDE.png'
08:20.203  render           | Saved: 'C:\Users\sekip\Desktop\POVU-Kenya-FMCG-Campus-repo\output\rev005-interior-remediation-v06\qa\restaurant_povu_caf_kitchen_B_FUNCTIONAL.png'
08:31.156  render           | Saved: 'C:\Users\sekip\Desktop\POVU-Kenya-FMCG-Campus-repo\output\rev005-interior-remediation-v06\qa\restaurant_povu_caf_kitchen_C_PROCESS_OR_DETAIL.png'
08:49.765  render           | Saved: 'C:\Users\sekip\Desktop\POVU-Kenya-FMCG-Campus-repo\output\rev005-interior-remediation-v06\qa\security_reception_visitor_arrival_A_WIDE.png'
08:57.515  render           | Saved: 'C:\Users\sekip\Desktop\POVU-Kenya-FMCG-Campus-repo\output\rev005-interior-remediation-v06\qa\security_reception_visitor_arrival_B_FUNCTIONAL.png'
09:05.765  render           | Saved: 'C:\Users\sekip\Desktop\POVU-Kenya-FMCG-Campus-repo\output\rev005-interior-remediation-v06\qa\security_reception_visitor_arrival_C_PROCESS_OR_DETAIL.png'
09:21.469  render           | Saved: 'C:\Users\sekip\Desktop\POVU-Kenya-FMCG-Campus-repo\output\rev005-interior-remediation-v06\qa\security_gatehouse_A_WIDE.png'
09:27.969  render           | Saved: 'C:\Users\sekip\Desktop\POVU-Kenya-FMCG-Campus-repo\output\rev005-interior-remediation-v06\qa\security_gatehouse_B_FUNCTIONAL.png'
09:34.015  render           | Saved: 'C:\Users\sekip\Desktop\POVU-Kenya-FMCG-Campus-repo\output\rev005-interior-remediation-v06\qa\security_gatehouse_C_PROCESS_OR_DETAIL.png'
09:40.922  render           | Saved: 'C:\Users\sekip\Desktop\POVU-Kenya-FMCG-Campus-repo\output\rev005-interior-remediation-v06\qa\toothpaste_production_A_WIDE.png'
09:44.797  render           | Saved: 'C:\Users\sekip\Desktop\POVU-Kenya-FMCG-Campus-repo\output\rev005-interior-remediation-v06\qa\toothpaste_production_B_FUNCTIONAL.png'
09:48.890  render           | Saved: 'C:\Users\sekip\Desktop\POVU-Kenya-FMCG-Campus-repo\output\rev005-interior-remediation-v06\qa\toothpaste_production_C_PROCESS_OR_DETAIL.png'
09:55.265  render           | Saved: 'C:\Users\sekip\Desktop\POVU-Kenya-FMCG-Campus-repo\output\rev005-interior-remediation-v06\qa\training_academy_A_WIDE.png'
09:59.187  render           | Saved: 'C:\Users\sekip\Desktop\POVU-Kenya-FMCG-Campus-repo\output\rev005-interior-remediation-v06\qa\training_academy_B_FUNCTIONAL.png'
10:03.250  render           | Saved: 'C:\Users\sekip\Desktop\POVU-Kenya-FMCG-Campus-repo\output\rev005-interior-remediation-v06\qa\training_academy_C_PROCESS_OR_DETAIL.png'
10:11.500  render           | Saved: 'C:\Users\sekip\Desktop\POVU-Kenya-FMCG-Campus-repo\output\rev005-interior-remediation-v06\qa\utilities_engineering_A_WIDE.png'
10:15.547  render           | Saved: 'C:\Users\sekip\Desktop\POVU-Kenya-FMCG-Campus-repo\output\rev005-interior-remediation-v06\qa\utilities_engineering_B_FUNCTIONAL.png'
10:19.265  render           | Saved: 'C:\Users\sekip\Desktop\POVU-Kenya-FMCG-Campus-repo\output\rev005-interior-remediation-v06\qa\utilities_engineering_C_PROCESS_OR_DETAIL.png'
10:28.875  render           | Saved: 'C:\Users\sekip\Desktop\POVU-Kenya-FMCG-Campus-repo\output\rev005-interior-remediation-v06\qa\wellness_recreation_A_WIDE.png'
10:36.656  render           | Saved: 'C:\Users\sekip\Desktop\POVU-Kenya-FMCG-Campus-repo\output\rev005-interior-remediation-v06\qa\wellness_recreation_B_FUNCTIONAL.png'
10:44.687  render           | Saved: 'C:\Users\sekip\Desktop\POVU-Kenya-FMCG-Campus-repo\output\rev005-interior-remediation-v06\qa\wellness_recreation_C_PROCESS_OR_DETAIL.png'
11:00.156  render           | Saved: 'C:\Users\sekip\Desktop\POVU-Kenya-FMCG-Campus-repo\output\rev005-interior-remediation-v06\qa\wet_wipes_production_A_WIDE.png'
11:09.109  render           | Saved: 'C:\Users\sekip\Desktop\POVU-Kenya-FMCG-Campus-repo\output\rev005-interior-remediation-v06\qa\wet_wipes_production_B_FUNCTIONAL.png'
11:18.062  render           | Saved: 'C:\Users\sekip\Desktop\POVU-Kenya-FMCG-Campus-repo\output\rev005-interior-remediation-v06\qa\wet_wipes_production_C_PROCESS_OR_DETAIL.png'
BlenderMCP addon registered
{
  "status": "READY_FOR_GPT_REVIEW",
  "renders": 72,
  "groups": 26,
  "passes": 72
}
BlenderMCP addon unregistered
Blender 5.2.2 LTS (hash d13f752e3b9c built 2026-09-15 01:37:04)

Blender quit
