00:01.750  blend            | Read blend: "C:\Users\sekip\Desktop\POVU-Kenya-FMCG-Campus-repo\3d\revisions\REV005\POVU_KENYA_FMCG_CAMPUS_REV005_INTERIOR_COMPLETION_MASTER.blend"
00:14.000  render           | Saved: 'C:\Users\sekip\Desktop\POVU-Kenya-FMCG-Campus-repo\output\rev005-interior-remediation-v07\qa\administration_hq_r_d_qc_A_CONTEXT.png'
00:23.547  render           | Saved: 'C:\Users\sekip\Desktop\POVU-Kenya-FMCG-Campus-repo\output\rev005-interior-remediation-v07\qa\administration_hq_r_d_qc_B_FUNCTIONAL.png'
00:33.172  render           | Saved: 'C:\Users\sekip\Desktop\POVU-Kenya-FMCG-Campus-repo\output\rev005-interior-remediation-v07\qa\administration_hq_r_d_qc_C_SEQUENCE.png'
00:50.453  render           | Saved: 'C:\Users\sekip\Desktop\POVU-Kenya-FMCG-Campus-repo\output\rev005-interior-remediation-v07\qa\bottle_blow_molding_A_CONTEXT.png'
01:00.250  render           | Saved: 'C:\Users\sekip\Desktop\POVU-Kenya-FMCG-Campus-repo\output\rev005-interior-remediation-v07\qa\bottle_blow_molding_B_FUNCTIONAL.png'
01:10.078  render           | Saved: 'C:\Users\sekip\Desktop\POVU-Kenya-FMCG-Campus-repo\output\rev005-interior-remediation-v07\qa\bottle_blow_molding_C_SEQUENCE.png'
01:26.703  render           | Saved: 'C:\Users\sekip\Desktop\POVU-Kenya-FMCG-Campus-repo\output\rev005-interior-remediation-v07\qa\caps_and_trigger_assembly_A_CONTEXT.png'
01:36.484  render           | Saved: 'C:\Users\sekip\Desktop\POVU-Kenya-FMCG-Campus-repo\output\rev005-interior-remediation-v07\qa\caps_and_trigger_assembly_B_FUNCTIONAL.png'
01:53.656  render           | Saved: 'C:\Users\sekip\Desktop\POVU-Kenya-FMCG-Campus-repo\output\rev005-interior-remediation-v07\qa\chemical_compound_controlled_receiving_A_CONTEXT.png'
02:03.281  render           | Saved: 'C:\Users\sekip\Desktop\POVU-Kenya-FMCG-Campus-repo\output\rev005-interior-remediation-v07\qa\chemical_compound_controlled_receiving_B_FUNCTIONAL.png'
02:13.203  render           | Saved: 'C:\Users\sekip\Desktop\POVU-Kenya-FMCG-Campus-repo\output\rev005-interior-remediation-v07\qa\chemical_compound_controlled_receiving_C_SEQUENCE.png'
02:29.859  render           | Saved: 'C:\Users\sekip\Desktop\POVU-Kenya-FMCG-Campus-repo\output\rev005-interior-remediation-v07\qa\daycare_cr_che_A_CONTEXT.png'
02:39.500  render           | Saved: 'C:\Users\sekip\Desktop\POVU-Kenya-FMCG-Campus-repo\output\rev005-interior-remediation-v07\qa\daycare_cr_che_B_FUNCTIONAL.png'
02:55.687  render           | Saved: 'C:\Users\sekip\Desktop\POVU-Kenya-FMCG-Campus-repo\output\rev005-interior-remediation-v07\qa\etp_water_treatment_A_CONTEXT.png'
03:05.015  render           | Saved: 'C:\Users\sekip\Desktop\POVU-Kenya-FMCG-Campus-repo\output\rev005-interior-remediation-v07\qa\etp_water_treatment_B_FUNCTIONAL.png'
03:14.312  render           | Saved: 'C:\Users\sekip\Desktop\POVU-Kenya-FMCG-Campus-repo\output\rev005-interior-remediation-v07\qa\etp_water_treatment_C_SEQUENCE.png'
03:29.187  render           | Saved: 'C:\Users\sekip\Desktop\POVU-Kenya-FMCG-Campus-repo\output\rev005-interior-remediation-v07\qa\electrical_lv_mv_room_A_CONTEXT.png'
03:36.859  render           | Saved: 'C:\Users\sekip\Desktop\POVU-Kenya-FMCG-Campus-repo\output\rev005-interior-remediation-v07\qa\electrical_lv_mv_room_B_FUNCTIONAL.png'
03:51.109  render           | Saved: 'C:\Users\sekip\Desktop\POVU-Kenya-FMCG-Campus-repo\output\rev005-interior-remediation-v07\qa\employee_changing_shower_locker_support_A_CONTEXT.png'
03:59.453  render           | Saved: 'C:\Users\sekip\Desktop\POVU-Kenya-FMCG-Campus-repo\output\rev005-interior-remediation-v07\qa\employee_changing_shower_locker_support_B_FUNCTIONAL.png'
04:14.843  render           | Saved: 'C:\Users\sekip\Desktop\POVU-Kenya-FMCG-Campus-repo\output\rev005-interior-remediation-v07\qa\finished_goods_warehouse_dispatch_A_CONTEXT.png'
04:24.343  render           | Saved: 'C:\Users\sekip\Desktop\POVU-Kenya-FMCG-Campus-repo\output\rev005-interior-remediation-v07\qa\finished_goods_warehouse_dispatch_B_FUNCTIONAL.png'
04:34.765  render           | Saved: 'C:\Users\sekip\Desktop\POVU-Kenya-FMCG-Campus-repo\output\rev005-interior-remediation-v07\qa\finished_goods_warehouse_dispatch_C_SEQUENCE.png'
04:49.937  render           | Saved: 'C:\Users\sekip\Desktop\POVU-Kenya-FMCG-Campus-repo\output\rev005-interior-remediation-v07\qa\fire_pump_house_A_CONTEXT.png'
04:58.937  render           | Saved: 'C:\Users\sekip\Desktop\POVU-Kenya-FMCG-Campus-repo\output\rev005-interior-remediation-v07\qa\fire_pump_house_B_FUNCTIONAL.png'
05:14.953  render           | Saved: 'C:\Users\sekip\Desktop\POVU-Kenya-FMCG-Campus-repo\output\rev005-interior-remediation-v07\qa\glass_deck_central_command_training_caf_gallery_A_CONTEXT.png'
05:24.390  render           | Saved: 'C:\Users\sekip\Desktop\POVU-Kenya-FMCG-Campus-repo\output\rev005-interior-remediation-v07\qa\glass_deck_central_command_training_caf_gallery_B_FUNCTIONAL.png'
05:33.593  render           | Saved: 'C:\Users\sekip\Desktop\POVU-Kenya-FMCG-Campus-repo\output\rev005-interior-remediation-v07\qa\glass_deck_central_command_training_caf_gallery_C_SEQUENCE.png'
05:49.250  render           | Saved: 'C:\Users\sekip\Desktop\POVU-Kenya-FMCG-Campus-repo\output\rev005-interior-remediation-v07\qa\liquid_filling_packaging_A_CONTEXT.png'
05:58.578  render           | Saved: 'C:\Users\sekip\Desktop\POVU-Kenya-FMCG-Campus-repo\output\rev005-interior-remediation-v07\qa\liquid_filling_packaging_B_FUNCTIONAL.png'
06:07.890  render           | Saved: 'C:\Users\sekip\Desktop\POVU-Kenya-FMCG-Campus-repo\output\rev005-interior-remediation-v07\qa\liquid_filling_packaging_C_SEQUENCE.png'
06:23.656  render           | Saved: 'C:\Users\sekip\Desktop\POVU-Kenya-FMCG-Campus-repo\output\rev005-interior-remediation-v07\qa\micro_ingredient_weigh_dispense_A_CONTEXT.png'
06:32.078  render           | Saved: 'C:\Users\sekip\Desktop\POVU-Kenya-FMCG-Campus-repo\output\rev005-interior-remediation-v07\qa\micro_ingredient_weigh_dispense_B_FUNCTIONAL.png'
06:45.968  render           | Saved: 'C:\Users\sekip\Desktop\POVU-Kenya-FMCG-Campus-repo\output\rev005-interior-remediation-v07\qa\occupational_health_first_aid_A_CONTEXT.png'
06:54.687  render           | Saved: 'C:\Users\sekip\Desktop\POVU-Kenya-FMCG-Campus-repo\output\rev005-interior-remediation-v07\qa\occupational_health_first_aid_B_FUNCTIONAL.png'
07:03.640  render           | Saved: 'C:\Users\sekip\Desktop\POVU-Kenya-FMCG-Campus-repo\output\rev005-interior-remediation-v07\qa\occupational_health_first_aid_C_SEQUENCE.png'
07:19.172  render           | Saved: 'C:\Users\sekip\Desktop\POVU-Kenya-FMCG-Campus-repo\output\rev005-interior-remediation-v07\qa\packaging_warehouse_A_CONTEXT.png'
07:28.531  render           | Saved: 'C:\Users\sekip\Desktop\POVU-Kenya-FMCG-Campus-repo\output\rev005-interior-remediation-v07\qa\packaging_warehouse_B_FUNCTIONAL.png'
07:37.968  render           | Saved: 'C:\Users\sekip\Desktop\POVU-Kenya-FMCG-Campus-repo\output\rev005-interior-remediation-v07\qa\packaging_warehouse_C_SEQUENCE.png'
07:54.000  render           | Saved: 'C:\Users\sekip\Desktop\POVU-Kenya-FMCG-Campus-repo\output\rev005-interior-remediation-v07\qa\powder_handling_packing_A_CONTEXT.png'
08:02.922  render           | Saved: 'C:\Users\sekip\Desktop\POVU-Kenya-FMCG-Campus-repo\output\rev005-interior-remediation-v07\qa\powder_handling_packing_B_FUNCTIONAL.png'
08:11.984  render           | Saved: 'C:\Users\sekip\Desktop\POVU-Kenya-FMCG-Campus-repo\output\rev005-interior-remediation-v07\qa\powder_handling_packing_C_SEQUENCE.png'
08:27.140  render           | Saved: 'C:\Users\sekip\Desktop\POVU-Kenya-FMCG-Campus-repo\output\rev005-interior-remediation-v07\qa\production_hall_wet_processing_process_core_A_CONTEXT.png'
08:36.359  render           | Saved: 'C:\Users\sekip\Desktop\POVU-Kenya-FMCG-Campus-repo\output\rev005-interior-remediation-v07\qa\production_hall_wet_processing_process_core_B_FUNCTIONAL.png'
08:45.375  render           | Saved: 'C:\Users\sekip\Desktop\POVU-Kenya-FMCG-Campus-repo\output\rev005-interior-remediation-v07\qa\production_hall_wet_processing_process_core_C_SEQUENCE.png'
09:01.890  render           | Saved: 'C:\Users\sekip\Desktop\POVU-Kenya-FMCG-Campus-repo\output\rev005-interior-remediation-v07\qa\raw_material_warehouse_receiving_A_CONTEXT.png'
09:11.422  render           | Saved: 'C:\Users\sekip\Desktop\POVU-Kenya-FMCG-Campus-repo\output\rev005-interior-remediation-v07\qa\raw_material_warehouse_receiving_B_FUNCTIONAL.png'
09:20.890  render           | Saved: 'C:\Users\sekip\Desktop\POVU-Kenya-FMCG-Campus-repo\output\rev005-interior-remediation-v07\qa\raw_material_warehouse_receiving_C_SEQUENCE.png'
09:34.312  render           | Saved: 'C:\Users\sekip\Desktop\POVU-Kenya-FMCG-Campus-repo\output\rev005-interior-remediation-v07\qa\restaurant_povu_caf_kitchen_A_CONTEXT.png'
09:42.843  render           | Saved: 'C:\Users\sekip\Desktop\POVU-Kenya-FMCG-Campus-repo\output\rev005-interior-remediation-v07\qa\restaurant_povu_caf_kitchen_B_FUNCTIONAL.png'
09:51.875  render           | Saved: 'C:\Users\sekip\Desktop\POVU-Kenya-FMCG-Campus-repo\output\rev005-interior-remediation-v07\qa\restaurant_povu_caf_kitchen_C_SEQUENCE.png'
10:06.734  render           | Saved: 'C:\Users\sekip\Desktop\POVU-Kenya-FMCG-Campus-repo\output\rev005-interior-remediation-v07\qa\security_reception_visitor_arrival_A_CONTEXT.png'
10:16.000  render           | Saved: 'C:\Users\sekip\Desktop\POVU-Kenya-FMCG-Campus-repo\output\rev005-interior-remediation-v07\qa\security_reception_visitor_arrival_B_FUNCTIONAL.png'
10:24.843  render           | Saved: 'C:\Users\sekip\Desktop\POVU-Kenya-FMCG-Campus-repo\output\rev005-interior-remediation-v07\qa\security_reception_visitor_arrival_C_SEQUENCE.png'
10:37.828  render           | Saved: 'C:\Users\sekip\Desktop\POVU-Kenya-FMCG-Campus-repo\output\rev005-interior-remediation-v07\qa\security_gatehouse_A_CONTEXT.png'
10:45.875  render           | Saved: 'C:\Users\sekip\Desktop\POVU-Kenya-FMCG-Campus-repo\output\rev005-interior-remediation-v07\qa\security_gatehouse_B_FUNCTIONAL.png'
10:54.187  render           | Saved: 'C:\Users\sekip\Desktop\POVU-Kenya-FMCG-Campus-repo\output\rev005-interior-remediation-v07\qa\security_gatehouse_C_SEQUENCE.png'
11:08.406  render           | Saved: 'C:\Users\sekip\Desktop\POVU-Kenya-FMCG-Campus-repo\output\rev005-interior-remediation-v07\qa\toothpaste_production_A_CONTEXT.png'
11:17.250  render           | Saved: 'C:\Users\sekip\Desktop\POVU-Kenya-FMCG-Campus-repo\output\rev005-interior-remediation-v07\qa\toothpaste_production_B_FUNCTIONAL.png'
11:26.843  render           | Saved: 'C:\Users\sekip\Desktop\POVU-Kenya-FMCG-Campus-repo\output\rev005-interior-remediation-v07\qa\toothpaste_production_C_SEQUENCE.png'
11:41.703  render           | Saved: 'C:\Users\sekip\Desktop\POVU-Kenya-FMCG-Campus-repo\output\rev005-interior-remediation-v07\qa\training_academy_A_CONTEXT.png'
11:49.359  render           | Saved: 'C:\Users\sekip\Desktop\POVU-Kenya-FMCG-Campus-repo\output\rev005-interior-remediation-v07\qa\training_academy_B_FUNCTIONAL.png'
11:57.922  render           | Saved: 'C:\Users\sekip\Desktop\POVU-Kenya-FMCG-Campus-repo\output\rev005-interior-remediation-v07\qa\training_academy_C_SEQUENCE.png'
12:12.937  render           | Saved: 'C:\Users\sekip\Desktop\POVU-Kenya-FMCG-Campus-repo\output\rev005-interior-remediation-v07\qa\utilities_engineering_A_CONTEXT.png'
12:21.484  render           | Saved: 'C:\Users\sekip\Desktop\POVU-Kenya-FMCG-Campus-repo\output\rev005-interior-remediation-v07\qa\utilities_engineering_B_FUNCTIONAL.png'
12:29.078  render           | Saved: 'C:\Users\sekip\Desktop\POVU-Kenya-FMCG-Campus-repo\output\rev005-interior-remediation-v07\qa\utilities_engineering_C_SEQUENCE.png'
12:43.984  render           | Saved: 'C:\Users\sekip\Desktop\POVU-Kenya-FMCG-Campus-repo\output\rev005-interior-remediation-v07\qa\wellness_recreation_A_CONTEXT.png'
12:52.609  render           | Saved: 'C:\Users\sekip\Desktop\POVU-Kenya-FMCG-Campus-repo\output\rev005-interior-remediation-v07\qa\wellness_recreation_B_FUNCTIONAL.png'
13:01.203  render           | Saved: 'C:\Users\sekip\Desktop\POVU-Kenya-FMCG-Campus-repo\output\rev005-interior-remediation-v07\qa\wellness_recreation_C_SEQUENCE.png'
13:15.781  render           | Saved: 'C:\Users\sekip\Desktop\POVU-Kenya-FMCG-Campus-repo\output\rev005-interior-remediation-v07\qa\wet_wipes_production_A_CONTEXT.png'
13:23.531  render           | Saved: 'C:\Users\sekip\Desktop\POVU-Kenya-FMCG-Campus-repo\output\rev005-interior-remediation-v07\qa\wet_wipes_production_B_FUNCTIONAL.png'
13:32.125  render           | Saved: 'C:\Users\sekip\Desktop\POVU-Kenya-FMCG-Campus-repo\output\rev005-interior-remediation-v07\qa\wet_wipes_production_C_SEQUENCE.png'
BlenderMCP addon registered
{
  "status": "READY_FOR_GPT_REVIEW",
  "renders": 72,
  "groups": 26,
  "passes": 72
}
BlenderMCP addon unregistered
Blender 5.2.2 LTS (hash d13f752e3b9c built 2026-09-15 01:37:04)

Blender quit
