BlenderMCP addon registered
ℹ️  blendkit: Verbose is enabled [15:40:51.167, addon_updater.py:150]
ℹ️  blendkit: Read in JSON settings from file [15:40:51.169, addon_updater.py:150]
ℹ️  blendkit: Ports reordered so first port is now 62485 (previous index was 0) [15:40:51.170, client_lib.py:163]
ℹ️  blendkit: Verbose is enabled [15:40:51.231, addon_updater.py:150]
register_class(...):
Info: Registering operator class: 'AddonUpdaterInstallPopup', bl_idname 'blenderkit.updater_install_popup' has been registered before, unregistering previous
register_class(...):
Info: Registering operator class: 'AddonUpdaterCheckNow', bl_idname 'blenderkit.updater_check_now' has been registered before, unregistering previous
register_class(...):
Info: Registering operator class: 'AddonUpdaterUpdateNow', bl_idname 'blenderkit.updater_update_now' has been registered before, unregistering previous
register_class(...):
Info: Registering operator class: 'AddonUpdaterUpdateTarget', bl_idname 'blenderkit.updater_update_target' has been registered before, unregistering previous
register_class(...):
Info: Registering operator class: 'AddonUpdaterInstallManually', bl_idname 'blenderkit.updater_install_manually' has been registered before, unregistering previous
register_class(...):
Info: Registering operator class: 'AddonUpdaterUpdatedSuccessful', bl_idname 'blenderkit.updater_update_successful' has been registered before, unregistering previous
register_class(...):
Info: Registering operator class: 'AddonUpdaterRestoreBackup', bl_idname 'blenderkit.updater_restore_backup' has been registered before, unregistering previous
register_class(...):
Info: Registering operator class: 'AddonUpdaterIgnore', bl_idname 'blenderkit.updater_ignore' has been registered before, unregistering previous
register_class(...):
Info: Registering operator class: 'AddonUpdaterEndBackground', bl_idname 'blenderkit.end_background_check' has been registered before, unregistering previous
ℹ️  blendkit: Read in JSON settings from file [15:40:51.232, addon_updater.py:150]
ℹ️  blendkit: Ports reordered so first port is now 62485 (previous index was 0) [15:40:51.234, client_lib.py:163]
register_class(...):
Info: Registering operator class: 'SearchOperator', bl_idname 'view3d.blenderkit_search' has been registered before, unregistering previous
register_class(...):
Info: Registering operator class: 'UrlOperator', bl_idname 'wm.blenderkit_url' has been registered before, unregistering previous
register_class(...):
Info: Registering operator class: 'TooltipLabelOperator', bl_idname 'wm.blenderkit_tooltip' has been registered before, unregistering previous
register_class(...):
Info: Registering operator class: 'AuthorAssetTypeSearch', bl_idname 'view3d.blenderkit_author_asset_type_search' has been registered before, unregistering previous
register_class(...):
Info: Registering operator class: 'AuthorAssetTypePopup', bl_idname 'view3d.blenderkit_author_asset_type_popup' has been registered before, unregistering previous
register_class(...):
Info: Registering operator class: 'AutoFillTags', bl_idname 'object.blenderkit_auto_tags' has been registered before, unregistering previous
register_class(...):
Info: Registering operator class: 'BlenderkitDownloadOperator', bl_idname 'scene.blenderkit_download' has been registered before, unregistering previous
register_class(...):
Info: Registering operator class: 'BlenderkitKillDownloadOperator', bl_idname 'scene.blenderkit_download_kill' has been registered before, unregistering previous
register_class(...):
Info: Registering operator class: 'BlenderkitAddonChoiceOperator', bl_idname 'scene.blenderkit_addon_choice' has been registered before, unregistering previous
register_class(...):
Info: Registering operator class: 'DryRunExportOperator', bl_idname 'object.blenderkit_dry_run_export' has been registered before, unregistering previous
register_class(...):
Info: Registering operator class: 'UploadOperator', bl_idname 'object.blenderkit_upload' has been registered before, unregistering previous
register_class(...):
Info: Registering operator class: 'FastMetadata', bl_idname 'wm.blenderkit_fast_metadata' has been registered before, unregistering previous
register_class(...):
Info: Registering operator class: 'AssetDebugPrint', bl_idname 'object.blenderkit_print_asset_debug' has been registered before, unregistering previous
register_class(...):
Info: Registering operator class: 'AssetVerificationStatusChange', bl_idname 'object.blenderkit_change_status' has been registered before, unregistering previous
register_class(...):
Info: Registering operator class: 'FastRateMenu', bl_idname 'wm.blenderkit_menu_rating_upload' has been registered before, unregistering previous
register_class(...):
Info: Registering operator class: 'SetBookmark', bl_idname 'wm.blenderkit_bookmark_asset' has been registered before, unregistering previous
register_class(...):
Info: Registering operator class: 'SetNotUsed', bl_idname 'wm.blenderkit_not_used' has been registered before, unregistering previous
register_class(...):
Info: Registering menu class: 'NotUsedMenu', bl_idname 'OBJECT_MT_blenderkit_not_used' has been registered before, unregistering previous
register_class(...):
Info: Registering gizmo class: 'RatingStarWidget', bl_idname 'VIEW3D_GT_custom_shape_widget' has been registered before, unregistering previous
register_class(...):
Info: Registering operator class: 'GenerateThumbnailOperator', bl_idname 'object.blenderkit_generate_thumbnail' has been registered before, unregistering previous
register_class(...):
Info: Registering operator class: 'ReGenerateThumbnailOperator', bl_idname 'object.blenderkit_regenerate_thumbnail' has been registered before, unregistering previous
register_class(...):
Info: Registering operator class: 'GenerateMaterialThumbnailOperator', bl_idname 'object.blenderkit_generate_material_thumbnail' has been registered before, unregistering previous
register_class(...):
Info: Registering operator class: 'ReGenerateMaterialThumbnailOperator', bl_idname 'object.blenderkit_regenerate_material_thumbnail' has been registered before, unregistering previous
register_class(...):
Info: Registering operator class: 'AssetBarModalStarter', bl_idname 'view3d.run_assetbar_start_modal' has been registered before, unregistering previous
register_class(...):
Info: Registering operator class: 'RunAssetBarWithContext', bl_idname 'view3d.run_assetbar_fix_context' has been registered before, unregistering previous
register_class(...):
Info: Registering operator class: 'TransferBlenderkitData', bl_idname 'object.blenderkit_data_trasnfer' has been registered before, unregistering previous
register_class(...):
Info: Registering operator class: 'ParticlesDropDialog', bl_idname 'object.blenderkit_particles_drop' has been registered before, unregistering previous
register_class(...):
Info: Registering operator class: 'BLENDERKIT_OT_hdr_thumbnail_tune', bl_idname 'wm.blenderkit_hdr_thumbnail_tune' has been registered before, unregistering previous
register_class(...):
Info: Registering operator class: 'BLENDERKIT_OT_show_validation_popup', bl_idname 'wm.blenderkit_show_validation_popup' has been registered before, unregistering previous
register_class(...):
Info: Registering operator class: 'BLENDERKIT_OT_permissions_error_popup', bl_idname 'wm.blenderkit_permissions_error_popup' has been registered before, unregistering previous
register_class(...):
Info: Registering operator class: 'BLENDERKIT_OT_set_default_directory', bl_idname 'wm.blenderkit_set_default_directory' has been registered before, unregistering previous
register_class(...):
Info: Registering operator class: 'SetCategoryOperatorOrigin', bl_idname 'view3d.blenderkit_set_category_origin' has been registered before, unregistering previous
register_class(...):
Info: Registering operator class: 'SetCategoryOperator', bl_idname 'view3d.blenderkit_set_category' has been registered before, unregistering previous
register_class(...):
Info: Registering operator class: 'SetCategoryOperatorInPopupCard', bl_idname 'view3d.blenderkit_set_category_in_popup_card' has been registered before, unregistering previous
register_class(...):
Info: Registering operator class: 'SetCategoryOperatorLastInPopupCard', bl_idname 'view3d.blenderkit_set_category_in_popup_card_last' has been registered before, unregistering previous
register_class(...):
Info: Registering operator class: 'ClearSearchKeywords', bl_idname 'view3d.blenderkit_clear_search_keywords' has been registered before, unregistering previous
register_class(...):
Info: Registering operator class: 'SetCommentReplyId', bl_idname 'view3d.blenderkit_set_comment_reply_id' has been registered before, unregistering previous
register_class(...):
Info: Registering panel class: 'VIEW3D_PT_blenderkit_profile', bl_idname 'VIEW3D_PT_blenderkit_profile' has been registered before, unregistering previous
register_class(...):
Info: Registering panel class: 'VIEW3D_PT_blenderkit_unified', bl_idname 'VIEW3D_PT_blenderkit_unified' has been registered before, unregistering previous
register_class(...):
Info: Registering panel class: 'VIEW3D_PT_blenderkit_advanced_model_search', bl_idname 'VIEW3D_PT_blenderkit_advanced_model_search' has been registered before, unregistering previous
register_class(...):
Info: Registering panel class: 'VIEW3D_PT_blenderkit_advanced_material_search', bl_idname 'VIEW3D_PT_blenderkit_advanced_material_search' has been registered before, unregistering previous
register_class(...):
Info: Registering panel class: 'VIEW3D_PT_blenderkit_advanced_scene_search', bl_idname 'VIEW3D_PT_blenderkit_advanced_scene_search' has been registered before, unregistering previous
register_class(...):
Info: Registering panel class: 'VIEW3D_PT_blenderkit_advanced_HDR_search', bl_idname 'VIEW3D_PT_blenderkit_advanced_HDR_search' has been registered before, unregistering previous
register_class(...):
Info: Registering panel class: 'VIEW3D_PT_blenderkit_advanced_brush_search', bl_idname 'VIEW3D_PT_blenderkit_advanced_brush_search' has been registered before, unregistering previous
register_class(...):
Info: Registering panel class: 'VIEW3D_PT_blenderkit_advanced_nodegroup_search', bl_idname 'VIEW3D_PT_blenderkit_advanced_nodegroup_search' has been registered before, unregistering previous
register_class(...):
Info: Registering panel class: 'VIEW3D_PT_blenderkit_advanced_addon_search', bl_idname 'VIEW3D_PT_blenderkit_advanced_addon_search' has been registered before, unregistering previous
register_class(...):
Info: Registering panel class: 'VIEW3D_PT_blenderkit_advanced_author_search', bl_idname 'VIEW3D_PT_blenderkit_advanced_author_search' has been registered before, unregistering previous
register_class(...):
Info: Registering panel class: 'VIEW3D_PT_blenderkit_advanced_printable_search', bl_idname 'VIEW3D_PT_blenderkit_advanced_printable_search' has been registered before, unregistering previous
register_class(...):
Info: Registering panel class: 'VIEW3D_PT_blenderkit_categories', bl_idname 'VIEW3D_PT_blenderkit_categories' has been registered before, unregistering previous
register_class(...):
Info: Registering panel class: 'VIEW3D_PT_blenderkit_import_settings', bl_idname 'VIEW3D_PT_blenderkit_import_settings' has been registered before, unregistering previous
register_class(...):
Info: Registering panel class: 'VIEW3D_PT_blenderkit_model_properties', bl_idname 'VIEW3D_PT_blenderkit_model_properties' has been registered before, unregistering previous
register_class(...):
Info: Registering menu class: 'VIEW3D_MT_blenderkit_model_properties', bl_idname 'VIEW3D_MT_blenderkit_model_properties' has been registered before, unregistering previous
register_class(...):
Info: Registering panel class: 'NODE_PT_blenderkit_material_properties', bl_idname 'NODE_PT_blenderkit_material_properties' has been registered before, unregistering previous
register_class(...):
Info: Registering operator class: 'OpenBlenderKitDiscord', bl_idname 'wm.blenderkit_join_discord' has been registered before, unregistering previous
register_class(...):
Info: Registering operator class: 'CopyEnvironmentInfo', bl_idname 'wm.blenderkit_copy_environment_info' has been registered before, unregistering previous
register_class(...):
Info: Registering operator class: 'ReportBug', bl_idname 'wm.blenderkit_report_bug' has been registered before, unregistering previous
register_class(...):
Info: Registering operator class: 'OpenSystemDirectory', bl_idname 'wm.blenderkit_open_system_directory' has been registered before, unregistering previous
register_class(...):
Info: Registering operator class: 'OpenAssetDirectory', bl_idname 'wm.blenderkit_open_asset_directory' has been registered before, unregistering previous
register_class(...):
Info: Registering operator class: 'OpenAddonDirectory', bl_idname 'wm.blenderkit_open_addon_directory' has been registered before, unregistering previous
register_class(...):
Info: Registering operator class: 'OpenGlobalDirectory', bl_idname 'wm.blenderkit_open_global_directory' has been registered before, unregistering previous
register_class(...):
Info: Registering operator class: 'OpenClientLog', bl_idname 'wm.blenderkit_open_client_log' has been registered before, unregistering previous
register_class(...):
Info: Registering operator class: 'OpenTempDirectory', bl_idname 'wm.blenderkit_open_temp_directory' has been registered before, unregistering previous
register_class(...):
Info: Registering panel class: 'VIEW3D_PT_blenderkit_downloads', bl_idname 'VIEW3D_PT_blenderkit_downloads' has been registered before, unregistering previous
register_class(...):
Info: Registering menu class: 'OBJECT_MT_blenderkit_asset_menu', bl_idname 'OBJECT_MT_blenderkit_asset_menu' has been registered before, unregistering previous
register_class(...):
Info: Registering menu class: 'OBJECT_MT_blenderkit_login_menu', bl_idname 'OBJECT_MT_blenderkit_login_menu' has been registered before, unregistering previous
register_class(...):
Info: Registering operator class: 'AssetPopupCard', bl_idname 'wm.blenderkit_asset_popup' has been registered before, unregistering previous
register_class(...):
Info: Registering operator class: 'PopupDialog', bl_idname 'wm.blenderkit_popup_dialog' has been registered before, unregistering previous
register_class(...):
Info: Registering operator class: 'UrlPopupDialog', bl_idname 'wm.blenderkit_url_dialog' has been registered before, unregistering previous
register_class(...):
Info: Registering operator class: 'ClosePopupButton', bl_idname 'view3d.close_popup_button' has been registered before, unregistering previous
register_class(...):
Info: Registering operator class: 'BlenderKitWelcomeOperator', bl_idname 'wm.blenderkit_welcome' has been registered before, unregistering previous
register_class(...):
Info: Registering operator class: 'MarkNotificationRead', bl_idname 'wm.blenderkit_mark_notification_read' has been registered before, unregistering previous
register_class(...):
Info: Registering operator class: 'UpvoteComment', bl_idname 'wm.blenderkit_upvote_comment' has been registered before, unregistering previous
register_class(...):
Info: Registering operator class: 'SetPrivateComment', bl_idname 'wm.blenderkit_is_private_comment' has been registered before, unregistering previous
register_class(...):
Info: Registering operator class: 'PostComment', bl_idname 'wm.blenderkit_post_comment' has been registered before, unregistering previous
register_class(...):
Info: Registering operator class: 'ShowNotifications', bl_idname 'wm.show_notifications' has been registered before, unregistering previous
register_class(...):
Info: Registering operator class: 'LogoStatus', bl_idname 'wm.logo_status' has been registered before, unregistering previous
register_class(...):
Info: Registering operator class: 'NotificationOpenTarget', bl_idname 'wm.blenderkit_open_notification_target' has been registered before, unregistering previous
register_class(...):
Info: Registering operator class: 'MarkAllNotificationsRead', bl_idname 'wm.blenderkit_mark_notifications_read_all' has been registered before, unregistering previous
register_class(...):
Info: Registering operator class: 'LoginPopupDialog', bl_idname 'wm.blenderkit_login_dialog' has been registered before, unregistering previous
register_class(...):
Info: Registering operator class: 'NodegroupDropDialog', bl_idname 'wm.blenderkit_nodegroup_drop_dialog' has been registered before, unregistering previous
register_class(...):
Info: Registering operator class: 'KillBgProcess', bl_idname 'object.kill_bg_process' has been registered before, unregistering previous
register_class(...):
Info: Registering operator class: 'BringToScene', bl_idname 'object.blenderkit_bring_to_scene' has been registered before, unregistering previous
register_class(...):
Info: Registering operator class: 'ColorCorrector', bl_idname 'object.blenderkit_color_corrector' has been registered before, unregistering previous
register_class(...):
Info: Registering operator class: 'LoginOnline', bl_idname 'wm.blenderkit_login' has been registered before, unregistering previous
register_class(...):
Info: Registering operator class: 'CancelLoginOnline', bl_idname 'wm.blenderkit_login_cancel' has been registered before, unregistering previous
register_class(...):
Info: Registering operator class: 'Logout', bl_idname 'wm.blenderkit_logout' has been registered before, unregistering previous
register_class(...):
Info: Registering operator class: 'BlenderKitAssetBarOperator', bl_idname 'view3d.blenderkit_asset_bar_widget' has been registered before, unregistering previous
register_class(...):
Info: Registering operator class: 'AssetDragOperator', bl_idname 'view3d.asset_drag_drop' has been registered before, unregistering previous
register_class(...):
Info: Registering operator class: 'DownloadGizmoOperator', bl_idname 'view3d.blenderkit_download_gizmo_widget' has been registered before, unregistering previous
register_class(...):
Info: Registering operator class: 'BlenderKitDisclaimerOperator', bl_idname 'view3d.blenderkit_disclaimer_widget' has been registered before, unregistering previous
register_class(...):
Info: Registering operator class: 'BlenderKitMSStoreWarningOperator', bl_idname 'wm.blenderkit_ms_store_warning' has been registered before, unregistering previous
Created history step 1a6c4a52-5715-49e4-a054-f8e0bc5008e8
ℹ️  blendkit: Created new search history step [15:40:51.239, search.py:2741]
ℹ️  blendkit: No temporarily enabled addons to clean up [15:40:51.240, download.py:431]
Created history step 9e5f4e15-67ca-4116-a32a-7f9d0a7de901
ℹ️  blendkit: Created new search history step [15:40:51.240, search.py:2741]
ℹ️  blendkit: No temporarily enabled addons to clean up [15:40:51.240, download.py:431]
00:02.000  blend            | Read blend: "C:\Users\sekip\Desktop\POVU-Kenya-FMCG-Campus\output\rev005-facility-gated\F08_bottle_blow\R02\F08_R02_STAGED.blend"
ℹ️  blendkit: No temporarily enabled addons to clean up [15:40:51.770, download.py:431]
ℹ️  blendkit: No temporarily enabled addons to clean up [15:40:51.774, download.py:431]
F08_R02_RENDER_BEGIN A_001
00:13.859  render           | Saved: 'C:\Users\sekip\Desktop\POVU-Kenya-FMCG-Campus\output\rev005-facility-gated\F08_bottle_blow\R02\candidates\A\A_001_900x600.png'
F08_R02_RENDER_END A_001 True hits 0
F08_R02_RENDER_BEGIN A_002
00:15.953  render           | Saved: 'C:\Users\sekip\Desktop\POVU-Kenya-FMCG-Campus\output\rev005-facility-gated\F08_bottle_blow\R02\candidates\A\A_002_900x600.png'
F08_R02_RENDER_END A_002 True hits 0
F08_R02_RENDER_BEGIN A_003
00:17.937  render           | Saved: 'C:\Users\sekip\Desktop\POVU-Kenya-FMCG-Campus\output\rev005-facility-gated\F08_bottle_blow\R02\candidates\A\A_003_900x600.png'
F08_R02_RENDER_END A_003 True hits 0
F08_R02_RENDER_BEGIN A_004
00:19.859  render           | Saved: 'C:\Users\sekip\Desktop\POVU-Kenya-FMCG-Campus\output\rev005-facility-gated\F08_bottle_blow\R02\candidates\A\A_004_900x600.png'
F08_R02_RENDER_END A_004 True hits 0
F08_R02_RENDER_BEGIN A_005
00:21.781  render           | Saved: 'C:\Users\sekip\Desktop\POVU-Kenya-FMCG-Campus\output\rev005-facility-gated\F08_bottle_blow\R02\candidates\A\A_005_900x600.png'
F08_R02_RENDER_END A_005 True hits 0
F08_R02_RENDER_BEGIN A_006
00:23.812  render           | Saved: 'C:\Users\sekip\Desktop\POVU-Kenya-FMCG-Campus\output\rev005-facility-gated\F08_bottle_blow\R02\candidates\A\A_006_900x600.png'
F08_R02_RENDER_END A_006 True hits 0
F08_R02_RENDER_BEGIN A_007
00:26.172  render           | Saved: 'C:\Users\sekip\Desktop\POVU-Kenya-FMCG-Campus\output\rev005-facility-gated\F08_bottle_blow\R02\candidates\A\A_007_900x600.png'
F08_R02_RENDER_END A_007 True hits 0
F08_R02_RENDER_BEGIN A_008
00:28.406  render           | Saved: 'C:\Users\sekip\Desktop\POVU-Kenya-FMCG-Campus\output\rev005-facility-gated\F08_bottle_blow\R02\candidates\A\A_008_900x600.png'
F08_R02_RENDER_END A_008 True hits 0
F08_R02_RENDER_BEGIN A_009
00:30.547  render           | Saved: 'C:\Users\sekip\Desktop\POVU-Kenya-FMCG-Campus\output\rev005-facility-gated\F08_bottle_blow\R02\candidates\A\A_009_900x600.png'
F08_R02_RENDER_END A_009 True hits 0
F08_R02_RENDER_BEGIN A_010
00:32.516  render           | Saved: 'C:\Users\sekip\Desktop\POVU-Kenya-FMCG-Campus\output\rev005-facility-gated\F08_bottle_blow\R02\candidates\A\A_010_900x600.png'
F08_R02_RENDER_END A_010 True hits 0
F08_R02_RENDER_BEGIN A_011
00:34.531  render           | Saved: 'C:\Users\sekip\Desktop\POVU-Kenya-FMCG-Campus\output\rev005-facility-gated\F08_bottle_blow\R02\candidates\A\A_011_900x600.png'
F08_R02_RENDER_END A_011 True hits 0
F08_R02_RENDER_BEGIN A_012
00:36.453  render           | Saved: 'C:\Users\sekip\Desktop\POVU-Kenya-FMCG-Campus\output\rev005-facility-gated\F08_bottle_blow\R02\candidates\A\A_012_900x600.png'
F08_R02_RENDER_END A_012 True hits 0
F08_R02_RENDER_BEGIN A_013
00:38.969  render           | Saved: 'C:\Users\sekip\Desktop\POVU-Kenya-FMCG-Campus\output\rev005-facility-gated\F08_bottle_blow\R02\candidates\A\A_013_900x600.png'
F08_R02_RENDER_END A_013 True hits 0
F08_R02_RENDER_BEGIN A_014
00:41.281  render           | Saved: 'C:\Users\sekip\Desktop\POVU-Kenya-FMCG-Campus\output\rev005-facility-gated\F08_bottle_blow\R02\candidates\A\A_014_900x600.png'
F08_R02_RENDER_END A_014 True hits 0
F08_R02_RENDER_BEGIN A_015
00:43.453  render           | Saved: 'C:\Users\sekip\Desktop\POVU-Kenya-FMCG-Campus\output\rev005-facility-gated\F08_bottle_blow\R02\candidates\A\A_015_900x600.png'
F08_R02_RENDER_END A_015 True hits 0
F08_R02_RENDER_BEGIN A_016
00:45.562  render           | Saved: 'C:\Users\sekip\Desktop\POVU-Kenya-FMCG-Campus\output\rev005-facility-gated\F08_bottle_blow\R02\candidates\A\A_016_900x600.png'
F08_R02_RENDER_END A_016 True hits 0
F08_R02_RENDER_BEGIN A_017
00:47.609  render           | Saved: 'C:\Users\sekip\Desktop\POVU-Kenya-FMCG-Campus\output\rev005-facility-gated\F08_bottle_blow\R02\candidates\A\A_017_900x600.png'
F08_R02_RENDER_END A_017 True hits 0
F08_R02_RENDER_BEGIN A_018
00:49.578  render           | Saved: 'C:\Users\sekip\Desktop\POVU-Kenya-FMCG-Campus\output\rev005-facility-gated\F08_bottle_blow\R02\candidates\A\A_018_900x600.png'
F08_R02_RENDER_END A_018 True hits 0
F08_R02_RENDER_BEGIN A_019
00:51.781  render           | Saved: 'C:\Users\sekip\Desktop\POVU-Kenya-FMCG-Campus\output\rev005-facility-gated\F08_bottle_blow\R02\candidates\A\A_019_900x600.png'
F08_R02_RENDER_END A_019 True hits 0
F08_R02_RENDER_BEGIN A_020
00:54.141  render           | Saved: 'C:\Users\sekip\Desktop\POVU-Kenya-FMCG-Campus\output\rev005-facility-gated\F08_bottle_blow\R02\candidates\A\A_020_900x600.png'
F08_R02_RENDER_END A_020 True hits 0
F08_R02_RENDER_BEGIN A_021
00:56.219  render           | Saved: 'C:\Users\sekip\Desktop\POVU-Kenya-FMCG-Campus\output\rev005-facility-gated\F08_bottle_blow\R02\candidates\A\A_021_900x600.png'
F08_R02_RENDER_END A_021 True hits 0
F08_R02_RENDER_BEGIN A_022
00:58.422  render           | Saved: 'C:\Users\sekip\Desktop\POVU-Kenya-FMCG-Campus\output\rev005-facility-gated\F08_bottle_blow\R02\candidates\A\A_022_900x600.png'
F08_R02_RENDER_END A_022 True hits 0
F08_R02_RENDER_BEGIN A_023
01:00.500  render           | Saved: 'C:\Users\sekip\Desktop\POVU-Kenya-FMCG-Campus\output\rev005-facility-gated\F08_bottle_blow\R02\candidates\A\A_023_900x600.png'
F08_R02_RENDER_END A_023 True hits 0
F08_R02_RENDER_BEGIN A_024
01:02.609  render           | Saved: 'C:\Users\sekip\Desktop\POVU-Kenya-FMCG-Campus\output\rev005-facility-gated\F08_bottle_blow\R02\candidates\A\A_024_900x600.png'
F08_R02_RENDER_END A_024 True hits 0
F08_R02_RENDER_BEGIN B_001
01:04.656  render           | Saved: 'C:\Users\sekip\Desktop\POVU-Kenya-FMCG-Campus\output\rev005-facility-gated\F08_bottle_blow\R02\candidates\B\B_001_900x600.png'
F08_R02_RENDER_END B_001 True hits 0
F08_R02_RENDER_BEGIN B_002
01:06.609  render           | Saved: 'C:\Users\sekip\Desktop\POVU-Kenya-FMCG-Campus\output\rev005-facility-gated\F08_bottle_blow\R02\candidates\B\B_002_900x600.png'
F08_R02_RENDER_END B_002 True hits 0
F08_R02_RENDER_BEGIN B_003
01:08.437  render           | Saved: 'C:\Users\sekip\Desktop\POVU-Kenya-FMCG-Campus\output\rev005-facility-gated\F08_bottle_blow\R02\candidates\B\B_003_900x600.png'
F08_R02_RENDER_END B_003 True hits 0
F08_R02_RENDER_BEGIN B_004
01:10.328  render           | Saved: 'C:\Users\sekip\Desktop\POVU-Kenya-FMCG-Campus\output\rev005-facility-gated\F08_bottle_blow\R02\candidates\B\B_004_900x600.png'
F08_R02_RENDER_END B_004 True hits 0
F08_R02_RENDER_BEGIN B_005
01:12.078  render           | Saved: 'C:\Users\sekip\Desktop\POVU-Kenya-FMCG-Campus\output\rev005-facility-gated\F08_bottle_blow\R02\candidates\B\B_005_900x600.png'
F08_R02_RENDER_END B_005 True hits 0
F08_R02_RENDER_BEGIN B_006
01:13.891  render           | Saved: 'C:\Users\sekip\Desktop\POVU-Kenya-FMCG-Campus\output\rev005-facility-gated\F08_bottle_blow\R02\candidates\B\B_006_900x600.png'
F08_R02_RENDER_END B_006 True hits 0
F08_R02_RENDER_BEGIN B_007
01:16.047  render           | Saved: 'C:\Users\sekip\Desktop\POVU-Kenya-FMCG-Campus\output\rev005-facility-gated\F08_bottle_blow\R02\candidates\B\B_007_900x600.png'
F08_R02_RENDER_END B_007 True hits 0
F08_R02_RENDER_BEGIN B_008
01:18.297  render           | Saved: 'C:\Users\sekip\Desktop\POVU-Kenya-FMCG-Campus\output\rev005-facility-gated\F08_bottle_blow\R02\candidates\B\B_008_900x600.png'
F08_R02_RENDER_END B_008 True hits 0
F08_R02_RENDER_BEGIN B_009
01:20.203  render           | Saved: 'C:\Users\sekip\Desktop\POVU-Kenya-FMCG-Campus\output\rev005-facility-gated\F08_bottle_blow\R02\candidates\B\B_009_900x600.png'
F08_R02_RENDER_END B_009 True hits 0
F08_R02_RENDER_BEGIN B_010
01:22.156  render           | Saved: 'C:\Users\sekip\Desktop\POVU-Kenya-FMCG-Campus\output\rev005-facility-gated\F08_bottle_blow\R02\candidates\B\B_010_900x600.png'
F08_R02_RENDER_END B_010 True hits 0
F08_R02_RENDER_BEGIN B_011
01:24.047  render           | Saved: 'C:\Users\sekip\Desktop\POVU-Kenya-FMCG-Campus\output\rev005-facility-gated\F08_bottle_blow\R02\candidates\B\B_011_900x600.png'
F08_R02_RENDER_END B_011 True hits 0
F08_R02_RENDER_BEGIN B_012
01:26.297  render           | Saved: 'C:\Users\sekip\Desktop\POVU-Kenya-FMCG-Campus\output\rev005-facility-gated\F08_bottle_blow\R02\candidates\B\B_012_900x600.png'
F08_R02_RENDER_END B_012 True hits 0
F08_R02_RENDER_BEGIN B_013
01:29.578  render           | Saved: 'C:\Users\sekip\Desktop\POVU-Kenya-FMCG-Campus\output\rev005-facility-gated\F08_bottle_blow\R02\candidates\B\B_013_900x600.png'
F08_R02_RENDER_END B_013 True hits 0
F08_R02_RENDER_BEGIN B_014
01:32.766  render           | Saved: 'C:\Users\sekip\Desktop\POVU-Kenya-FMCG-Campus\output\rev005-facility-gated\F08_bottle_blow\R02\candidates\B\B_014_900x600.png'
F08_R02_RENDER_END B_014 True hits 0
F08_R02_RENDER_BEGIN B_015
01:35.875  render           | Saved: 'C:\Users\sekip\Desktop\POVU-Kenya-FMCG-Campus\output\rev005-facility-gated\F08_bottle_blow\R02\candidates\B\B_015_900x600.png'
F08_R02_RENDER_END B_015 True hits 0
F08_R02_RENDER_BEGIN B_016
01:39.078  render           | Saved: 'C:\Users\sekip\Desktop\POVU-Kenya-FMCG-Campus\output\rev005-facility-gated\F08_bottle_blow\R02\candidates\B\B_016_900x600.png'
F08_R02_RENDER_END B_016 True hits 0
F08_R02_RENDER_BEGIN B_017
01:42.297  render           | Saved: 'C:\Users\sekip\Desktop\POVU-Kenya-FMCG-Campus\output\rev005-facility-gated\F08_bottle_blow\R02\candidates\B\B_017_900x600.png'
F08_R02_RENDER_END B_017 True hits 0
F08_R02_RENDER_BEGIN B_018
01:45.422  render           | Saved: 'C:\Users\sekip\Desktop\POVU-Kenya-FMCG-Campus\output\rev005-facility-gated\F08_bottle_blow\R02\candidates\B\B_018_900x600.png'
F08_R02_RENDER_END B_018 True hits 0
F08_R02_RENDER_BEGIN B_019
01:48.797  render           | Saved: 'C:\Users\sekip\Desktop\POVU-Kenya-FMCG-Campus\output\rev005-facility-gated\F08_bottle_blow\R02\candidates\B\B_019_900x600.png'
F08_R02_RENDER_END B_019 True hits 0
F08_R02_RENDER_BEGIN B_020
01:52.187  render           | Saved: 'C:\Users\sekip\Desktop\POVU-Kenya-FMCG-Campus\output\rev005-facility-gated\F08_bottle_blow\R02\candidates\B\B_020_900x600.png'
F08_R02_RENDER_END B_020 True hits 0
F08_R02_RENDER_BEGIN B_021
01:55.437  render           | Saved: 'C:\Users\sekip\Desktop\POVU-Kenya-FMCG-Campus\output\rev005-facility-gated\F08_bottle_blow\R02\candidates\B\B_021_900x600.png'
F08_R02_RENDER_END B_021 True hits 0
F08_R02_RENDER_BEGIN B_022
01:58.734  render           | Saved: 'C:\Users\sekip\Desktop\POVU-Kenya-FMCG-Campus\output\rev005-facility-gated\F08_bottle_blow\R02\candidates\B\B_022_900x600.png'
F08_R02_RENDER_END B_022 True hits 0
F08_R02_RENDER_BEGIN B_023
02:02.031  render           | Saved: 'C:\Users\sekip\Desktop\POVU-Kenya-FMCG-Campus\output\rev005-facility-gated\F08_bottle_blow\R02\candidates\B\B_023_900x600.png'
F08_R02_RENDER_END B_023 True hits 0
F08_R02_RENDER_BEGIN B_024
02:05.109  render           | Saved: 'C:\Users\sekip\Desktop\POVU-Kenya-FMCG-Campus\output\rev005-facility-gated\F08_bottle_blow\R02\candidates\B\B_024_900x600.png'
F08_R02_RENDER_END B_024 True hits 0
F08_R02_RENDER_BEGIN C_001
02:08.469  render           | Saved: 'C:\Users\sekip\Desktop\POVU-Kenya-FMCG-Campus\output\rev005-facility-gated\F08_bottle_blow\R02\candidates\C\C_001_900x600.png'
F08_R02_RENDER_END C_001 True hits 0
F08_R02_RENDER_BEGIN C_002
02:11.422  render           | Saved: 'C:\Users\sekip\Desktop\POVU-Kenya-FMCG-Campus\output\rev005-facility-gated\F08_bottle_blow\R02\candidates\C\C_002_900x600.png'
F08_R02_RENDER_END C_002 True hits 0
F08_R02_RENDER_BEGIN C_003
02:14.422  render           | Saved: 'C:\Users\sekip\Desktop\POVU-Kenya-FMCG-Campus\output\rev005-facility-gated\F08_bottle_blow\R02\candidates\C\C_003_900x600.png'
F08_R02_RENDER_END C_003 True hits 0
F08_R02_RENDER_BEGIN C_004
02:17.281  render           | Saved: 'C:\Users\sekip\Desktop\POVU-Kenya-FMCG-Campus\output\rev005-facility-gated\F08_bottle_blow\R02\candidates\C\C_004_900x600.png'
F08_R02_RENDER_END C_004 True hits 0
F08_R02_RENDER_BEGIN C_005
02:20.234  render           | Saved: 'C:\Users\sekip\Desktop\POVU-Kenya-FMCG-Campus\output\rev005-facility-gated\F08_bottle_blow\R02\candidates\C\C_005_900x600.png'
F08_R02_RENDER_END C_005 True hits 0
F08_R02_RENDER_BEGIN C_006
02:23.312  render           | Saved: 'C:\Users\sekip\Desktop\POVU-Kenya-FMCG-Campus\output\rev005-facility-gated\F08_bottle_blow\R02\candidates\C\C_006_900x600.png'
F08_R02_RENDER_END C_006 True hits 0
F08_R02_RENDER_BEGIN C_007
02:26.359  render           | Saved: 'C:\Users\sekip\Desktop\POVU-Kenya-FMCG-Campus\output\rev005-facility-gated\F08_bottle_blow\R02\candidates\C\C_007_900x600.png'
F08_R02_RENDER_END C_007 True hits 0
F08_R02_RENDER_BEGIN C_008
02:29.391  render           | Saved: 'C:\Users\sekip\Desktop\POVU-Kenya-FMCG-Campus\output\rev005-facility-gated\F08_bottle_blow\R02\candidates\C\C_008_900x600.png'
F08_R02_RENDER_END C_008 True hits 0
F08_R02_RENDER_BEGIN C_009
02:32.328  render           | Saved: 'C:\Users\sekip\Desktop\POVU-Kenya-FMCG-Campus\output\rev005-facility-gated\F08_bottle_blow\R02\candidates\C\C_009_900x600.png'
F08_R02_RENDER_END C_009 True hits 0
F08_R02_RENDER_BEGIN C_010
02:35.344  render           | Saved: 'C:\Users\sekip\Desktop\POVU-Kenya-FMCG-Campus\output\rev005-facility-gated\F08_bottle_blow\R02\candidates\C\C_010_900x600.png'
F08_R02_RENDER_END C_010 True hits 0
F08_R02_RENDER_BEGIN C_011
02:38.359  render           | Saved: 'C:\Users\sekip\Desktop\POVU-Kenya-FMCG-Campus\output\rev005-facility-gated\F08_bottle_blow\R02\candidates\C\C_011_900x600.png'
F08_R02_RENDER_END C_011 True hits 0
F08_R02_RENDER_BEGIN C_012
02:41.391  render           | Saved: 'C:\Users\sekip\Desktop\POVU-Kenya-FMCG-Campus\output\rev005-facility-gated\F08_bottle_blow\R02\candidates\C\C_012_900x600.png'
F08_R02_RENDER_END C_012 True hits 0
F08_R02_RENDER_BEGIN C_013
02:44.406  render           | Saved: 'C:\Users\sekip\Desktop\POVU-Kenya-FMCG-Campus\output\rev005-facility-gated\F08_bottle_blow\R02\candidates\C\C_013_900x600.png'
F08_R02_RENDER_END C_013 True hits 0
F08_R02_RENDER_BEGIN C_014
02:47.234  render           | Saved: 'C:\Users\sekip\Desktop\POVU-Kenya-FMCG-Campus\output\rev005-facility-gated\F08_bottle_blow\R02\candidates\C\C_014_900x600.png'
F08_R02_RENDER_END C_014 True hits 0
F08_R02_RENDER_BEGIN C_015
02:50.234  render           | Saved: 'C:\Users\sekip\Desktop\POVU-Kenya-FMCG-Campus\output\rev005-facility-gated\F08_bottle_blow\R02\candidates\C\C_015_900x600.png'
F08_R02_RENDER_END C_015 True hits 0
F08_R02_RENDER_BEGIN C_016
02:53.141  render           | Saved: 'C:\Users\sekip\Desktop\POVU-Kenya-FMCG-Campus\output\rev005-facility-gated\F08_bottle_blow\R02\candidates\C\C_016_900x600.png'
F08_R02_RENDER_END C_016 True hits 0
F08_R02_RENDER_BEGIN C_017
02:56.156  render           | Saved: 'C:\Users\sekip\Desktop\POVU-Kenya-FMCG-Campus\output\rev005-facility-gated\F08_bottle_blow\R02\candidates\C\C_017_900x600.png'
F08_R02_RENDER_END C_017 True hits 0
F08_R02_RENDER_BEGIN C_018
02:59.359  render           | Saved: 'C:\Users\sekip\Desktop\POVU-Kenya-FMCG-Campus\output\rev005-facility-gated\F08_bottle_blow\R02\candidates\C\C_018_900x600.png'
F08_R02_RENDER_END C_018 True hits 0
F08_R02_RENDER_BEGIN C_019
03:02.312  render           | Saved: 'C:\Users\sekip\Desktop\POVU-Kenya-FMCG-Campus\output\rev005-facility-gated\F08_bottle_blow\R02\candidates\C\C_019_900x600.png'
F08_R02_RENDER_END C_019 True hits 0
F08_R02_RENDER_BEGIN C_020
03:05.250  render           | Saved: 'C:\Users\sekip\Desktop\POVU-Kenya-FMCG-Campus\output\rev005-facility-gated\F08_bottle_blow\R02\candidates\C\C_020_900x600.png'
F08_R02_RENDER_END C_020 True hits 0
F08_R02_RENDER_BEGIN C_021
03:08.125  render           | Saved: 'C:\Users\sekip\Desktop\POVU-Kenya-FMCG-Campus\output\rev005-facility-gated\F08_bottle_blow\R02\candidates\C\C_021_900x600.png'
F08_R02_RENDER_END C_021 True hits 0
F08_R02_RENDER_BEGIN C_022
03:11.109  render           | Saved: 'C:\Users\sekip\Desktop\POVU-Kenya-FMCG-Campus\output\rev005-facility-gated\F08_bottle_blow\R02\candidates\C\C_022_900x600.png'
F08_R02_RENDER_END C_022 True hits 0
F08_R02_RENDER_BEGIN C_023
03:14.156  render           | Saved: 'C:\Users\sekip\Desktop\POVU-Kenya-FMCG-Campus\output\rev005-facility-gated\F08_bottle_blow\R02\candidates\C\C_023_900x600.png'
F08_R02_RENDER_END C_023 True hits 0
F08_R02_RENDER_BEGIN C_024
03:17.203  render           | Saved: 'C:\Users\sekip\Desktop\POVU-Kenya-FMCG-Campus\output\rev005-facility-gated\F08_bottle_blow\R02\candidates\C\C_024_900x600.png'
F08_R02_RENDER_END C_024 True hits 0
F08_R02_RENDER_BEGIN D_001
03:20.375  render           | Saved: 'C:\Users\sekip\Desktop\POVU-Kenya-FMCG-Campus\output\rev005-facility-gated\F08_bottle_blow\R02\candidates\D\D_001_900x600.png'
F08_R02_RENDER_END D_001 True hits 0
F08_R02_RENDER_BEGIN D_002
03:23.500  render           | Saved: 'C:\Users\sekip\Desktop\POVU-Kenya-FMCG-Campus\output\rev005-facility-gated\F08_bottle_blow\R02\candidates\D\D_002_900x600.png'
F08_R02_RENDER_END D_002 True hits 0
F08_R02_RENDER_BEGIN D_003
03:26.531  render           | Saved: 'C:\Users\sekip\Desktop\POVU-Kenya-FMCG-Campus\output\rev005-facility-gated\F08_bottle_blow\R02\candidates\D\D_003_900x600.png'
F08_R02_RENDER_END D_003 True hits 0
F08_R02_RENDER_BEGIN D_004
03:29.609  render           | Saved: 'C:\Users\sekip\Desktop\POVU-Kenya-FMCG-Campus\output\rev005-facility-gated\F08_bottle_blow\R02\candidates\D\D_004_900x600.png'
F08_R02_RENDER_END D_004 True hits 0
F08_R02_RENDER_BEGIN D_005
03:32.766  render           | Saved: 'C:\Users\sekip\Desktop\POVU-Kenya-FMCG-Campus\output\rev005-facility-gated\F08_bottle_blow\R02\candidates\D\D_005_900x600.png'
F08_R02_RENDER_END D_005 True hits 0
F08_R02_RENDER_BEGIN D_006
03:35.734  render           | Saved: 'C:\Users\sekip\Desktop\POVU-Kenya-FMCG-Campus\output\rev005-facility-gated\F08_bottle_blow\R02\candidates\D\D_006_900x600.png'
F08_R02_RENDER_END D_006 True hits 0
F08_R02_RENDER_BEGIN D_007
03:38.672  render           | Saved: 'C:\Users\sekip\Desktop\POVU-Kenya-FMCG-Campus\output\rev005-facility-gated\F08_bottle_blow\R02\candidates\D\D_007_900x600.png'
F08_R02_RENDER_END D_007 True hits 0
F08_R02_RENDER_BEGIN D_008
03:41.687  render           | Saved: 'C:\Users\sekip\Desktop\POVU-Kenya-FMCG-Campus\output\rev005-facility-gated\F08_bottle_blow\R02\candidates\D\D_008_900x600.png'
F08_R02_RENDER_END D_008 True hits 0
F08_R02_RENDER_BEGIN D_009
03:44.453  render           | Saved: 'C:\Users\sekip\Desktop\POVU-Kenya-FMCG-Campus\output\rev005-facility-gated\F08_bottle_blow\R02\candidates\D\D_009_900x600.png'
F08_R02_RENDER_END D_009 True hits 0
F08_R02_RENDER_BEGIN D_010
03:47.250  render           | Saved: 'C:\Users\sekip\Desktop\POVU-Kenya-FMCG-Campus\output\rev005-facility-gated\F08_bottle_blow\R02\candidates\D\D_010_900x600.png'
F08_R02_RENDER_END D_010 True hits 0
F08_R02_RENDER_BEGIN D_011
03:50.203  render           | Saved: 'C:\Users\sekip\Desktop\POVU-Kenya-FMCG-Campus\output\rev005-facility-gated\F08_bottle_blow\R02\candidates\D\D_011_900x600.png'
F08_R02_RENDER_END D_011 True hits 0
F08_R02_RENDER_BEGIN D_012
03:53.297  render           | Saved: 'C:\Users\sekip\Desktop\POVU-Kenya-FMCG-Campus\output\rev005-facility-gated\F08_bottle_blow\R02\candidates\D\D_012_900x600.png'
F08_R02_RENDER_END D_012 True hits 0
F08_R02_RENDER_BEGIN D_013
03:56.281  render           | Saved: 'C:\Users\sekip\Desktop\POVU-Kenya-FMCG-Campus\output\rev005-facility-gated\F08_bottle_blow\R02\candidates\D\D_013_900x600.png'
F08_R02_RENDER_END D_013 True hits 0
F08_R02_RENDER_BEGIN D_014
03:59.766  render           | Saved: 'C:\Users\sekip\Desktop\POVU-Kenya-FMCG-Campus\output\rev005-facility-gated\F08_bottle_blow\R02\candidates\D\D_014_900x600.png'
F08_R02_RENDER_END D_014 True hits 0
F08_R02_RENDER_BEGIN D_015
04:03.469  render           | Saved: 'C:\Users\sekip\Desktop\POVU-Kenya-FMCG-Campus\output\rev005-facility-gated\F08_bottle_blow\R02\candidates\D\D_015_900x600.png'
F08_R02_RENDER_END D_015 True hits 0
F08_R02_RENDER_BEGIN D_016
04:07.281  render           | Saved: 'C:\Users\sekip\Desktop\POVU-Kenya-FMCG-Campus\output\rev005-facility-gated\F08_bottle_blow\R02\candidates\D\D_016_900x600.png'
F08_R02_RENDER_END D_016 True hits 0
F08_R02_RENDER_BEGIN D_017
04:10.594  render           | Saved: 'C:\Users\sekip\Desktop\POVU-Kenya-FMCG-Campus\output\rev005-facility-gated\F08_bottle_blow\R02\candidates\D\D_017_900x600.png'
F08_R02_RENDER_END D_017 True hits 0
F08_R02_RENDER_BEGIN D_018
04:14.094  render           | Saved: 'C:\Users\sekip\Desktop\POVU-Kenya-FMCG-Campus\output\rev005-facility-gated\F08_bottle_blow\R02\candidates\D\D_018_900x600.png'
F08_R02_RENDER_END D_018 True hits 0
F08_R02_RENDER_BEGIN D_019
04:17.437  render           | Saved: 'C:\Users\sekip\Desktop\POVU-Kenya-FMCG-Campus\output\rev005-facility-gated\F08_bottle_blow\R02\candidates\D\D_019_900x600.png'
F08_R02_RENDER_END D_019 True hits 0
F08_R02_RENDER_BEGIN D_020
04:20.922  render           | Saved: 'C:\Users\sekip\Desktop\POVU-Kenya-FMCG-Campus\output\rev005-facility-gated\F08_bottle_blow\R02\candidates\D\D_020_900x600.png'
F08_R02_RENDER_END D_020 True hits 0
F08_R02_RENDER_BEGIN D_021
04:24.531  render           | Saved: 'C:\Users\sekip\Desktop\POVU-Kenya-FMCG-Campus\output\rev005-facility-gated\F08_bottle_blow\R02\candidates\D\D_021_900x600.png'
F08_R02_RENDER_END D_021 True hits 0
F08_R02_RENDER_BEGIN D_022
04:27.812  render           | Saved: 'C:\Users\sekip\Desktop\POVU-Kenya-FMCG-Campus\output\rev005-facility-gated\F08_bottle_blow\R02\candidates\D\D_022_900x600.png'
F08_R02_RENDER_END D_022 True hits 0
F08_R02_RENDER_BEGIN D_023
04:31.328  render           | Saved: 'C:\Users\sekip\Desktop\POVU-Kenya-FMCG-Campus\output\rev005-facility-gated\F08_bottle_blow\R02\candidates\D\D_023_900x600.png'
F08_R02_RENDER_END D_023 True hits 0
F08_R02_RENDER_BEGIN D_024
04:35.125  render           | Saved: 'C:\Users\sekip\Desktop\POVU-Kenya-FMCG-Campus\output\rev005-facility-gated\F08_bottle_blow\R02\candidates\D\D_024_900x600.png'
F08_R02_RENDER_END D_024 True hits 0
F08_R02_CAMERA_RENDER_BATCH_DONE 96
BlenderMCP addon unregistered
ℹ️  blendkit: Unregistering Blendkit add-on [15:45:24.517, __init__.py:3030]
Traceback (most recent call last):
  File "C:\Program Files\Blender Foundation\Blender 5.2\5.2\scripts\modules\addon_utils.py", line 595, in disable
    mod.unregister()
    ~~~~~~~~~~~~~~^^
  File "C:\Users\sekip\AppData\Roaming\Blender Foundation\Blender\5.2\extensions\user_default\blenderkit\__init__.py", line 3034, in unregister
    ui_panels.unregister_ui_panels()
    ~~~~~~~~~~~~~~~~~~~~~~~~~~~~~~^^
  File "C:\Users\sekip\AppData\Roaming\Blender Foundation\Blender\5.2\extensions\user_default\blenderkit\ui_panels.py", line 5019, in unregister_ui_panels
    bpy.utils.unregister_class(c)
    ~~~~~~~~~~~~~~~~~~~~~~~~~~^^^
RuntimeError: unregister_class(...):, missing bl_rna attribute from '_RNAMeta' instance (may not be registered)
Exception in module unregister(): 'C:\\Users\\sekip\\AppData\\Roaming\\Blender Foundation\\Blender\\5.2\\extensions\\user_default\\blenderkit\\__init__.py'
ℹ️  blendkit: Unregistering Blendkit add-on [15:45:24.528, __init__.py:3030]
ℹ️  blendkit: No temporarily enabled addons to clean up [15:45:24.529, download.py:431]
Blender 5.2.2 LTS (hash d13f752e3b9c built 2026-09-15 01:37:04)

Blender quit
